[0.395s] Invoking command in '/home/hiep0247/hiep_ros2/build/mec_mobile_gazebo': CMAKE_PREFIX_PATH=${CMAKE_PREFIX_PATH}:/home/hiep0247/hiep_ros2/install/mec_mobile_description1:/home/hiep0247/hiep_ros2/install/mec_mobile_description:/home/hiep0247/hiep_ros2/install/hiep_robot2:/home/hiep0247/hiep_ros2/install/agv_hmi:/home/hiep0247/hiep_ros2/install/agv_fleet_domains:/home/hiep0247/hiep_ros2/install/agv_fleet:/opt/ros/jazzy DEBUGINFOD_URLS=https://debuginfod.ubuntu.com /usr/bin/cmake --build /home/hiep0247/hiep_ros2/build/mec_mobile_gazebo -- -j16 -l16
[0.431s] Invoked command in '/home/hiep0247/hiep_ros2/build/mec_mobile_gazebo' returned '0': CMAKE_PREFIX_PATH=${CMAKE_PREFIX_PATH}:/home/hiep0247/hiep_ros2/install/mec_mobile_description1:/home/hiep0247/hiep_ros2/install/mec_mobile_description:/home/hiep0247/hiep_ros2/install/hiep_robot2:/home/hiep0247/hiep_ros2/install/agv_hmi:/home/hiep0247/hiep_ros2/install/agv_fleet_domains:/home/hiep0247/hiep_ros2/install/agv_fleet:/opt/ros/jazzy DEBUGINFOD_URLS=https://debuginfod.ubuntu.com /usr/bin/cmake --build /home/hiep0247/hiep_ros2/build/mec_mobile_gazebo -- -j16 -l16
[0.432s] Invoking command in '/home/hiep0247/hiep_ros2/build/mec_mobile_gazebo': CMAKE_PREFIX_PATH=${CMAKE_PREFIX_PATH}:/home/hiep0247/hiep_ros2/install/mec_mobile_description1:/home/hiep0247/hiep_ros2/install/mec_mobile_description:/home/hiep0247/hiep_ros2/install/hiep_robot2:/home/hiep0247/hiep_ros2/install/agv_hmi:/home/hiep0247/hiep_ros2/install/agv_fleet_domains:/home/hiep0247/hiep_ros2/install/agv_fleet:/opt/ros/jazzy DEBUGINFOD_URLS=https://debuginfod.ubuntu.com /usr/bin/cmake --install /home/hiep0247/hiep_ros2/build/mec_mobile_gazebo
[0.440s] -- Install configuration: ""
[0.441s] -- Execute custom install script
[0.442s] -- Symlinking: /home/hiep0247/hiep_ros2/install/mec_mobile_gazebo/share/mec_mobile_gazebo/launch/spawn_robot.launch.py
[0.454s] -- Symlinking: /home/hiep0247/hiep_ros2/install/mec_mobile_gazebo/share/mec_mobile_gazebo/launch/spawn_robot_bck260518.launch.py
[0.465s] -- Symlinking: /home/hiep0247/hiep_ros2/install/mec_mobile_gazebo/share/mec_mobile_gazebo/launch/world.launch.py
[0.475s] -- Symlinking: /home/hiep0247/hiep_ros2/install/mec_mobile_gazebo/share/mec_mobile_gazebo/worlds/5_room_v1.sdf
[0.483s] -- Symlinking: /home/hiep0247/hiep_ros2/install/mec_mobile_gazebo/share/mec_mobile_gazebo/worlds/empty.sdf
[0.490s] -- Symlinking: /home/hiep0247/hiep_ros2/install/mec_mobile_gazebo/share/mec_mobile_gazebo/worlds/world.sdf
[0.503s] -- Symlinking: /home/hiep0247/hiep_ros2/install/mec_mobile_gazebo/share/mec_mobile_gazebo/worlds/world_1.sdf
[0.513s] -- Symlinking: /home/hiep0247/hiep_ros2/install/mec_mobile_gazebo/share/mec_mobile_gazebo/worlds/world_bck260626.sdf
[0.523s] -- Symlinking: /home/hiep0247/hiep_ros2/install/mec_mobile_gazebo/share/mec_mobile_gazebo/worlds/world_v0.sdf
[0.530s] -- Symlinking: /home/hiep0247/hiep_ros2/install/mec_mobile_gazebo/share/mec_mobile_gazebo/worlds/world_v2.sdf
[0.540s] -- Symlinking: /home/hiep0247/hiep_ros2/install/mec_mobile_gazebo/share/mec_mobile_gazebo/worlds/world_v3.sdf
[0.549s] -- Symlinking: /home/hiep0247/hiep_ros2/install/mec_mobile_gazebo/share/ament_index/resource_index/package_run_dependencies/mec_mobile_gazebo
[0.558s] -- Symlinking: /home/hiep0247/hiep_ros2/install/mec_mobile_gazebo/share/ament_index/resource_index/parent_prefix_path/mec_mobile_gazebo
[0.568s] -- Symlinking: /home/hiep0247/hiep_ros2/install/mec_mobile_gazebo/share/mec_mobile_gazebo/environment/ament_prefix_path.sh
[0.576s] -- Symlinking: /home/hiep0247/hiep_ros2/install/mec_mobile_gazebo/share/mec_mobile_gazebo/environment/ament_prefix_path.dsv
[0.588s] -- Symlinking: /home/hiep0247/hiep_ros2/install/mec_mobile_gazebo/share/mec_mobile_gazebo/environment/path.sh
[0.603s] -- Symlinking: /home/hiep0247/hiep_ros2/install/mec_mobile_gazebo/share/mec_mobile_gazebo/environment/path.dsv
[0.619s] -- Symlinking: /home/hiep0247/hiep_ros2/install/mec_mobile_gazebo/share/mec_mobile_gazebo/local_setup.bash
[0.631s] -- Symlinking: /home/hiep0247/hiep_ros2/install/mec_mobile_gazebo/share/mec_mobile_gazebo/local_setup.sh
[0.640s] -- Symlinking: /home/hiep0247/hiep_ros2/install/mec_mobile_gazebo/share/mec_mobile_gazebo/local_setup.zsh
[0.653s] -- Symlinking: /home/hiep0247/hiep_ros2/install/mec_mobile_gazebo/share/mec_mobile_gazebo/local_setup.dsv
[0.666s] -- Symlinking: /home/hiep0247/hiep_ros2/install/mec_mobile_gazebo/share/mec_mobile_gazebo/package.dsv
[0.680s] -- Symlinking: /home/hiep0247/hiep_ros2/install/mec_mobile_gazebo/share/ament_index/resource_index/packages/mec_mobile_gazebo
[0.693s] -- Symlinking: /home/hiep0247/hiep_ros2/install/mec_mobile_gazebo/share/mec_mobile_gazebo/cmake/mec_mobile_gazeboConfig.cmake
[0.706s] -- Symlinking: /home/hiep0247/hiep_ros2/install/mec_mobile_gazebo/share/mec_mobile_gazebo/cmake/mec_mobile_gazeboConfig-version.cmake
[0.718s] -- Symlinking: /home/hiep0247/hiep_ros2/install/mec_mobile_gazebo/share/mec_mobile_gazebo/package.xml
