/home/hiep0247/hiep_ros2/install/agv_fleet/lib/python3.12/site-packages/agv_fleet/protocol.py
/home/hiep0247/hiep_ros2/install/agv_fleet/lib/python3.12/site-packages/agv_fleet/fleet_simulator.py
/home/hiep0247/hiep_ros2/install/agv_fleet/lib/python3.12/site-packages/agv_fleet/map_registry.py
/home/hiep0247/hiep_ros2/install/agv_fleet/lib/python3.12/site-packages/agv_fleet/fleet_agent.py
/home/hiep0247/hiep_ros2/install/agv_fleet/lib/python3.12/site-packages/agv_fleet/__init__.py
/home/hiep0247/hiep_ros2/install/agv_fleet/lib/python3.12/site-packages/agv_fleet/fleet_server.py
/home/hiep0247/hiep_ros2/install/agv_fleet/lib/python3.12/site-packages/agv_fleet/__pycache__/protocol.cpython-312.pyc
/home/hiep0247/hiep_ros2/install/agv_fleet/lib/python3.12/site-packages/agv_fleet/__pycache__/fleet_simulator.cpython-312.pyc
/home/hiep0247/hiep_ros2/install/agv_fleet/lib/python3.12/site-packages/agv_fleet/__pycache__/map_registry.cpython-312.pyc
/home/hiep0247/hiep_ros2/install/agv_fleet/lib/python3.12/site-packages/agv_fleet/__pycache__/fleet_agent.cpython-312.pyc
/home/hiep0247/hiep_ros2/install/agv_fleet/lib/python3.12/site-packages/agv_fleet/__pycache__/__init__.cpython-312.pyc
/home/hiep0247/hiep_ros2/install/agv_fleet/lib/python3.12/site-packages/agv_fleet/__pycache__/fleet_server.cpython-312.pyc
/home/hiep0247/hiep_ros2/install/agv_fleet/share/ament_index/resource_index/packages/agv_fleet
/home/hiep0247/hiep_ros2/install/agv_fleet/share/agv_fleet/package.xml
/home/hiep0247/hiep_ros2/install/agv_fleet/share/agv_fleet/launch/fleet_agent.launch.py
/home/hiep0247/hiep_ros2/install/agv_fleet/share/agv_fleet/launch/fleet_server.launch.py
/home/hiep0247/hiep_ros2/install/agv_fleet/share/agv_fleet/launch/fleet_simulator.launch.py
/home/hiep0247/hiep_ros2/install/agv_fleet/share/agv_fleet/config/pc2_agv002.yaml
/home/hiep0247/hiep_ros2/install/agv_fleet/share/agv_fleet/config/pc1_agv001.yaml
/home/hiep0247/hiep_ros2/install/agv_fleet/lib/python3.12/site-packages/agv_fleet-0.1.0-py3.12.egg-info/entry_points.txt
/home/hiep0247/hiep_ros2/install/agv_fleet/lib/python3.12/site-packages/agv_fleet-0.1.0-py3.12.egg-info/top_level.txt
/home/hiep0247/hiep_ros2/install/agv_fleet/lib/python3.12/site-packages/agv_fleet-0.1.0-py3.12.egg-info/dependency_links.txt
/home/hiep0247/hiep_ros2/install/agv_fleet/lib/python3.12/site-packages/agv_fleet-0.1.0-py3.12.egg-info/PKG-INFO
/home/hiep0247/hiep_ros2/install/agv_fleet/lib/python3.12/site-packages/agv_fleet-0.1.0-py3.12.egg-info/zip-safe
/home/hiep0247/hiep_ros2/install/agv_fleet/lib/python3.12/site-packages/agv_fleet-0.1.0-py3.12.egg-info/SOURCES.txt
/home/hiep0247/hiep_ros2/install/agv_fleet/lib/python3.12/site-packages/agv_fleet-0.1.0-py3.12.egg-info/requires.txt
/home/hiep0247/hiep_ros2/install/agv_fleet/lib/agv_fleet/fleet_agent
/home/hiep0247/hiep_ros2/install/agv_fleet/lib/agv_fleet/fleet_map_id
/home/hiep0247/hiep_ros2/install/agv_fleet/lib/agv_fleet/fleet_server
/home/hiep0247/hiep_ros2/install/agv_fleet/lib/agv_fleet/fleet_simulator
