[0.445s] Invoking command in '/home/hiep0247/hiep_ros2/build/mec_mobile_navigation': CMAKE_PREFIX_PATH=${CMAKE_PREFIX_PATH}:/home/hiep0247/hiep_ros2/install/hiep_robot2:/home/hiep0247/hiep_ros2/install/agv_hmi:/opt/ros/jazzy DEBUGINFOD_URLS=https://debuginfod.ubuntu.com /usr/bin/cmake /home/hiep0247/hiep_ros2/src/mec_mobile_navigation -DCMAKE_INSTALL_PREFIX=/home/hiep0247/hiep_ros2/install/mec_mobile_navigation
[0.525s] -- The C compiler identification is GNU 13.3.0
[0.596s] -- The CXX compiler identification is GNU 13.3.0
[0.623s] -- Detecting C compiler ABI info
[0.718s] -- Detecting C compiler ABI info - done
[0.723s] -- Check for working C compiler: /usr/bin/cc - skipped
[0.724s] -- Detecting C compile features
[0.724s] -- Detecting C compile features - done
[0.730s] -- Detecting CXX compiler ABI info
[0.842s] -- Detecting CXX compiler ABI info - done
[0.852s] -- Check for working CXX compiler: /usr/bin/c++ - skipped
[0.853s] -- Detecting CXX compile features
[0.855s] -- Detecting CXX compile features - done
[0.856s] -- Found ament_cmake: 2.5.6 (/opt/ros/jazzy/share/ament_cmake/cmake)
[1.002s] -- Found Python3: /usr/bin/python3 (found version "3.12.3") found components: Interpreter 
[1.135s] -- Found rclpy: 7.1.11 (/opt/ros/jazzy/share/rclpy/cmake)
[1.262s] -- Found ament_lint_auto: 0.17.5 (/opt/ros/jazzy/share/ament_lint_auto/cmake)
[1.395s] -- Added test 'flake8' to check Python code syntax and style conventions
[1.395s] -- Configured 'flake8' exclude dirs and/or files: 
[1.396s] -- Added test 'lint_cmake' to check CMake code style
[1.397s] -- Added test 'pep257' to check Python code against some of the docstring style conventions in PEP 257
[1.399s] -- Added test 'xmllint' to check XML markup files
[1.401s] -- Configuring done (0.9s)
[1.404s] -- Generating done (0.0s)
[1.405s] -- Build files have been written to: /home/hiep0247/hiep_ros2/build/mec_mobile_navigation
