[0.408s] Invoking command in '/home/hiep0247/hiep_ros2/build/sllidar_ros2': CMAKE_PREFIX_PATH=${CMAKE_PREFIX_PATH}:/home/hiep0247/hiep_ros2/install/hiep_robot2:/home/hiep0247/hiep_ros2/install/agv_hmi:/home/hiep0247/hiep_ros2/install/agv_fleet:/opt/ros/jazzy DEBUGINFOD_URLS=https://debuginfod.ubuntu.com /usr/bin/cmake --build /home/hiep0247/hiep_ros2/build/sllidar_ros2 -- -j12 -l12
[0.468s] [ 10%] Built target sllidar_client
[0.474s] [100%] Built target sllidar_node
[0.504s] Invoked command in '/home/hiep0247/hiep_ros2/build/sllidar_ros2' returned '0': CMAKE_PREFIX_PATH=${CMAKE_PREFIX_PATH}:/home/hiep0247/hiep_ros2/install/hiep_robot2:/home/hiep0247/hiep_ros2/install/agv_hmi:/home/hiep0247/hiep_ros2/install/agv_fleet:/opt/ros/jazzy DEBUGINFOD_URLS=https://debuginfod.ubuntu.com /usr/bin/cmake --build /home/hiep0247/hiep_ros2/build/sllidar_ros2 -- -j12 -l12
[0.505s] Invoking command in '/home/hiep0247/hiep_ros2/build/sllidar_ros2': CMAKE_PREFIX_PATH=${CMAKE_PREFIX_PATH}:/home/hiep0247/hiep_ros2/install/hiep_robot2:/home/hiep0247/hiep_ros2/install/agv_hmi:/home/hiep0247/hiep_ros2/install/agv_fleet:/opt/ros/jazzy DEBUGINFOD_URLS=https://debuginfod.ubuntu.com /usr/bin/cmake --install /home/hiep0247/hiep_ros2/build/sllidar_ros2
[0.516s] -- Install configuration: ""
[0.517s] -- Up-to-date: /home/hiep0247/hiep_ros2/install/sllidar_ros2/share/sllidar_ros2/launch
[0.517s] -- Up-to-date: /home/hiep0247/hiep_ros2/install/sllidar_ros2/share/sllidar_ros2/launch/sllidar_a2m12_launch .py
[0.517s] -- Up-to-date: /home/hiep0247/hiep_ros2/install/sllidar_ros2/share/sllidar_ros2/launch/view_sllidar_a1_launch.py
[0.517s] -- Up-to-date: /home/hiep0247/hiep_ros2/install/sllidar_ros2/share/sllidar_ros2/launch/view_sllidar_c1_launch.py
[0.517s] -- Up-to-date: /home/hiep0247/hiep_ros2/install/sllidar_ros2/share/sllidar_ros2/launch/sllidar_s2_launch.py
[0.517s] -- Up-to-date: /home/hiep0247/hiep_ros2/install/sllidar_ros2/share/sllidar_ros2/launch/sllidar_s1_tcp_launch.py
[0.517s] -- Up-to-date: /home/hiep0247/hiep_ros2/install/sllidar_ros2/share/sllidar_ros2/launch/sllidar_a3_launch.py
[0.517s] -- Up-to-date: /home/hiep0247/hiep_ros2/install/sllidar_ros2/share/sllidar_ros2/launch/sllidar_c1_launch.py
[0.517s] -- Up-to-date: /home/hiep0247/hiep_ros2/install/sllidar_ros2/share/sllidar_ros2/launch/view_sllidar_s2_launch.py
[0.517s] -- Up-to-date: /home/hiep0247/hiep_ros2/install/sllidar_ros2/share/sllidar_ros2/launch/sllidar_s1_launch.py
[0.517s] -- Up-to-date: /home/hiep0247/hiep_ros2/install/sllidar_ros2/share/sllidar_ros2/launch/view_sllidar_a3_launch.py
[0.517s] -- Up-to-date: /home/hiep0247/hiep_ros2/install/sllidar_ros2/share/sllidar_ros2/launch/sllidar_s2e_launch.py
[0.517s] -- Up-to-date: /home/hiep0247/hiep_ros2/install/sllidar_ros2/share/sllidar_ros2/launch/view_sllidar_t1_launch.py
[0.517s] -- Up-to-date: /home/hiep0247/hiep_ros2/install/sllidar_ros2/share/sllidar_ros2/launch/sllidar_a2m8_launch.py
[0.517s] -- Up-to-date: /home/hiep0247/hiep_ros2/install/sllidar_ros2/share/sllidar_ros2/launch/view_sllidar_a2m7_launch.py
[0.518s] -- Up-to-date: /home/hiep0247/hiep_ros2/install/sllidar_ros2/share/sllidar_ros2/launch/sllidar_a1_launch.py
[0.518s] -- Up-to-date: /home/hiep0247/hiep_ros2/install/sllidar_ros2/share/sllidar_ros2/launch/view_sllidar_s3_launch.py
[0.518s] -- Up-to-date: /home/hiep0247/hiep_ros2/install/sllidar_ros2/share/sllidar_ros2/launch/view_sllidar_a2m12_launch.py
[0.518s] -- Up-to-date: /home/hiep0247/hiep_ros2/install/sllidar_ros2/share/sllidar_ros2/launch/view_sllidar_s1_tcp_launch.py
[0.518s] -- Up-to-date: /home/hiep0247/hiep_ros2/install/sllidar_ros2/share/sllidar_ros2/launch/sllidar_a2m7_launch.py
[0.518s] -- Up-to-date: /home/hiep0247/hiep_ros2/install/sllidar_ros2/share/sllidar_ros2/launch/sllidar_s3_launch.py
[0.518s] -- Up-to-date: /home/hiep0247/hiep_ros2/install/sllidar_ros2/share/sllidar_ros2/launch/view_sllidar_s1_launch.py
[0.518s] -- Up-to-date: /home/hiep0247/hiep_ros2/install/sllidar_ros2/share/sllidar_ros2/launch/sllidar_t1_launch.py
[0.518s] -- Up-to-date: /home/hiep0247/hiep_ros2/install/sllidar_ros2/share/sllidar_ros2/launch/view_sllidar_a2m8_launch.py
[0.518s] -- Up-to-date: /home/hiep0247/hiep_ros2/install/sllidar_ros2/share/sllidar_ros2/launch/view_sllidar_s2e_launch.py
[0.518s] -- Up-to-date: /home/hiep0247/hiep_ros2/install/sllidar_ros2/share/sllidar_ros2/rviz
[0.518s] -- Up-to-date: /home/hiep0247/hiep_ros2/install/sllidar_ros2/share/sllidar_ros2/rviz/sllidar_ros2.rviz
[0.519s] -- Up-to-date: /home/hiep0247/hiep_ros2/install/sllidar_ros2/lib/sllidar_ros2/sllidar_node
[0.519s] -- Up-to-date: /home/hiep0247/hiep_ros2/install/sllidar_ros2/lib/sllidar_ros2/sllidar_client
[0.519s] -- Up-to-date: /home/hiep0247/hiep_ros2/install/sllidar_ros2/share/ament_index/resource_index/package_run_dependencies/sllidar_ros2
[0.519s] -- Up-to-date: /home/hiep0247/hiep_ros2/install/sllidar_ros2/share/ament_index/resource_index/parent_prefix_path/sllidar_ros2
[0.519s] -- Up-to-date: /home/hiep0247/hiep_ros2/install/sllidar_ros2/share/sllidar_ros2/environment/ament_prefix_path.sh
[0.519s] -- Up-to-date: /home/hiep0247/hiep_ros2/install/sllidar_ros2/share/sllidar_ros2/environment/ament_prefix_path.dsv
[0.519s] -- Up-to-date: /home/hiep0247/hiep_ros2/install/sllidar_ros2/share/sllidar_ros2/environment/path.sh
[0.519s] -- Up-to-date: /home/hiep0247/hiep_ros2/install/sllidar_ros2/share/sllidar_ros2/environment/path.dsv
[0.519s] -- Up-to-date: /home/hiep0247/hiep_ros2/install/sllidar_ros2/share/sllidar_ros2/local_setup.bash
[0.519s] -- Up-to-date: /home/hiep0247/hiep_ros2/install/sllidar_ros2/share/sllidar_ros2/local_setup.sh
[0.519s] -- Up-to-date: /home/hiep0247/hiep_ros2/install/sllidar_ros2/share/sllidar_ros2/local_setup.zsh
[0.520s] -- Up-to-date: /home/hiep0247/hiep_ros2/install/sllidar_ros2/share/sllidar_ros2/local_setup.dsv
[0.526s] -- Installing: /home/hiep0247/hiep_ros2/install/sllidar_ros2/share/sllidar_ros2/package.dsv
[0.532s] -- Up-to-date: /home/hiep0247/hiep_ros2/install/sllidar_ros2/share/ament_index/resource_index/packages/sllidar_ros2
[0.532s] -- Up-to-date: /home/hiep0247/hiep_ros2/install/sllidar_ros2/share/sllidar_ros2/cmake/ament_cmake_export_dependencies-extras.cmake
[0.532s] -- Up-to-date: /home/hiep0247/hiep_ros2/install/sllidar_ros2/share/sllidar_ros2/cmake/ament_cmake_export_include_directories-extras.cmake
[0.532s] -- Up-to-date: /home/hiep0247/hiep_ros2/install/sllidar_ros2/share/sllidar_ros2/cmake/sllidar_ros2Config.cmake
[0.532s] -- Up-to-date: /home/hiep0247/hiep_ros2/install/sllidar_ros2/share/sllidar_ros2/cmake/sllidar_ros2Config-version.cmake
[0.533s] -- Up-to-date: /home/hiep0247/hiep_ros2/install/sllidar_ros2/share/sllidar_ros2/package.xml
[0.533s] Invoked command in '/home/hiep0247/hiep_ros2/build/sllidar_ros2' returned '0': CMAKE_PREFIX_PATH=${CMAKE_PREFIX_PATH}:/home/hiep0247/hiep_ros2/install/hiep_robot2:/home/hiep0247/hiep_ros2/install/agv_hmi:/home/hiep0247/hiep_ros2/install/agv_fleet:/opt/ros/jazzy DEBUGINFOD_URLS=https://debuginfod.ubuntu.com /usr/bin/cmake --install /home/hiep0247/hiep_ros2/build/sllidar_ros2
