[1.096s] Invoking command in '/home/hiep0247/hiep_ros2/src/agv_fleet': DEBUGINFOD_URLS=https://debuginfod.ubuntu.com PYTHONPATH=/home/hiep0247/hiep_ros2/build/agv_fleet/prefix_override:/usr/lib/python3/dist-packages/colcon_core/task/python/colcon_distutils_commands:/home/hiep0247/hiep_ros2/install/agv_fleet/lib/python3.12/site-packages:${PYTHONPATH} /usr/bin/python3 -W ignore:setup.py install is deprecated -W ignore:easy_install command is deprecated setup.py egg_info --egg-base ../../build/agv_fleet build --build-base /home/hiep0247/hiep_ros2/build/agv_fleet/build install --record /home/hiep0247/hiep_ros2/build/agv_fleet/install.log --install-scripts $base/lib/agv_fleet --single-version-externally-managed install_data
[1.268s] running egg_info
[1.280s] writing ../../build/agv_fleet/agv_fleet.egg-info/PKG-INFO
[1.280s] writing dependency_links to ../../build/agv_fleet/agv_fleet.egg-info/dependency_links.txt
[1.280s] writing entry points to ../../build/agv_fleet/agv_fleet.egg-info/entry_points.txt
[1.280s] writing requirements to ../../build/agv_fleet/agv_fleet.egg-info/requires.txt
[1.280s] writing top-level names to ../../build/agv_fleet/agv_fleet.egg-info/top_level.txt
[1.304s] reading manifest file '../../build/agv_fleet/agv_fleet.egg-info/SOURCES.txt'
[1.304s] writing manifest file '../../build/agv_fleet/agv_fleet.egg-info/SOURCES.txt'
[1.305s] running build
[1.305s] running build_py
[1.305s] running install
[1.309s] running install_lib
[1.322s] running install_data
[1.322s] running install_egg_info
[1.335s] removing '/home/hiep0247/hiep_ros2/install/agv_fleet/lib/python3.12/site-packages/agv_fleet-0.1.0-py3.12.egg-info' (and everything under it)
[1.335s] Copying ../../build/agv_fleet/agv_fleet.egg-info to /home/hiep0247/hiep_ros2/install/agv_fleet/lib/python3.12/site-packages/agv_fleet-0.1.0-py3.12.egg-info
[1.336s] running install_scripts
[1.417s] Installing fleet_agent script to /home/hiep0247/hiep_ros2/install/agv_fleet/lib/agv_fleet
[1.417s] Installing fleet_map_id script to /home/hiep0247/hiep_ros2/install/agv_fleet/lib/agv_fleet
[1.417s] Installing fleet_server script to /home/hiep0247/hiep_ros2/install/agv_fleet/lib/agv_fleet
[1.417s] Installing fleet_simulator script to /home/hiep0247/hiep_ros2/install/agv_fleet/lib/agv_fleet
[1.417s] writing list of installed files to '/home/hiep0247/hiep_ros2/build/agv_fleet/install.log'
[1.442s] Invoked command in '/home/hiep0247/hiep_ros2/src/agv_fleet' returned '0': DEBUGINFOD_URLS=https://debuginfod.ubuntu.com PYTHONPATH=/home/hiep0247/hiep_ros2/build/agv_fleet/prefix_override:/usr/lib/python3/dist-packages/colcon_core/task/python/colcon_distutils_commands:/home/hiep0247/hiep_ros2/install/agv_fleet/lib/python3.12/site-packages:${PYTHONPATH} /usr/bin/python3 -W ignore:setup.py install is deprecated -W ignore:easy_install command is deprecated setup.py egg_info --egg-base ../../build/agv_fleet build --build-base /home/hiep0247/hiep_ros2/build/agv_fleet/build install --record /home/hiep0247/hiep_ros2/build/agv_fleet/install.log --install-scripts $base/lib/agv_fleet --single-version-externally-managed install_data
