-- Install configuration: ""
-- Up-to-date: /home/hiep0247/hiep_ros2/install/mec_mobile_description/share/mec_mobile_description/meshes
-- Up-to-date: /home/hiep0247/hiep_ros2/install/mec_mobile_description/share/mec_mobile_description/meshes/camera.stl
-- Up-to-date: /home/hiep0247/hiep_ros2/install/mec_mobile_description/share/mec_mobile_description/meshes/lidar.stl
-- Up-to-date: /home/hiep0247/hiep_ros2/install/mec_mobile_description/share/mec_mobile_description/meshes/robot_3d
-- Up-to-date: /home/hiep0247/hiep_ros2/install/mec_mobile_description/share/mec_mobile_description/meshes/robot_3d/visual
-- Up-to-date: /home/hiep0247/hiep_ros2/install/mec_mobile_description/share/mec_mobile_description/meshes/robot_3d/visual/laser_link.STL
-- Up-to-date: /home/hiep0247/hiep_ros2/install/mec_mobile_description/share/mec_mobile_description/meshes/robot_3d/visual/back_left_wheel_X3.STL
-- Up-to-date: /home/hiep0247/hiep_ros2/install/mec_mobile_description/share/mec_mobile_description/meshes/robot_3d/visual/back_right_wheel_X3.STL
-- Up-to-date: /home/hiep0247/hiep_ros2/install/mec_mobile_description/share/mec_mobile_description/meshes/robot_3d/visual/camera_link.STL
-- Up-to-date: /home/hiep0247/hiep_ros2/install/mec_mobile_description/share/mec_mobile_description/meshes/robot_3d/visual/front_left_wheel_X3.STL
-- Up-to-date: /home/hiep0247/hiep_ros2/install/mec_mobile_description/share/mec_mobile_description/meshes/robot_3d/visual/base_link_X3.STL
-- Up-to-date: /home/hiep0247/hiep_ros2/install/mec_mobile_description/share/mec_mobile_description/meshes/robot_3d/visual/front_right_wheel_X3.STL
-- Up-to-date: /home/hiep0247/hiep_ros2/install/mec_mobile_description/share/mec_mobile_description/meshes/wheel.stl
-- Up-to-date: /home/hiep0247/hiep_ros2/install/mec_mobile_description/share/mec_mobile_description/meshes/base.stl
-- Up-to-date: /home/hiep0247/hiep_ros2/install/mec_mobile_description/share/mec_mobile_description/meshes/imu.stl
-- Up-to-date: /home/hiep0247/hiep_ros2/install/mec_mobile_description/share/mec_mobile_description/meshes/intel_realsense
-- Up-to-date: /home/hiep0247/hiep_ros2/install/mec_mobile_description/share/mec_mobile_description/meshes/intel_realsense/visual
-- Up-to-date: /home/hiep0247/hiep_ros2/install/mec_mobile_description/share/mec_mobile_description/meshes/intel_realsense/visual/d435.stl
-- Up-to-date: /home/hiep0247/hiep_ros2/install/mec_mobile_description/share/mec_mobile_description/meshes/rplidar
-- Up-to-date: /home/hiep0247/hiep_ros2/install/mec_mobile_description/share/mec_mobile_description/meshes/rplidar/rplidar_s2.stl
-- Up-to-date: /home/hiep0247/hiep_ros2/install/mec_mobile_description/share/mec_mobile_description/meshes/rplidar/Lidar_tim.stl
-- Up-to-date: /home/hiep0247/hiep_ros2/install/mec_mobile_description/share/mec_mobile_description/meshes/robot_3d_v1
-- Up-to-date: /home/hiep0247/hiep_ros2/install/mec_mobile_description/share/mec_mobile_description/meshes/robot_3d_v1/Bản vẽ
-- Up-to-date: /home/hiep0247/hiep_ros2/install/mec_mobile_description/share/mec_mobile_description/meshes/robot_3d_v1/Bản vẽ/Camera.stl
-- Up-to-date: /home/hiep0247/hiep_ros2/install/mec_mobile_description/share/mec_mobile_description/meshes/robot_3d_v1/Bản vẽ/Imu.stl
-- Up-to-date: /home/hiep0247/hiep_ros2/install/mec_mobile_description/share/mec_mobile_description/meshes/robot_3d_v1/Bản vẽ/Lidar.stl
-- Up-to-date: /home/hiep0247/hiep_ros2/install/mec_mobile_description/share/mec_mobile_description/meshes/robot_3d_v1/Bản vẽ/Wheel_AGV.stl
-- Up-to-date: /home/hiep0247/hiep_ros2/install/mec_mobile_description/share/mec_mobile_description/meshes/robot_3d_v1/Bản vẽ/Base.stl
-- Up-to-date: /home/hiep0247/hiep_ros2/install/mec_mobile_description/share/mec_mobile_description/meshes/robot_3d_v1/Bản vẽ.zip
-- Up-to-date: /home/hiep0247/hiep_ros2/install/mec_mobile_description/share/mec_mobile_description/meshes/robot_3d_v1/Lidar_tim.stl
-- Up-to-date: /home/hiep0247/hiep_ros2/install/mec_mobile_description/share/mec_mobile_description/meshes/robot_3d_v1/Camera.stl
-- Up-to-date: /home/hiep0247/hiep_ros2/install/mec_mobile_description/share/mec_mobile_description/meshes/robot_3d_v1/Wheel_right.stl
-- Up-to-date: /home/hiep0247/hiep_ros2/install/mec_mobile_description/share/mec_mobile_description/meshes/robot_3d_v1/Imu.stl
-- Up-to-date: /home/hiep0247/hiep_ros2/install/mec_mobile_description/share/mec_mobile_description/meshes/robot_3d_v1/Wheel_left.stl
-- Up-to-date: /home/hiep0247/hiep_ros2/install/mec_mobile_description/share/mec_mobile_description/meshes/robot_3d_v1/Base.stl
-- Up-to-date: /home/hiep0247/hiep_ros2/install/mec_mobile_description/share/mec_mobile_description/urdf
-- Up-to-date: /home/hiep0247/hiep_ros2/install/mec_mobile_description/share/mec_mobile_description/urdf/sensors
-- Up-to-date: /home/hiep0247/hiep_ros2/install/mec_mobile_description/share/mec_mobile_description/urdf/sensors/lidar.urdf.xacro
-- Up-to-date: /home/hiep0247/hiep_ros2/install/mec_mobile_description/share/mec_mobile_description/urdf/sensors/imu.urdf.xacro
-- Up-to-date: /home/hiep0247/hiep_ros2/install/mec_mobile_description/share/mec_mobile_description/urdf/sensors/rgbd_camera.urdf.xacro
-- Up-to-date: /home/hiep0247/hiep_ros2/install/mec_mobile_description/share/mec_mobile_description/urdf/control
-- Up-to-date: /home/hiep0247/hiep_ros2/install/mec_mobile_description/share/mec_mobile_description/urdf/control/mec_mobile.gazebo
-- Up-to-date: /home/hiep0247/hiep_ros2/install/mec_mobile_description/share/mec_mobile_description/urdf/control/mec_mobile_v1.gazebo
-- Up-to-date: /home/hiep0247/hiep_ros2/install/mec_mobile_description/share/mec_mobile_description/urdf/mech
-- Up-to-date: /home/hiep0247/hiep_ros2/install/mec_mobile_description/share/mec_mobile_description/urdf/mech/robot_3d_base.urdf.xacro
-- Up-to-date: /home/hiep0247/hiep_ros2/install/mec_mobile_description/share/mec_mobile_description/urdf/mech/mecanum_wheel.urdf.xacro
-- Up-to-date: /home/hiep0247/hiep_ros2/install/mec_mobile_description/share/mec_mobile_description/urdf/robot.urdf.xacro
-- Up-to-date: /home/hiep0247/hiep_ros2/install/mec_mobile_description/share/mec_mobile_description/urdf/wheel.urdf.xacro
-- Up-to-date: /home/hiep0247/hiep_ros2/install/mec_mobile_description/share/mec_mobile_description/urdf/lidar.urdf.xacro
-- Up-to-date: /home/hiep0247/hiep_ros2/install/mec_mobile_description/share/mec_mobile_description/urdf/imu.urdf.xacro
-- Up-to-date: /home/hiep0247/hiep_ros2/install/mec_mobile_description/share/mec_mobile_description/urdf/materials.xacro
-- Up-to-date: /home/hiep0247/hiep_ros2/install/mec_mobile_description/share/mec_mobile_description/urdf/base.urdf.xacro
-- Up-to-date: /home/hiep0247/hiep_ros2/install/mec_mobile_description/share/mec_mobile_description/urdf/robots
-- Installing: /home/hiep0247/hiep_ros2/install/mec_mobile_description/share/mec_mobile_description/urdf/robots/robot_3d.urdf.xacro
-- Up-to-date: /home/hiep0247/hiep_ros2/install/mec_mobile_description/share/mec_mobile_description/urdf/robots/robot_3d_agv.urdf.xacro
-- Up-to-date: /home/hiep0247/hiep_ros2/install/mec_mobile_description/share/mec_mobile_description/launch
-- Up-to-date: /home/hiep0247/hiep_ros2/install/mec_mobile_description/share/mec_mobile_description/launch/display_urdf_v1.launch.py
-- Up-to-date: /home/hiep0247/hiep_ros2/install/mec_mobile_description/share/mec_mobile_description/launch/robot_state_publisher.launch.py
-- Up-to-date: /home/hiep0247/hiep_ros2/install/mec_mobile_description/share/mec_mobile_description/launch/check_urdf.launch.py
-- Up-to-date: /home/hiep0247/hiep_ros2/install/mec_mobile_description/share/mec_mobile_description/rviz
-- Up-to-date: /home/hiep0247/hiep_ros2/install/mec_mobile_description/share/mec_mobile_description/rviz/mec_mobile_description_agv.rviz
-- Up-to-date: /home/hiep0247/hiep_ros2/install/mec_mobile_description/share/mec_mobile_description/rviz/rviz.rviz
-- Up-to-date: /home/hiep0247/hiep_ros2/install/mec_mobile_description/share/mec_mobile_description/rviz/mec_mobile_description.rviz
-- Up-to-date: /home/hiep0247/hiep_ros2/install/mec_mobile_description/share/ament_index/resource_index/package_run_dependencies/mec_mobile_description
-- Up-to-date: /home/hiep0247/hiep_ros2/install/mec_mobile_description/share/ament_index/resource_index/parent_prefix_path/mec_mobile_description
-- Up-to-date: /home/hiep0247/hiep_ros2/install/mec_mobile_description/share/mec_mobile_description/environment/ament_prefix_path.sh
-- Up-to-date: /home/hiep0247/hiep_ros2/install/mec_mobile_description/share/mec_mobile_description/environment/ament_prefix_path.dsv
-- Up-to-date: /home/hiep0247/hiep_ros2/install/mec_mobile_description/share/mec_mobile_description/environment/path.sh
-- Up-to-date: /home/hiep0247/hiep_ros2/install/mec_mobile_description/share/mec_mobile_description/environment/path.dsv
-- Up-to-date: /home/hiep0247/hiep_ros2/install/mec_mobile_description/share/mec_mobile_description/local_setup.bash
-- Up-to-date: /home/hiep0247/hiep_ros2/install/mec_mobile_description/share/mec_mobile_description/local_setup.sh
-- Up-to-date: /home/hiep0247/hiep_ros2/install/mec_mobile_description/share/mec_mobile_description/local_setup.zsh
-- Up-to-date: /home/hiep0247/hiep_ros2/install/mec_mobile_description/share/mec_mobile_description/local_setup.dsv
-- Installing: /home/hiep0247/hiep_ros2/install/mec_mobile_description/share/mec_mobile_description/package.dsv
-- Up-to-date: /home/hiep0247/hiep_ros2/install/mec_mobile_description/share/ament_index/resource_index/packages/mec_mobile_description
-- Up-to-date: /home/hiep0247/hiep_ros2/install/mec_mobile_description/share/mec_mobile_description/cmake/mec_mobile_descriptionConfig.cmake
-- Up-to-date: /home/hiep0247/hiep_ros2/install/mec_mobile_description/share/mec_mobile_description/cmake/mec_mobile_descriptionConfig-version.cmake
-- Up-to-date: /home/hiep0247/hiep_ros2/install/mec_mobile_description/share/mec_mobile_description/package.xml
