[0.815s] Invoking command in '/home/hiep0247/hiep_ros2/build/hiep_robot2': DEBUGINFOD_URLS=https://debuginfod.ubuntu.com PYTHONPATH=/home/hiep0247/hiep_ros2/build/hiep_robot2/prefix_override:/usr/lib/python3/dist-packages/colcon_core/task/python/colcon_distutils_commands:/home/hiep0247/hiep_ros2/install/hiep_robot2/lib/python3.12/site-packages:${PYTHONPATH} /usr/bin/python3 -W ignore:setup.py install is deprecated -W ignore:easy_install command is deprecated setup.py develop --editable --build-directory /home/hiep0247/hiep_ros2/build/hiep_robot2/build --no-deps symlink_data --force
[1.011s] running develop
[1.118s] running egg_info
[1.129s] writing hiep_robot2.egg-info/PKG-INFO
[1.129s] writing dependency_links to hiep_robot2.egg-info/dependency_links.txt
[1.129s] writing entry points to hiep_robot2.egg-info/entry_points.txt
[1.129s] writing requirements to hiep_robot2.egg-info/requires.txt
[1.129s] writing top-level names to hiep_robot2.egg-info/top_level.txt
[1.150s] reading manifest file 'hiep_robot2.egg-info/SOURCES.txt'
[1.151s] writing manifest file 'hiep_robot2.egg-info/SOURCES.txt'
[1.163s] running build_ext
[1.163s] Creating /home/hiep0247/hiep_ros2/install/hiep_robot2/lib/python3.12/site-packages/hiep-robot2.egg-link (link to .)
[1.163s] Installing esp32_bridge_node script to /home/hiep0247/hiep_ros2/install/hiep_robot2/lib/hiep_robot2
[1.163s] Installing keya_driver_bridge_node script to /home/hiep0247/hiep_ros2/install/hiep_robot2/lib/hiep_robot2
[1.163s] Installing mega2560_plc_bridge_node script to /home/hiep0247/hiep_ros2/install/hiep_robot2/lib/hiep_robot2
[1.163s] 
[1.164s] Installed /home/hiep0247/hiep_ros2/build/hiep_robot2
[1.164s] running symlink_data
[1.164s] symbolically linking /home/hiep0247/hiep_ros2/build/hiep_robot2/resource/hiep_robot2 -> /home/hiep0247/hiep_ros2/install/hiep_robot2/share/ament_index/resource_index/packages
[1.164s] symbolically linking /home/hiep0247/hiep_ros2/build/hiep_robot2/package.xml -> /home/hiep0247/hiep_ros2/install/hiep_robot2/share/hiep_robot2
[1.164s] symbolically linking /home/hiep0247/hiep_ros2/build/hiep_robot2/launch/hardware_selector.launch.py -> /home/hiep0247/hiep_ros2/install/hiep_robot2/share/hiep_robot2/launch
[1.164s] error: [Errno 2] No such file or directory: '/home/hiep0247/hiep_ros2/install/hiep_robot2/share/hiep_robot2/launch/keya_with_mega2560_plc.launch.py'
[1.189s] Invoked command in '/home/hiep0247/hiep_ros2/build/hiep_robot2' returned '1': DEBUGINFOD_URLS=https://debuginfod.ubuntu.com PYTHONPATH=/home/hiep0247/hiep_ros2/build/hiep_robot2/prefix_override:/usr/lib/python3/dist-packages/colcon_core/task/python/colcon_distutils_commands:/home/hiep0247/hiep_ros2/install/hiep_robot2/lib/python3.12/site-packages:${PYTHONPATH} /usr/bin/python3 -W ignore:setup.py install is deprecated -W ignore:easy_install command is deprecated setup.py develop --editable --build-directory /home/hiep0247/hiep_ros2/build/hiep_robot2/build --no-deps symlink_data --force
