[0.400s] Invoking command in '/home/hiep0247/hiep_ros2/build/sllidar_ros2': CMAKE_PREFIX_PATH=${CMAKE_PREFIX_PATH}:/home/hiep0247/hiep_ros2/install/hiep_robot2:/home/hiep0247/hiep_ros2/install/agv_hmi:/home/hiep0247/hiep_ros2/install/agv_fleet_domains:/home/hiep0247/hiep_ros2/install/agv_fleet:/opt/ros/jazzy DEBUGINFOD_URLS=https://debuginfod.ubuntu.com /usr/bin/cmake --build /home/hiep0247/hiep_ros2/build/sllidar_ros2 -- -j16 -l16
[0.446s] [ 10%] Built target sllidar_client
[0.462s] [100%] Built target sllidar_node
[0.482s] Invoked command in '/home/hiep0247/hiep_ros2/build/sllidar_ros2' returned '0': CMAKE_PREFIX_PATH=${CMAKE_PREFIX_PATH}:/home/hiep0247/hiep_ros2/install/hiep_robot2:/home/hiep0247/hiep_ros2/install/agv_hmi:/home/hiep0247/hiep_ros2/install/agv_fleet_domains:/home/hiep0247/hiep_ros2/install/agv_fleet:/opt/ros/jazzy DEBUGINFOD_URLS=https://debuginfod.ubuntu.com /usr/bin/cmake --build /home/hiep0247/hiep_ros2/build/sllidar_ros2 -- -j16 -l16
[0.483s] Invoking command in '/home/hiep0247/hiep_ros2/build/sllidar_ros2': CMAKE_PREFIX_PATH=${CMAKE_PREFIX_PATH}:/home/hiep0247/hiep_ros2/install/hiep_robot2:/home/hiep0247/hiep_ros2/install/agv_hmi:/home/hiep0247/hiep_ros2/install/agv_fleet_domains:/home/hiep0247/hiep_ros2/install/agv_fleet:/opt/ros/jazzy DEBUGINFOD_URLS=https://debuginfod.ubuntu.com /usr/bin/cmake --install /home/hiep0247/hiep_ros2/build/sllidar_ros2
[0.488s] -- Install configuration: ""
[0.488s] -- Execute custom install script
[0.489s] -- Symlinking: /home/hiep0247/hiep_ros2/install/sllidar_ros2/share/sllidar_ros2/launch/sllidar_a1_launch.py
[0.496s] -- Symlinking: /home/hiep0247/hiep_ros2/install/sllidar_ros2/share/sllidar_ros2/launch/sllidar_a2m12_launch .py
[0.502s] -- Symlinking: /home/hiep0247/hiep_ros2/install/sllidar_ros2/share/sllidar_ros2/launch/sllidar_a2m7_launch.py
[0.508s] -- Symlinking: /home/hiep0247/hiep_ros2/install/sllidar_ros2/share/sllidar_ros2/launch/sllidar_a2m8_launch.py
[0.515s] -- Symlinking: /home/hiep0247/hiep_ros2/install/sllidar_ros2/share/sllidar_ros2/launch/sllidar_a3_launch.py
[0.522s] -- Symlinking: /home/hiep0247/hiep_ros2/install/sllidar_ros2/share/sllidar_ros2/launch/sllidar_c1_launch.py
[0.530s] -- Symlinking: /home/hiep0247/hiep_ros2/install/sllidar_ros2/share/sllidar_ros2/launch/sllidar_s1_launch.py
[0.539s] -- Symlinking: /home/hiep0247/hiep_ros2/install/sllidar_ros2/share/sllidar_ros2/launch/sllidar_s1_tcp_launch.py
[0.546s] -- Symlinking: /home/hiep0247/hiep_ros2/install/sllidar_ros2/share/sllidar_ros2/launch/sllidar_s2_launch.py
[0.554s] -- Symlinking: /home/hiep0247/hiep_ros2/install/sllidar_ros2/share/sllidar_ros2/launch/sllidar_s2e_launch.py
[0.561s] -- Symlinking: /home/hiep0247/hiep_ros2/install/sllidar_ros2/share/sllidar_ros2/launch/sllidar_s3_launch.py
[0.569s] -- Symlinking: /home/hiep0247/hiep_ros2/install/sllidar_ros2/share/sllidar_ros2/launch/sllidar_t1_launch.py
[0.577s] -- Symlinking: /home/hiep0247/hiep_ros2/install/sllidar_ros2/share/sllidar_ros2/launch/view_sllidar_a1_launch.py
[0.584s] -- Symlinking: /home/hiep0247/hiep_ros2/install/sllidar_ros2/share/sllidar_ros2/launch/view_sllidar_a2m12_launch.py
[0.594s] -- Symlinking: /home/hiep0247/hiep_ros2/install/sllidar_ros2/share/sllidar_ros2/launch/view_sllidar_a2m7_launch.py
[0.600s] -- Symlinking: /home/hiep0247/hiep_ros2/install/sllidar_ros2/share/sllidar_ros2/launch/view_sllidar_a2m8_launch.py
[0.609s] -- Symlinking: /home/hiep0247/hiep_ros2/install/sllidar_ros2/share/sllidar_ros2/launch/view_sllidar_a3_launch.py
[0.617s] -- Symlinking: /home/hiep0247/hiep_ros2/install/sllidar_ros2/share/sllidar_ros2/launch/view_sllidar_c1_launch.py
[0.626s] -- Symlinking: /home/hiep0247/hiep_ros2/install/sllidar_ros2/share/sllidar_ros2/launch/view_sllidar_s1_launch.py
[0.635s] -- Symlinking: /home/hiep0247/hiep_ros2/install/sllidar_ros2/share/sllidar_ros2/launch/view_sllidar_s1_tcp_launch.py
[0.643s] -- Symlinking: /home/hiep0247/hiep_ros2/install/sllidar_ros2/share/sllidar_ros2/launch/view_sllidar_s2_launch.py
[0.652s] -- Symlinking: /home/hiep0247/hiep_ros2/install/sllidar_ros2/share/sllidar_ros2/launch/view_sllidar_s2e_launch.py
[0.658s] -- Symlinking: /home/hiep0247/hiep_ros2/install/sllidar_ros2/share/sllidar_ros2/launch/view_sllidar_s3_launch.py
[0.667s] -- Symlinking: /home/hiep0247/hiep_ros2/install/sllidar_ros2/share/sllidar_ros2/launch/view_sllidar_t1_launch.py
[0.675s] -- Symlinking: /home/hiep0247/hiep_ros2/install/sllidar_ros2/share/sllidar_ros2/rviz/sllidar_ros2.rviz
[0.684s] -- Symlinking: /home/hiep0247/hiep_ros2/install/sllidar_ros2/lib/sllidar_ros2/sllidar_node
[0.691s] -- Symlinking: /home/hiep0247/hiep_ros2/install/sllidar_ros2/lib/sllidar_ros2/sllidar_client
[0.699s] -- Symlinking: /home/hiep0247/hiep_ros2/install/sllidar_ros2/share/ament_index/resource_index/package_run_dependencies/sllidar_ros2
[0.708s] -- Symlinking: /home/hiep0247/hiep_ros2/install/sllidar_ros2/share/ament_index/resource_index/parent_prefix_path/sllidar_ros2
[0.717s] -- Symlinking: /home/hiep0247/hiep_ros2/install/sllidar_ros2/share/sllidar_ros2/environment/ament_prefix_path.sh
[0.725s] -- Symlinking: /home/hiep0247/hiep_ros2/install/sllidar_ros2/share/sllidar_ros2/environment/ament_prefix_path.dsv
[0.734s] -- Symlinking: /home/hiep0247/hiep_ros2/install/sllidar_ros2/share/sllidar_ros2/environment/path.sh
[0.742s] -- Symlinking: /home/hiep0247/hiep_ros2/install/sllidar_ros2/share/sllidar_ros2/environment/path.dsv
[0.748s] -- Symlinking: /home/hiep0247/hiep_ros2/install/sllidar_ros2/share/sllidar_ros2/local_setup.bash
[0.757s] -- Symlinking: /home/hiep0247/hiep_ros2/install/sllidar_ros2/share/sllidar_ros2/local_setup.sh
[0.764s] -- Symlinking: /home/hiep0247/hiep_ros2/install/sllidar_ros2/share/sllidar_ros2/local_setup.zsh
[0.773s] -- Symlinking: /home/hiep0247/hiep_ros2/install/sllidar_ros2/share/sllidar_ros2/local_setup.dsv
[0.781s] -- Symlinking: /home/hiep0247/hiep_ros2/install/sllidar_ros2/share/sllidar_ros2/package.dsv
[0.790s] -- Symlinking: /home/hiep0247/hiep_ros2/install/sllidar_ros2/share/ament_index/resource_index/packages/sllidar_ros2
[0.801s] -- Symlinking: /home/hiep0247/hiep_ros2/install/sllidar_ros2/share/sllidar_ros2/cmake/ament_cmake_export_dependencies-extras.cmake
[0.814s] -- Symlinking: /home/hiep0247/hiep_ros2/install/sllidar_ros2/share/sllidar_ros2/cmake/ament_cmake_export_include_directories-extras.cmake
[0.827s] -- Symlinking: /home/hiep0247/hiep_ros2/install/sllidar_ros2/share/sllidar_ros2/cmake/sllidar_ros2Config.cmake
[0.839s] -- Symlinking: /home/hiep0247/hiep_ros2/install/sllidar_ros2/share/sllidar_ros2/cmake/sllidar_ros2Config-version.cmake
[0.849s] -- Symlinking: /home/hiep0247/hiep_ros2/install/sllidar_ros2/share/sllidar_ros2/package.xml
[0.863s] Invoked command in '/home/hiep0247/hiep_ros2/build/sllidar_ros2' returned '0': CMAKE_PREFIX_PATH=${CMAKE_PREFIX_PATH}:/home/hiep0247/hiep_ros2/install/hiep_robot2:/home/hiep0247/hiep_ros2/install/agv_hmi:/home/hiep0247/hiep_ros2/install/agv_fleet_domains:/home/hiep0247/hiep_ros2/install/agv_fleet:/opt/ros/jazzy DEBUGINFOD_URLS=https://debuginfod.ubuntu.com /usr/bin/cmake --install /home/hiep0247/hiep_ros2/build/sllidar_ros2
