[0.855s] Invoking command in '/home/hiep0247/hiep_ros2/src/hiep_robot2': DEBUGINFOD_URLS=https://debuginfod.ubuntu.com PYTHONPATH=/home/hiep0247/hiep_ros2/build/hiep_robot2/prefix_override:/usr/lib/python3/dist-packages/colcon_core/task/python/colcon_distutils_commands:/home/hiep0247/hiep_ros2/install/hiep_robot2/lib/python3.12/site-packages:${PYTHONPATH} /usr/bin/python3 -W ignore:setup.py install is deprecated -W ignore:easy_install command is deprecated setup.py egg_info --egg-base ../../build/hiep_robot2 build --build-base /home/hiep0247/hiep_ros2/build/hiep_robot2/build install --record /home/hiep0247/hiep_ros2/build/hiep_robot2/install.log --install-scripts $base/lib/hiep_robot2 --single-version-externally-managed install_data
[1.036s] running egg_info
[1.037s] creating ../../build/hiep_robot2/hiep_robot2.egg-info
[1.048s] writing ../../build/hiep_robot2/hiep_robot2.egg-info/PKG-INFO
[1.048s] writing dependency_links to ../../build/hiep_robot2/hiep_robot2.egg-info/dependency_links.txt
[1.048s] writing entry points to ../../build/hiep_robot2/hiep_robot2.egg-info/entry_points.txt
[1.049s] writing requirements to ../../build/hiep_robot2/hiep_robot2.egg-info/requires.txt
[1.049s] writing top-level names to ../../build/hiep_robot2/hiep_robot2.egg-info/top_level.txt
[1.049s] writing manifest file '../../build/hiep_robot2/hiep_robot2.egg-info/SOURCES.txt'
[1.073s] reading manifest file '../../build/hiep_robot2/hiep_robot2.egg-info/SOURCES.txt'
[1.074s] writing manifest file '../../build/hiep_robot2/hiep_robot2.egg-info/SOURCES.txt'
[1.074s] running build
[1.074s] running build_py
[1.074s] creating /home/hiep0247/hiep_ros2/build/hiep_robot2/build
[1.074s] creating /home/hiep0247/hiep_ros2/build/hiep_robot2/build/lib
[1.074s] creating /home/hiep0247/hiep_ros2/build/hiep_robot2/build/lib/hiep_robot2
[1.074s] copying hiep_robot2/odometry_publisher.py -> /home/hiep0247/hiep_ros2/build/hiep_robot2/build/lib/hiep_robot2
[1.075s] copying hiep_robot2/__init__.py -> /home/hiep0247/hiep_ros2/build/hiep_robot2/build/lib/hiep_robot2
[1.075s] copying hiep_robot2/serial_comm_node.py -> /home/hiep0247/hiep_ros2/build/hiep_robot2/build/lib/hiep_robot2
[1.075s] running install
[1.079s] running install_lib
[1.092s] creating /home/hiep0247/hiep_ros2/install/hiep_robot2/lib/python3.12/site-packages/hiep_robot2
[1.092s] copying /home/hiep0247/hiep_ros2/build/hiep_robot2/build/lib/hiep_robot2/odometry_publisher.py -> /home/hiep0247/hiep_ros2/install/hiep_robot2/lib/python3.12/site-packages/hiep_robot2
[1.092s] copying /home/hiep0247/hiep_ros2/build/hiep_robot2/build/lib/hiep_robot2/__init__.py -> /home/hiep0247/hiep_ros2/install/hiep_robot2/lib/python3.12/site-packages/hiep_robot2
[1.092s] copying /home/hiep0247/hiep_ros2/build/hiep_robot2/build/lib/hiep_robot2/serial_comm_node.py -> /home/hiep0247/hiep_ros2/install/hiep_robot2/lib/python3.12/site-packages/hiep_robot2
[1.092s] byte-compiling /home/hiep0247/hiep_ros2/install/hiep_robot2/lib/python3.12/site-packages/hiep_robot2/odometry_publisher.py to odometry_publisher.cpython-312.pyc
[1.093s] byte-compiling /home/hiep0247/hiep_ros2/install/hiep_robot2/lib/python3.12/site-packages/hiep_robot2/__init__.py to __init__.cpython-312.pyc
[1.094s] byte-compiling /home/hiep0247/hiep_ros2/install/hiep_robot2/lib/python3.12/site-packages/hiep_robot2/serial_comm_node.py to serial_comm_node.cpython-312.pyc
[1.098s] running install_data
[1.098s] creating /home/hiep0247/hiep_ros2/install/hiep_robot2/share/ament_index
[1.098s] creating /home/hiep0247/hiep_ros2/install/hiep_robot2/share/ament_index/resource_index
[1.098s] creating /home/hiep0247/hiep_ros2/install/hiep_robot2/share/ament_index/resource_index/packages
[1.098s] copying resource/hiep_robot2 -> /home/hiep0247/hiep_ros2/install/hiep_robot2/share/ament_index/resource_index/packages
[1.098s] copying package.xml -> /home/hiep0247/hiep_ros2/install/hiep_robot2/share/hiep_robot2
[1.098s] creating /home/hiep0247/hiep_ros2/install/hiep_robot2/share/hiep_robot2/launch
[1.098s] copying launch/serial_comm_launch.py -> /home/hiep0247/hiep_ros2/install/hiep_robot2/share/hiep_robot2/launch
[1.098s] running install_egg_info
[1.114s] Copying ../../build/hiep_robot2/hiep_robot2.egg-info to /home/hiep0247/hiep_ros2/install/hiep_robot2/lib/python3.12/site-packages/hiep_robot2-0.0.0-py3.12.egg-info
[1.114s] running install_scripts
[1.211s] Installing odometry_publisher script to /home/hiep0247/hiep_ros2/install/hiep_robot2/lib/hiep_robot2
[1.211s] Installing serial_comm_node script to /home/hiep0247/hiep_ros2/install/hiep_robot2/lib/hiep_robot2
[1.211s] writing list of installed files to '/home/hiep0247/hiep_ros2/build/hiep_robot2/install.log'
[1.237s] Invoked command in '/home/hiep0247/hiep_ros2/src/hiep_robot2' returned '0': DEBUGINFOD_URLS=https://debuginfod.ubuntu.com PYTHONPATH=/home/hiep0247/hiep_ros2/build/hiep_robot2/prefix_override:/usr/lib/python3/dist-packages/colcon_core/task/python/colcon_distutils_commands:/home/hiep0247/hiep_ros2/install/hiep_robot2/lib/python3.12/site-packages:${PYTHONPATH} /usr/bin/python3 -W ignore:setup.py install is deprecated -W ignore:easy_install command is deprecated setup.py egg_info --egg-base ../../build/hiep_robot2 build --build-base /home/hiep0247/hiep_ros2/build/hiep_robot2/build install --record /home/hiep0247/hiep_ros2/build/hiep_robot2/install.log --install-scripts $base/lib/hiep_robot2 --single-version-externally-managed install_data
