/home/hiep0247/hiep_ros2/install/hiep_robot2/lib/python3.12/site-packages/hiep_robot2/safety_logic.py
/home/hiep0247/hiep_ros2/install/hiep_robot2/lib/python3.12/site-packages/hiep_robot2/protocol.py
/home/hiep0247/hiep_ros2/install/hiep_robot2/lib/python3.12/site-packages/hiep_robot2/plc_io_protocol.py
/home/hiep0247/hiep_ros2/install/hiep_robot2/lib/python3.12/site-packages/hiep_robot2/keya_driver_bridge_node.py
/home/hiep0247/hiep_ros2/install/hiep_robot2/lib/python3.12/site-packages/hiep_robot2/esp32_bridge_node.py
/home/hiep0247/hiep_ros2/install/hiep_robot2/lib/python3.12/site-packages/hiep_robot2/mega2560_plc_bridge_node.py
/home/hiep0247/hiep_ros2/install/hiep_robot2/lib/python3.12/site-packages/hiep_robot2/safety_monitor_node.py
/home/hiep0247/hiep_ros2/install/hiep_robot2/lib/python3.12/site-packages/hiep_robot2/keya_protocol.py
/home/hiep0247/hiep_ros2/install/hiep_robot2/lib/python3.12/site-packages/hiep_robot2/__init__.py
/home/hiep0247/hiep_ros2/install/hiep_robot2/lib/python3.12/site-packages/hiep_robot2/__pycache__/safety_logic.cpython-312.pyc
/home/hiep0247/hiep_ros2/install/hiep_robot2/lib/python3.12/site-packages/hiep_robot2/__pycache__/protocol.cpython-312.pyc
/home/hiep0247/hiep_ros2/install/hiep_robot2/lib/python3.12/site-packages/hiep_robot2/__pycache__/plc_io_protocol.cpython-312.pyc
/home/hiep0247/hiep_ros2/install/hiep_robot2/lib/python3.12/site-packages/hiep_robot2/__pycache__/keya_driver_bridge_node.cpython-312.pyc
/home/hiep0247/hiep_ros2/install/hiep_robot2/lib/python3.12/site-packages/hiep_robot2/__pycache__/esp32_bridge_node.cpython-312.pyc
/home/hiep0247/hiep_ros2/install/hiep_robot2/lib/python3.12/site-packages/hiep_robot2/__pycache__/mega2560_plc_bridge_node.cpython-312.pyc
/home/hiep0247/hiep_ros2/install/hiep_robot2/lib/python3.12/site-packages/hiep_robot2/__pycache__/safety_monitor_node.cpython-312.pyc
/home/hiep0247/hiep_ros2/install/hiep_robot2/lib/python3.12/site-packages/hiep_robot2/__pycache__/keya_protocol.cpython-312.pyc
/home/hiep0247/hiep_ros2/install/hiep_robot2/lib/python3.12/site-packages/hiep_robot2/__pycache__/__init__.cpython-312.pyc
/home/hiep0247/hiep_ros2/install/hiep_robot2/share/ament_index/resource_index/packages/hiep_robot2
/home/hiep0247/hiep_ros2/install/hiep_robot2/share/hiep_robot2/package.xml
/home/hiep0247/hiep_ros2/install/hiep_robot2/share/hiep_robot2/launch/hardware_selector.launch.py
/home/hiep0247/hiep_ros2/install/hiep_robot2/share/hiep_robot2/launch/keya_with_mega2560_plc.launch.py
/home/hiep0247/hiep_ros2/install/hiep_robot2/share/hiep_robot2/launch/agv_hardware.launch.py
/home/hiep0247/hiep_ros2/install/hiep_robot2/share/hiep_robot2/launch/esp32_hardware.launch.py
/home/hiep0247/hiep_ros2/install/hiep_robot2/share/hiep_robot2/launch/mega2560_plc.launch.py
/home/hiep0247/hiep_ros2/install/hiep_robot2/share/hiep_robot2/launch/esp32_with_mega2560_plc.launch.py
/home/hiep0247/hiep_ros2/install/hiep_robot2/share/hiep_robot2/launch/keya_hardware.launch.py
/home/hiep0247/hiep_ros2/install/hiep_robot2/share/hiep_robot2/launch/safety_monitor.launch.py
/home/hiep0247/hiep_ros2/install/hiep_robot2/share/hiep_robot2/config/safety_monitor.yaml
/home/hiep0247/hiep_ros2/install/hiep_robot2/share/hiep_robot2/config/keya_hardware.yaml
/home/hiep0247/hiep_ros2/install/hiep_robot2/share/hiep_robot2/config/esp32_hardware.yaml
/home/hiep0247/hiep_ros2/install/hiep_robot2/share/hiep_robot2/config/mega2560_plc.yaml
/home/hiep0247/hiep_ros2/install/hiep_robot2/share/hiep_robot2/firmware/agv_esp32/agv_esp32.ino
/home/hiep0247/hiep_ros2/install/hiep_robot2/share/hiep_robot2/firmware/mega2560_plc/mega2560_plc.ino
/home/hiep0247/hiep_ros2/install/hiep_robot2/lib/python3.12/site-packages/hiep_robot2-0.5.0-py3.12.egg-info/requires.txt
/home/hiep0247/hiep_ros2/install/hiep_robot2/lib/python3.12/site-packages/hiep_robot2-0.5.0-py3.12.egg-info/dependency_links.txt
/home/hiep0247/hiep_ros2/install/hiep_robot2/lib/python3.12/site-packages/hiep_robot2-0.5.0-py3.12.egg-info/PKG-INFO
/home/hiep0247/hiep_ros2/install/hiep_robot2/lib/python3.12/site-packages/hiep_robot2-0.5.0-py3.12.egg-info/zip-safe
/home/hiep0247/hiep_ros2/install/hiep_robot2/lib/python3.12/site-packages/hiep_robot2-0.5.0-py3.12.egg-info/SOURCES.txt
/home/hiep0247/hiep_ros2/install/hiep_robot2/lib/python3.12/site-packages/hiep_robot2-0.5.0-py3.12.egg-info/entry_points.txt
/home/hiep0247/hiep_ros2/install/hiep_robot2/lib/python3.12/site-packages/hiep_robot2-0.5.0-py3.12.egg-info/top_level.txt
/home/hiep0247/hiep_ros2/install/hiep_robot2/lib/hiep_robot2/esp32_bridge_node
/home/hiep0247/hiep_ros2/install/hiep_robot2/lib/hiep_robot2/keya_driver_bridge_node
/home/hiep0247/hiep_ros2/install/hiep_robot2/lib/hiep_robot2/mega2560_plc_bridge_node
/home/hiep0247/hiep_ros2/install/hiep_robot2/lib/hiep_robot2/safety_monitor_node
