[0.889s] Invoking command in '/home/hiep0247/hiep_ros2/build/agv_hmi': DEBUGINFOD_URLS=https://debuginfod.ubuntu.com PYTHONPATH=/home/hiep0247/hiep_ros2/build/agv_hmi/prefix_override:/usr/lib/python3/dist-packages/colcon_core/task/python/colcon_distutils_commands:/home/hiep0247/hiep_ros2/install/agv_hmi/lib/python3.12/site-packages:${PYTHONPATH} /usr/bin/python3 -W ignore:setup.py install is deprecated -W ignore:easy_install command is deprecated setup.py develop --uninstall --editable --build-directory /home/hiep0247/hiep_ros2/build/agv_hmi/build
[1.088s] running develop
[1.208s] Removing /home/hiep0247/hiep_ros2/install/agv_hmi/lib/python3.12/site-packages/agv-hmi.egg-link (link to .)
[1.257s] Invoked command in '/home/hiep0247/hiep_ros2/build/agv_hmi' returned '0': DEBUGINFOD_URLS=https://debuginfod.ubuntu.com PYTHONPATH=/home/hiep0247/hiep_ros2/build/agv_hmi/prefix_override:/usr/lib/python3/dist-packages/colcon_core/task/python/colcon_distutils_commands:/home/hiep0247/hiep_ros2/install/agv_hmi/lib/python3.12/site-packages:${PYTHONPATH} /usr/bin/python3 -W ignore:setup.py install is deprecated -W ignore:easy_install command is deprecated setup.py develop --uninstall --editable --build-directory /home/hiep0247/hiep_ros2/build/agv_hmi/build
[1.258s] Invoking command in '/home/hiep0247/hiep_ros2/src/agv_hmi': DEBUGINFOD_URLS=https://debuginfod.ubuntu.com PYTHONPATH=/home/hiep0247/hiep_ros2/build/agv_hmi/prefix_override:/usr/lib/python3/dist-packages/colcon_core/task/python/colcon_distutils_commands:/home/hiep0247/hiep_ros2/install/agv_hmi/lib/python3.12/site-packages:${PYTHONPATH} /usr/bin/python3 -W ignore:setup.py install is deprecated -W ignore:easy_install command is deprecated setup.py egg_info --egg-base ../../build/agv_hmi build --build-base /home/hiep0247/hiep_ros2/build/agv_hmi/build install --record /home/hiep0247/hiep_ros2/build/agv_hmi/install.log --install-scripts $base/lib/agv_hmi --single-version-externally-managed install_data --force
[1.439s] running egg_info
[1.451s] writing ../../build/agv_hmi/agv_hmi.egg-info/PKG-INFO
[1.451s] writing dependency_links to ../../build/agv_hmi/agv_hmi.egg-info/dependency_links.txt
[1.451s] writing entry points to ../../build/agv_hmi/agv_hmi.egg-info/entry_points.txt
[1.451s] writing requirements to ../../build/agv_hmi/agv_hmi.egg-info/requires.txt
[1.451s] writing top-level names to ../../build/agv_hmi/agv_hmi.egg-info/top_level.txt
[1.476s] reading manifest file '../../build/agv_hmi/agv_hmi.egg-info/SOURCES.txt'
[1.476s] writing manifest file '../../build/agv_hmi/agv_hmi.egg-info/SOURCES.txt'
[1.477s] running build
[1.477s] running build_py
[1.477s] creating /home/hiep0247/hiep_ros2/build/agv_hmi/build
[1.477s] creating /home/hiep0247/hiep_ros2/build/agv_hmi/build/lib
[1.477s] creating /home/hiep0247/hiep_ros2/build/agv_hmi/build/lib/agv_hmi
[1.477s] copying agv_hmi/main.py -> /home/hiep0247/hiep_ros2/build/agv_hmi/build/lib/agv_hmi
[1.477s] copying agv_hmi/version.py -> /home/hiep0247/hiep_ros2/build/agv_hmi/build/lib/agv_hmi
[1.477s] copying agv_hmi/__init__.py -> /home/hiep0247/hiep_ros2/build/agv_hmi/build/lib/agv_hmi
[1.477s] creating /home/hiep0247/hiep_ros2/build/agv_hmi/build/lib/agv_hmi/fleet
[1.477s] copying agv_hmi/fleet/map_registry.py -> /home/hiep0247/hiep_ros2/build/agv_hmi/build/lib/agv_hmi/fleet
[1.477s] copying agv_hmi/fleet/__init__.py -> /home/hiep0247/hiep_ros2/build/agv_hmi/build/lib/agv_hmi/fleet
[1.477s] creating /home/hiep0247/hiep_ros2/build/agv_hmi/build/lib/agv_hmi/ros
[1.477s] copying agv_hmi/ros/nav_client.py -> /home/hiep0247/hiep_ros2/build/agv_hmi/build/lib/agv_hmi/ros
[1.477s] copying agv_hmi/ros/ros_node.py -> /home/hiep0247/hiep_ros2/build/agv_hmi/build/lib/agv_hmi/ros
[1.477s] copying agv_hmi/ros/debug_tf_clock.py -> /home/hiep0247/hiep_ros2/build/agv_hmi/build/lib/agv_hmi/ros
[1.477s] copying agv_hmi/ros/map_saver.py -> /home/hiep0247/hiep_ros2/build/agv_hmi/build/lib/agv_hmi/ros
[1.477s] copying agv_hmi/ros/__init__.py -> /home/hiep0247/hiep_ros2/build/agv_hmi/build/lib/agv_hmi/ros
[1.478s] creating /home/hiep0247/hiep_ros2/build/agv_hmi/build/lib/agv_hmi/ui
[1.478s] copying agv_hmi/ui/error_header.py -> /home/hiep0247/hiep_ros2/build/agv_hmi/build/lib/agv_hmi/ui
[1.478s] copying agv_hmi/ui/process_manager.py -> /home/hiep0247/hiep_ros2/build/agv_hmi/build/lib/agv_hmi/ui
[1.478s] copying agv_hmi/ui/theme_manager.py -> /home/hiep0247/hiep_ros2/build/agv_hmi/build/lib/agv_hmi/ui
[1.478s] copying agv_hmi/ui/navigation_page.py -> /home/hiep0247/hiep_ros2/build/agv_hmi/build/lib/agv_hmi/ui
[1.478s] copying agv_hmi/ui/login_dialog.py -> /home/hiep0247/hiep_ros2/build/agv_hmi/build/lib/agv_hmi/ui
[1.478s] copying agv_hmi/ui/mission_logger.py -> /home/hiep0247/hiep_ros2/build/agv_hmi/build/lib/agv_hmi/ui
[1.478s] copying agv_hmi/ui/map_widget.py -> /home/hiep0247/hiep_ros2/build/agv_hmi/build/lib/agv_hmi/ui
[1.478s] copying agv_hmi/ui/fleet_page.py -> /home/hiep0247/hiep_ros2/build/agv_hmi/build/lib/agv_hmi/ui
[1.478s] copying agv_hmi/ui/fleet_map_widget.py -> /home/hiep0247/hiep_ros2/build/agv_hmi/build/lib/agv_hmi/ui
[1.478s] copying agv_hmi/ui/conveyor_panel.py -> /home/hiep0247/hiep_ros2/build/agv_hmi/build/lib/agv_hmi/ui
[1.478s] copying agv_hmi/ui/map_library_page.py -> /home/hiep0247/hiep_ros2/build/agv_hmi/build/lib/agv_hmi/ui
[1.478s] copying agv_hmi/ui/routes_page.py -> /home/hiep0247/hiep_ros2/build/agv_hmi/build/lib/agv_hmi/ui
[1.478s] copying agv_hmi/ui/velocity_input.py -> /home/hiep0247/hiep_ros2/build/agv_hmi/build/lib/agv_hmi/ui
[1.478s] copying agv_hmi/ui/i18n.py -> /home/hiep0247/hiep_ros2/build/agv_hmi/build/lib/agv_hmi/ui
[1.478s] copying agv_hmi/ui/settings_page.py -> /home/hiep0247/hiep_ros2/build/agv_hmi/build/lib/agv_hmi/ui
[1.478s] copying agv_hmi/ui/task_editor.py -> /home/hiep0247/hiep_ros2/build/agv_hmi/build/lib/agv_hmi/ui
[1.478s] copying agv_hmi/ui/home_page.py -> /home/hiep0247/hiep_ros2/build/agv_hmi/build/lib/agv_hmi/ui
[1.478s] copying agv_hmi/ui/language_selector.py -> /home/hiep0247/hiep_ros2/build/agv_hmi/build/lib/agv_hmi/ui
[1.479s] copying agv_hmi/ui/joystick_widget.py -> /home/hiep0247/hiep_ros2/build/agv_hmi/build/lib/agv_hmi/ui
[1.479s] copying agv_hmi/ui/route_manager.py -> /home/hiep0247/hiep_ros2/build/agv_hmi/build/lib/agv_hmi/ui
[1.479s] copying agv_hmi/ui/title_bar.py -> /home/hiep0247/hiep_ros2/build/agv_hmi/build/lib/agv_hmi/ui
[1.479s] copying agv_hmi/ui/main_window.py -> /home/hiep0247/hiep_ros2/build/agv_hmi/build/lib/agv_hmi/ui
[1.479s] copying agv_hmi/ui/mapping_page.py -> /home/hiep0247/hiep_ros2/build/agv_hmi/build/lib/agv_hmi/ui
[1.479s] copying agv_hmi/ui/__init__.py -> /home/hiep0247/hiep_ros2/build/agv_hmi/build/lib/agv_hmi/ui
[1.479s] copying agv_hmi/ui/style_light.qss -> /home/hiep0247/hiep_ros2/build/agv_hmi/build/lib/agv_hmi/ui
[1.479s] copying agv_hmi/ui/style_dark.qss -> /home/hiep0247/hiep_ros2/build/agv_hmi/build/lib/agv_hmi/ui
[1.479s] running install
[1.484s] running install_lib
[1.496s] creating /home/hiep0247/hiep_ros2/install/agv_hmi/lib/python3.12/site-packages/agv_hmi
[1.496s] copying /home/hiep0247/hiep_ros2/build/agv_hmi/build/lib/agv_hmi/main.py -> /home/hiep0247/hiep_ros2/install/agv_hmi/lib/python3.12/site-packages/agv_hmi
[1.496s] creating /home/hiep0247/hiep_ros2/install/agv_hmi/lib/python3.12/site-packages/agv_hmi/fleet
[1.496s] copying /home/hiep0247/hiep_ros2/build/agv_hmi/build/lib/agv_hmi/fleet/map_registry.py -> /home/hiep0247/hiep_ros2/install/agv_hmi/lib/python3.12/site-packages/agv_hmi/fleet
[1.496s] copying /home/hiep0247/hiep_ros2/build/agv_hmi/build/lib/agv_hmi/fleet/__init__.py -> /home/hiep0247/hiep_ros2/install/agv_hmi/lib/python3.12/site-packages/agv_hmi/fleet
[1.496s] creating /home/hiep0247/hiep_ros2/install/agv_hmi/lib/python3.12/site-packages/agv_hmi/ros
[1.496s] copying /home/hiep0247/hiep_ros2/build/agv_hmi/build/lib/agv_hmi/ros/nav_client.py -> /home/hiep0247/hiep_ros2/install/agv_hmi/lib/python3.12/site-packages/agv_hmi/ros
[1.497s] copying /home/hiep0247/hiep_ros2/build/agv_hmi/build/lib/agv_hmi/ros/ros_node.py -> /home/hiep0247/hiep_ros2/install/agv_hmi/lib/python3.12/site-packages/agv_hmi/ros
[1.497s] copying /home/hiep0247/hiep_ros2/build/agv_hmi/build/lib/agv_hmi/ros/debug_tf_clock.py -> /home/hiep0247/hiep_ros2/install/agv_hmi/lib/python3.12/site-packages/agv_hmi/ros
[1.497s] copying /home/hiep0247/hiep_ros2/build/agv_hmi/build/lib/agv_hmi/ros/map_saver.py -> /home/hiep0247/hiep_ros2/install/agv_hmi/lib/python3.12/site-packages/agv_hmi/ros
[1.497s] copying /home/hiep0247/hiep_ros2/build/agv_hmi/build/lib/agv_hmi/ros/__init__.py -> /home/hiep0247/hiep_ros2/install/agv_hmi/lib/python3.12/site-packages/agv_hmi/ros
[1.497s] creating /home/hiep0247/hiep_ros2/install/agv_hmi/lib/python3.12/site-packages/agv_hmi/ui
[1.497s] copying /home/hiep0247/hiep_ros2/build/agv_hmi/build/lib/agv_hmi/ui/error_header.py -> /home/hiep0247/hiep_ros2/install/agv_hmi/lib/python3.12/site-packages/agv_hmi/ui
[1.497s] copying /home/hiep0247/hiep_ros2/build/agv_hmi/build/lib/agv_hmi/ui/process_manager.py -> /home/hiep0247/hiep_ros2/install/agv_hmi/lib/python3.12/site-packages/agv_hmi/ui
[1.497s] copying /home/hiep0247/hiep_ros2/build/agv_hmi/build/lib/agv_hmi/ui/theme_manager.py -> /home/hiep0247/hiep_ros2/install/agv_hmi/lib/python3.12/site-packages/agv_hmi/ui
[1.497s] copying /home/hiep0247/hiep_ros2/build/agv_hmi/build/lib/agv_hmi/ui/navigation_page.py -> /home/hiep0247/hiep_ros2/install/agv_hmi/lib/python3.12/site-packages/agv_hmi/ui
[1.497s] copying /home/hiep0247/hiep_ros2/build/agv_hmi/build/lib/agv_hmi/ui/login_dialog.py -> /home/hiep0247/hiep_ros2/install/agv_hmi/lib/python3.12/site-packages/agv_hmi/ui
[1.497s] copying /home/hiep0247/hiep_ros2/build/agv_hmi/build/lib/agv_hmi/ui/mission_logger.py -> /home/hiep0247/hiep_ros2/install/agv_hmi/lib/python3.12/site-packages/agv_hmi/ui
[1.497s] copying /home/hiep0247/hiep_ros2/build/agv_hmi/build/lib/agv_hmi/ui/map_widget.py -> /home/hiep0247/hiep_ros2/install/agv_hmi/lib/python3.12/site-packages/agv_hmi/ui
[1.497s] copying /home/hiep0247/hiep_ros2/build/agv_hmi/build/lib/agv_hmi/ui/style_light.qss -> /home/hiep0247/hiep_ros2/install/agv_hmi/lib/python3.12/site-packages/agv_hmi/ui
[1.497s] copying /home/hiep0247/hiep_ros2/build/agv_hmi/build/lib/agv_hmi/ui/fleet_page.py -> /home/hiep0247/hiep_ros2/install/agv_hmi/lib/python3.12/site-packages/agv_hmi/ui
[1.497s] copying /home/hiep0247/hiep_ros2/build/agv_hmi/build/lib/agv_hmi/ui/fleet_map_widget.py -> /home/hiep0247/hiep_ros2/install/agv_hmi/lib/python3.12/site-packages/agv_hmi/ui
[1.498s] copying /home/hiep0247/hiep_ros2/build/agv_hmi/build/lib/agv_hmi/ui/conveyor_panel.py -> /home/hiep0247/hiep_ros2/install/agv_hmi/lib/python3.12/site-packages/agv_hmi/ui
[1.498s] copying /home/hiep0247/hiep_ros2/build/agv_hmi/build/lib/agv_hmi/ui/map_library_page.py -> /home/hiep0247/hiep_ros2/install/agv_hmi/lib/python3.12/site-packages/agv_hmi/ui
[1.498s] copying /home/hiep0247/hiep_ros2/build/agv_hmi/build/lib/agv_hmi/ui/routes_page.py -> /home/hiep0247/hiep_ros2/install/agv_hmi/lib/python3.12/site-packages/agv_hmi/ui
[1.498s] copying /home/hiep0247/hiep_ros2/build/agv_hmi/build/lib/agv_hmi/ui/velocity_input.py -> /home/hiep0247/hiep_ros2/install/agv_hmi/lib/python3.12/site-packages/agv_hmi/ui
[1.498s] copying /home/hiep0247/hiep_ros2/build/agv_hmi/build/lib/agv_hmi/ui/i18n.py -> /home/hiep0247/hiep_ros2/install/agv_hmi/lib/python3.12/site-packages/agv_hmi/ui
[1.498s] copying /home/hiep0247/hiep_ros2/build/agv_hmi/build/lib/agv_hmi/ui/style_dark.qss -> /home/hiep0247/hiep_ros2/install/agv_hmi/lib/python3.12/site-packages/agv_hmi/ui
[1.498s] copying /home/hiep0247/hiep_ros2/build/agv_hmi/build/lib/agv_hmi/ui/settings_page.py -> /home/hiep0247/hiep_ros2/install/agv_hmi/lib/python3.12/site-packages/agv_hmi/ui
[1.498s] copying /home/hiep0247/hiep_ros2/build/agv_hmi/build/lib/agv_hmi/ui/task_editor.py -> /home/hiep0247/hiep_ros2/install/agv_hmi/lib/python3.12/site-packages/agv_hmi/ui
[1.498s] copying /home/hiep0247/hiep_ros2/build/agv_hmi/build/lib/agv_hmi/ui/home_page.py -> /home/hiep0247/hiep_ros2/install/agv_hmi/lib/python3.12/site-packages/agv_hmi/ui
[1.498s] copying /home/hiep0247/hiep_ros2/build/agv_hmi/build/lib/agv_hmi/ui/language_selector.py -> /home/hiep0247/hiep_ros2/install/agv_hmi/lib/python3.12/site-packages/agv_hmi/ui
[1.498s] copying /home/hiep0247/hiep_ros2/build/agv_hmi/build/lib/agv_hmi/ui/joystick_widget.py -> /home/hiep0247/hiep_ros2/install/agv_hmi/lib/python3.12/site-packages/agv_hmi/ui
[1.498s] copying /home/hiep0247/hiep_ros2/build/agv_hmi/build/lib/agv_hmi/ui/route_manager.py -> /home/hiep0247/hiep_ros2/install/agv_hmi/lib/python3.12/site-packages/agv_hmi/ui
[1.498s] copying /home/hiep0247/hiep_ros2/build/agv_hmi/build/lib/agv_hmi/ui/title_bar.py -> /home/hiep0247/hiep_ros2/install/agv_hmi/lib/python3.12/site-packages/agv_hmi/ui
[1.498s] copying /home/hiep0247/hiep_ros2/build/agv_hmi/build/lib/agv_hmi/ui/main_window.py -> /home/hiep0247/hiep_ros2/install/agv_hmi/lib/python3.12/site-packages/agv_hmi/ui
[1.498s] copying /home/hiep0247/hiep_ros2/build/agv_hmi/build/lib/agv_hmi/ui/mapping_page.py -> /home/hiep0247/hiep_ros2/install/agv_hmi/lib/python3.12/site-packages/agv_hmi/ui
[1.498s] copying /home/hiep0247/hiep_ros2/build/agv_hmi/build/lib/agv_hmi/ui/__init__.py -> /home/hiep0247/hiep_ros2/install/agv_hmi/lib/python3.12/site-packages/agv_hmi/ui
[1.498s] copying /home/hiep0247/hiep_ros2/build/agv_hmi/build/lib/agv_hmi/version.py -> /home/hiep0247/hiep_ros2/install/agv_hmi/lib/python3.12/site-packages/agv_hmi
[1.498s] copying /home/hiep0247/hiep_ros2/build/agv_hmi/build/lib/agv_hmi/__init__.py -> /home/hiep0247/hiep_ros2/install/agv_hmi/lib/python3.12/site-packages/agv_hmi
[1.498s] byte-compiling /home/hiep0247/hiep_ros2/install/agv_hmi/lib/python3.12/site-packages/agv_hmi/main.py to main.cpython-312.pyc
[1.500s] byte-compiling /home/hiep0247/hiep_ros2/install/agv_hmi/lib/python3.12/site-packages/agv_hmi/fleet/map_registry.py to map_registry.cpython-312.pyc
[1.502s] byte-compiling /home/hiep0247/hiep_ros2/install/agv_hmi/lib/python3.12/site-packages/agv_hmi/fleet/__init__.py to __init__.cpython-312.pyc
[1.502s] byte-compiling /home/hiep0247/hiep_ros2/install/agv_hmi/lib/python3.12/site-packages/agv_hmi/ros/nav_client.py to nav_client.cpython-312.pyc
[1.503s] byte-compiling /home/hiep0247/hiep_ros2/install/agv_hmi/lib/python3.12/site-packages/agv_hmi/ros/ros_node.py to ros_node.cpython-312.pyc
[1.506s] byte-compiling /home/hiep0247/hiep_ros2/install/agv_hmi/lib/python3.12/site-packages/agv_hmi/ros/debug_tf_clock.py to debug_tf_clock.cpython-312.pyc
[1.507s] byte-compiling /home/hiep0247/hiep_ros2/install/agv_hmi/lib/python3.12/site-packages/agv_hmi/ros/map_saver.py to map_saver.cpython-312.pyc
[1.507s] byte-compiling /home/hiep0247/hiep_ros2/install/agv_hmi/lib/python3.12/site-packages/agv_hmi/ros/__init__.py to __init__.cpython-312.pyc
[1.507s] byte-compiling /home/hiep0247/hiep_ros2/install/agv_hmi/lib/python3.12/site-packages/agv_hmi/ui/error_header.py to error_header.cpython-312.pyc
[1.508s] byte-compiling /home/hiep0247/hiep_ros2/install/agv_hmi/lib/python3.12/site-packages/agv_hmi/ui/process_manager.py to process_manager.cpython-312.pyc
[1.509s] byte-compiling /home/hiep0247/hiep_ros2/install/agv_hmi/lib/python3.12/site-packages/agv_hmi/ui/theme_manager.py to theme_manager.cpython-312.pyc
[1.510s] byte-compiling /home/hiep0247/hiep_ros2/install/agv_hmi/lib/python3.12/site-packages/agv_hmi/ui/navigation_page.py to navigation_page.cpython-312.pyc
[1.513s] byte-compiling /home/hiep0247/hiep_ros2/install/agv_hmi/lib/python3.12/site-packages/agv_hmi/ui/login_dialog.py to login_dialog.cpython-312.pyc
[1.515s] byte-compiling /home/hiep0247/hiep_ros2/install/agv_hmi/lib/python3.12/site-packages/agv_hmi/ui/mission_logger.py to mission_logger.cpython-312.pyc
[1.515s] byte-compiling /home/hiep0247/hiep_ros2/install/agv_hmi/lib/python3.12/site-packages/agv_hmi/ui/map_widget.py to map_widget.cpython-312.pyc
[1.518s] byte-compiling /home/hiep0247/hiep_ros2/install/agv_hmi/lib/python3.12/site-packages/agv_hmi/ui/fleet_page.py to fleet_page.cpython-312.pyc
[1.521s] byte-compiling /home/hiep0247/hiep_ros2/install/agv_hmi/lib/python3.12/site-packages/agv_hmi/ui/fleet_map_widget.py to fleet_map_widget.cpython-312.pyc
[1.523s] byte-compiling /home/hiep0247/hiep_ros2/install/agv_hmi/lib/python3.12/site-packages/agv_hmi/ui/conveyor_panel.py to conveyor_panel.cpython-312.pyc
[1.525s] byte-compiling /home/hiep0247/hiep_ros2/install/agv_hmi/lib/python3.12/site-packages/agv_hmi/ui/map_library_page.py to map_library_page.cpython-312.pyc
[1.526s] byte-compiling /home/hiep0247/hiep_ros2/install/agv_hmi/lib/python3.12/site-packages/agv_hmi/ui/routes_page.py to routes_page.cpython-312.pyc
[1.533s] byte-compiling /home/hiep0247/hiep_ros2/install/agv_hmi/lib/python3.12/site-packages/agv_hmi/ui/velocity_input.py to velocity_input.cpython-312.pyc
[1.534s] byte-compiling /home/hiep0247/hiep_ros2/install/agv_hmi/lib/python3.12/site-packages/agv_hmi/ui/i18n.py to i18n.cpython-312.pyc
[1.537s] byte-compiling /home/hiep0247/hiep_ros2/install/agv_hmi/lib/python3.12/site-packages/agv_hmi/ui/settings_page.py to settings_page.cpython-312.pyc
[1.538s] byte-compiling /home/hiep0247/hiep_ros2/install/agv_hmi/lib/python3.12/site-packages/agv_hmi/ui/task_editor.py to task_editor.cpython-312.pyc
[1.540s] byte-compiling /home/hiep0247/hiep_ros2/install/agv_hmi/lib/python3.12/site-packages/agv_hmi/ui/home_page.py to home_page.cpython-312.pyc
[1.542s] byte-compiling /home/hiep0247/hiep_ros2/install/agv_hmi/lib/python3.12/site-packages/agv_hmi/ui/language_selector.py to language_selector.cpython-312.pyc
[1.544s] byte-compiling /home/hiep0247/hiep_ros2/install/agv_hmi/lib/python3.12/site-packages/agv_hmi/ui/joystick_widget.py to joystick_widget.cpython-312.pyc
[1.545s] byte-compiling /home/hiep0247/hiep_ros2/install/agv_hmi/lib/python3.12/site-packages/agv_hmi/ui/route_manager.py to route_manager.cpython-312.pyc
[1.546s] byte-compiling /home/hiep0247/hiep_ros2/install/agv_hmi/lib/python3.12/site-packages/agv_hmi/ui/title_bar.py to title_bar.cpython-312.pyc
[1.547s] byte-compiling /home/hiep0247/hiep_ros2/install/agv_hmi/lib/python3.12/site-packages/agv_hmi/ui/main_window.py to main_window.cpython-312.pyc
[1.555s] byte-compiling /home/hiep0247/hiep_ros2/install/agv_hmi/lib/python3.12/site-packages/agv_hmi/ui/mapping_page.py to mapping_page.cpython-312.pyc
[1.556s] byte-compiling /home/hiep0247/hiep_ros2/install/agv_hmi/lib/python3.12/site-packages/agv_hmi/ui/__init__.py to __init__.cpython-312.pyc
[1.556s] byte-compiling /home/hiep0247/hiep_ros2/install/agv_hmi/lib/python3.12/site-packages/agv_hmi/version.py to version.cpython-312.pyc
[1.557s] byte-compiling /home/hiep0247/hiep_ros2/install/agv_hmi/lib/python3.12/site-packages/agv_hmi/__init__.py to __init__.cpython-312.pyc
[1.557s] running install_data
[1.557s] copying resource/agv_hmi -> /home/hiep0247/hiep_ros2/install/agv_hmi/share/ament_index/resource_index/packages
[1.557s] copying package.xml -> /home/hiep0247/hiep_ros2/install/agv_hmi/share/agv_hmi
[1.557s] running install_egg_info
[1.569s] Copying ../../build/agv_hmi/agv_hmi.egg-info to /home/hiep0247/hiep_ros2/install/agv_hmi/lib/python3.12/site-packages/agv_hmi-4.2.0-py3.12.egg-info
[1.570s] running install_scripts
[1.650s] Installing hmi script to /home/hiep0247/hiep_ros2/install/agv_hmi/lib/agv_hmi
[1.651s] writing list of installed files to '/home/hiep0247/hiep_ros2/build/agv_hmi/install.log'
[1.671s] Invoked command in '/home/hiep0247/hiep_ros2/src/agv_hmi' returned '0': DEBUGINFOD_URLS=https://debuginfod.ubuntu.com PYTHONPATH=/home/hiep0247/hiep_ros2/build/agv_hmi/prefix_override:/usr/lib/python3/dist-packages/colcon_core/task/python/colcon_distutils_commands:/home/hiep0247/hiep_ros2/install/agv_hmi/lib/python3.12/site-packages:${PYTHONPATH} /usr/bin/python3 -W ignore:setup.py install is deprecated -W ignore:easy_install command is deprecated setup.py egg_info --egg-base ../../build/agv_hmi build --build-base /home/hiep0247/hiep_ros2/build/agv_hmi/build install --record /home/hiep0247/hiep_ros2/build/agv_hmi/install.log --install-scripts $base/lib/agv_hmi --single-version-externally-managed install_data --force
