[0.870s] Invoking command in '/home/hiep0247/hiep_ros2/src/agv_hmi': DEBUGINFOD_URLS=https://debuginfod.ubuntu.com PYTHONPATH=/home/hiep0247/hiep_ros2/build/agv_hmi/prefix_override:/usr/lib/python3/dist-packages/colcon_core/task/python/colcon_distutils_commands:/home/hiep0247/hiep_ros2/install/agv_hmi/lib/python3.12/site-packages:${PYTHONPATH} /usr/bin/python3 -W ignore:setup.py install is deprecated -W ignore:easy_install command is deprecated setup.py egg_info --egg-base ../../build/agv_hmi build --build-base /home/hiep0247/hiep_ros2/build/agv_hmi/build install --record /home/hiep0247/hiep_ros2/build/agv_hmi/install.log --install-scripts $base/lib/agv_hmi --single-version-externally-managed install_data
[1.063s] running egg_info
[1.076s] writing ../../build/agv_hmi/agv_hmi.egg-info/PKG-INFO
[1.076s] writing dependency_links to ../../build/agv_hmi/agv_hmi.egg-info/dependency_links.txt
[1.077s] writing entry points to ../../build/agv_hmi/agv_hmi.egg-info/entry_points.txt
[1.077s] writing requirements to ../../build/agv_hmi/agv_hmi.egg-info/requires.txt
[1.077s] writing top-level names to ../../build/agv_hmi/agv_hmi.egg-info/top_level.txt
[1.106s] reading manifest file '../../build/agv_hmi/agv_hmi.egg-info/SOURCES.txt'
[1.107s] writing manifest file '../../build/agv_hmi/agv_hmi.egg-info/SOURCES.txt'
[1.107s] running build
[1.107s] running build_py
[1.107s] copying agv_hmi/__init__.py -> /home/hiep0247/hiep_ros2/build/agv_hmi/build/lib/agv_hmi
[1.107s] copying agv_hmi/ros/ros_node.py -> /home/hiep0247/hiep_ros2/build/agv_hmi/build/lib/agv_hmi/ros
[1.108s] copying agv_hmi/ui/error_header.py -> /home/hiep0247/hiep_ros2/build/agv_hmi/build/lib/agv_hmi/ui
[1.108s] copying agv_hmi/ui/i18n.py -> /home/hiep0247/hiep_ros2/build/agv_hmi/build/lib/agv_hmi/ui
[1.109s] running install
[1.114s] running install_lib
[1.129s] copying /home/hiep0247/hiep_ros2/build/agv_hmi/build/lib/agv_hmi/ros/ros_node.py -> /home/hiep0247/hiep_ros2/install/agv_hmi/lib/python3.12/site-packages/agv_hmi/ros
[1.129s] copying /home/hiep0247/hiep_ros2/build/agv_hmi/build/lib/agv_hmi/main.py -> /home/hiep0247/hiep_ros2/install/agv_hmi/lib/python3.12/site-packages/agv_hmi
[1.129s] copying /home/hiep0247/hiep_ros2/build/agv_hmi/build/lib/agv_hmi/__init__.py -> /home/hiep0247/hiep_ros2/install/agv_hmi/lib/python3.12/site-packages/agv_hmi
[1.129s] copying /home/hiep0247/hiep_ros2/build/agv_hmi/build/lib/agv_hmi/ui/home_page.py -> /home/hiep0247/hiep_ros2/install/agv_hmi/lib/python3.12/site-packages/agv_hmi/ui
[1.130s] copying /home/hiep0247/hiep_ros2/build/agv_hmi/build/lib/agv_hmi/ui/title_bar.py -> /home/hiep0247/hiep_ros2/install/agv_hmi/lib/python3.12/site-packages/agv_hmi/ui
[1.130s] copying /home/hiep0247/hiep_ros2/build/agv_hmi/build/lib/agv_hmi/ui/error_header.py -> /home/hiep0247/hiep_ros2/install/agv_hmi/lib/python3.12/site-packages/agv_hmi/ui
[1.130s] copying /home/hiep0247/hiep_ros2/build/agv_hmi/build/lib/agv_hmi/ui/i18n.py -> /home/hiep0247/hiep_ros2/install/agv_hmi/lib/python3.12/site-packages/agv_hmi/ui
[1.130s] copying /home/hiep0247/hiep_ros2/build/agv_hmi/build/lib/agv_hmi/ui/main_window.py -> /home/hiep0247/hiep_ros2/install/agv_hmi/lib/python3.12/site-packages/agv_hmi/ui
[1.130s] byte-compiling /home/hiep0247/hiep_ros2/install/agv_hmi/lib/python3.12/site-packages/agv_hmi/ros/ros_node.py to ros_node.cpython-312.pyc
[1.134s] byte-compiling /home/hiep0247/hiep_ros2/install/agv_hmi/lib/python3.12/site-packages/agv_hmi/main.py to main.cpython-312.pyc
[1.137s] byte-compiling /home/hiep0247/hiep_ros2/install/agv_hmi/lib/python3.12/site-packages/agv_hmi/__init__.py to __init__.cpython-312.pyc
[1.137s] byte-compiling /home/hiep0247/hiep_ros2/install/agv_hmi/lib/python3.12/site-packages/agv_hmi/ui/home_page.py to home_page.cpython-312.pyc
[1.140s] byte-compiling /home/hiep0247/hiep_ros2/install/agv_hmi/lib/python3.12/site-packages/agv_hmi/ui/title_bar.py to title_bar.cpython-312.pyc
[1.140s] byte-compiling /home/hiep0247/hiep_ros2/install/agv_hmi/lib/python3.12/site-packages/agv_hmi/ui/error_header.py to error_header.cpython-312.pyc
[1.140s] byte-compiling /home/hiep0247/hiep_ros2/install/agv_hmi/lib/python3.12/site-packages/agv_hmi/ui/i18n.py to i18n.cpython-312.pyc
[1.145s] byte-compiling /home/hiep0247/hiep_ros2/install/agv_hmi/lib/python3.12/site-packages/agv_hmi/ui/main_window.py to main_window.cpython-312.pyc
[1.158s] running install_data
[1.158s] running install_egg_info
[1.172s] removing '/home/hiep0247/hiep_ros2/install/agv_hmi/lib/python3.12/site-packages/agv_hmi-4.2.0-py3.12.egg-info' (and everything under it)
[1.172s] Copying ../../build/agv_hmi/agv_hmi.egg-info to /home/hiep0247/hiep_ros2/install/agv_hmi/lib/python3.12/site-packages/agv_hmi-4.2.0-py3.12.egg-info
[1.173s] running install_scripts
[1.273s] Installing hmi script to /home/hiep0247/hiep_ros2/install/agv_hmi/lib/agv_hmi
[1.273s] writing list of installed files to '/home/hiep0247/hiep_ros2/build/agv_hmi/install.log'
[1.311s] Invoked command in '/home/hiep0247/hiep_ros2/src/agv_hmi' returned '0': DEBUGINFOD_URLS=https://debuginfod.ubuntu.com PYTHONPATH=/home/hiep0247/hiep_ros2/build/agv_hmi/prefix_override:/usr/lib/python3/dist-packages/colcon_core/task/python/colcon_distutils_commands:/home/hiep0247/hiep_ros2/install/agv_hmi/lib/python3.12/site-packages:${PYTHONPATH} /usr/bin/python3 -W ignore:setup.py install is deprecated -W ignore:easy_install command is deprecated setup.py egg_info --egg-base ../../build/agv_hmi build --build-base /home/hiep0247/hiep_ros2/build/agv_hmi/build install --record /home/hiep0247/hiep_ros2/build/agv_hmi/install.log --install-scripts $base/lib/agv_hmi --single-version-externally-managed install_data
