[0.432s] Invoking command in '/home/hiep0247/hiep_ros2/build/mec_mobile_gazebo': CMAKE_PREFIX_PATH=${CMAKE_PREFIX_PATH}:/home/hiep0247/hiep_ros2/install/hiep_robot2:/opt/ros/jazzy DEBUGINFOD_URLS=https://debuginfod.ubuntu.com /usr/bin/cmake --build /home/hiep0247/hiep_ros2/build/mec_mobile_gazebo -- -j12 -l12
[0.454s] -- Found ament_cmake: 2.5.6 (/opt/ros/jazzy/share/ament_cmake/cmake)
[0.623s] -- Found ros_gz_sim: 1.0.22 (/opt/ros/jazzy/share/ros_gz_sim/cmake)
[0.708s] -- Found rosidl_generator_c: 4.6.9 (/opt/ros/jazzy/share/rosidl_generator_c/cmake)
[0.721s] -- Found rosidl_generator_cpp: 4.6.9 (/opt/ros/jazzy/share/rosidl_generator_cpp/cmake)
[0.745s] -- Using all available rosidl_typesupport_c: rosidl_typesupport_fastrtps_c;rosidl_typesupport_introspection_c
[0.777s] -- Using all available rosidl_typesupport_cpp: rosidl_typesupport_fastrtps_cpp;rosidl_typesupport_introspection_cpp
[0.869s] -- Found rmw_implementation_cmake: 7.3.3 (/opt/ros/jazzy/share/rmw_implementation_cmake/cmake)
[0.873s] -- Found rmw_fastrtps_cpp: 8.4.4 (/opt/ros/jazzy/share/rmw_fastrtps_cpp/cmake)
[0.964s] -- Using RMW implementation 'rmw_fastrtps_cpp' as default
[1.248s] -- Found ament_lint_auto: 0.17.5 (/opt/ros/jazzy/share/ament_lint_auto/cmake)
[1.333s] -- Added test 'flake8' to check Python code syntax and style conventions
[1.333s] -- Configured 'flake8' exclude dirs and/or files: 
[1.334s] -- Added test 'lint_cmake' to check CMake code style
[1.334s] -- Added test 'pep257' to check Python code against some of the docstring style conventions in PEP 257
[1.335s] -- Added test 'xmllint' to check XML markup files
[1.336s] -- Configuring done (0.9s)
[1.349s] -- Generating done (0.0s)
[1.351s] -- Build files have been written to: /home/hiep0247/hiep_ros2/build/mec_mobile_gazebo
[1.369s] Invoked command in '/home/hiep0247/hiep_ros2/build/mec_mobile_gazebo' returned '0': CMAKE_PREFIX_PATH=${CMAKE_PREFIX_PATH}:/home/hiep0247/hiep_ros2/install/hiep_robot2:/opt/ros/jazzy DEBUGINFOD_URLS=https://debuginfod.ubuntu.com /usr/bin/cmake --build /home/hiep0247/hiep_ros2/build/mec_mobile_gazebo -- -j12 -l12
[1.370s] Invoking command in '/home/hiep0247/hiep_ros2/build/mec_mobile_gazebo': CMAKE_PREFIX_PATH=${CMAKE_PREFIX_PATH}:/home/hiep0247/hiep_ros2/install/hiep_robot2:/opt/ros/jazzy DEBUGINFOD_URLS=https://debuginfod.ubuntu.com /usr/bin/cmake --install /home/hiep0247/hiep_ros2/build/mec_mobile_gazebo
[1.376s] -- Install configuration: ""
[1.376s] -- Up-to-date: /home/hiep0247/hiep_ros2/install/mec_mobile_gazebo/share/mec_mobile_gazebo/launch
[1.376s] -- Up-to-date: /home/hiep0247/hiep_ros2/install/mec_mobile_gazebo/share/mec_mobile_gazebo/launch/world.launch.py
[1.376s] -- Up-to-date: /home/hiep0247/hiep_ros2/install/mec_mobile_gazebo/share/mec_mobile_gazebo/launch/spawn_robot.launch.py
[1.376s] -- Up-to-date: /home/hiep0247/hiep_ros2/install/mec_mobile_gazebo/share/mec_mobile_gazebo/launch/spawn_robot_bck260518.launch.py
[1.376s] -- Up-to-date: /home/hiep0247/hiep_ros2/install/mec_mobile_gazebo/share/mec_mobile_gazebo/worlds
[1.376s] -- Up-to-date: /home/hiep0247/hiep_ros2/install/mec_mobile_gazebo/share/mec_mobile_gazebo/worlds/world_bck260626.sdf
[1.376s] -- Up-to-date: /home/hiep0247/hiep_ros2/install/mec_mobile_gazebo/share/mec_mobile_gazebo/worlds/world.sdf
[1.376s] -- Installing: /home/hiep0247/hiep_ros2/install/mec_mobile_gazebo/share/mec_mobile_gazebo/worlds/world_1.sdf
[1.376s] -- Up-to-date: /home/hiep0247/hiep_ros2/install/mec_mobile_gazebo/share/mec_mobile_gazebo/worlds/empty.sdf
[1.376s] -- Up-to-date: /home/hiep0247/hiep_ros2/install/mec_mobile_gazebo/share/mec_mobile_gazebo/worlds/world_v2.sdf
[1.376s] -- Up-to-date: /home/hiep0247/hiep_ros2/install/mec_mobile_gazebo/share/ament_index/resource_index/package_run_dependencies/mec_mobile_gazebo
[1.376s] -- Installing: /home/hiep0247/hiep_ros2/install/mec_mobile_gazebo/share/ament_index/resource_index/parent_prefix_path/mec_mobile_gazebo
[1.377s] -- Installing: /home/hiep0247/hiep_ros2/install/mec_mobile_gazebo/share/mec_mobile_gazebo/environment/ament_prefix_path.sh
[1.377s] -- Up-to-date: /home/hiep0247/hiep_ros2/install/mec_mobile_gazebo/share/mec_mobile_gazebo/environment/ament_prefix_path.dsv
[1.377s] -- Installing: /home/hiep0247/hiep_ros2/install/mec_mobile_gazebo/share/mec_mobile_gazebo/environment/path.sh
[1.377s] -- Up-to-date: /home/hiep0247/hiep_ros2/install/mec_mobile_gazebo/share/mec_mobile_gazebo/environment/path.dsv
[1.377s] -- Up-to-date: /home/hiep0247/hiep_ros2/install/mec_mobile_gazebo/share/mec_mobile_gazebo/local_setup.bash
[1.377s] -- Up-to-date: /home/hiep0247/hiep_ros2/install/mec_mobile_gazebo/share/mec_mobile_gazebo/local_setup.sh
[1.377s] -- Up-to-date: /home/hiep0247/hiep_ros2/install/mec_mobile_gazebo/share/mec_mobile_gazebo/local_setup.zsh
[1.377s] -- Up-to-date: /home/hiep0247/hiep_ros2/install/mec_mobile_gazebo/share/mec_mobile_gazebo/local_setup.dsv
[1.377s] -- Installing: /home/hiep0247/hiep_ros2/install/mec_mobile_gazebo/share/mec_mobile_gazebo/package.dsv
[1.377s] -- Up-to-date: /home/hiep0247/hiep_ros2/install/mec_mobile_gazebo/share/ament_index/resource_index/packages/mec_mobile_gazebo
[1.377s] -- Up-to-date: /home/hiep0247/hiep_ros2/install/mec_mobile_gazebo/share/mec_mobile_gazebo/cmake/mec_mobile_gazeboConfig.cmake
[1.377s] -- Up-to-date: /home/hiep0247/hiep_ros2/install/mec_mobile_gazebo/share/mec_mobile_gazebo/cmake/mec_mobile_gazeboConfig-version.cmake
[1.378s] -- Up-to-date: /home/hiep0247/hiep_ros2/install/mec_mobile_gazebo/share/mec_mobile_gazebo/package.xml
[1.378s] Invoked command in '/home/hiep0247/hiep_ros2/build/mec_mobile_gazebo' returned '0': CMAKE_PREFIX_PATH=${CMAKE_PREFIX_PATH}:/home/hiep0247/hiep_ros2/install/hiep_robot2:/opt/ros/jazzy DEBUGINFOD_URLS=https://debuginfod.ubuntu.com /usr/bin/cmake --install /home/hiep0247/hiep_ros2/build/mec_mobile_gazebo
