[0.445s] Invoking command in '/home/hiep0247/hiep_ros2/build/mec_mobile_gazebo': CMAKE_PREFIX_PATH=${CMAKE_PREFIX_PATH}:/home/hiep0247/hiep_ros2/install/hiep_robot2:/home/hiep0247/hiep_ros2/install/agv_hmi:/opt/ros/jazzy DEBUGINFOD_URLS=https://debuginfod.ubuntu.com /usr/bin/cmake /home/hiep0247/hiep_ros2/src/mec_mobile_gazebo -DCMAKE_INSTALL_PREFIX=/home/hiep0247/hiep_ros2/install/mec_mobile_gazebo
[0.520s] -- The C compiler identification is GNU 13.3.0
[0.568s] -- The CXX compiler identification is GNU 13.3.0
[0.583s] -- Detecting C compiler ABI info
[0.696s] -- Detecting C compiler ABI info - done
[0.712s] -- Check for working C compiler: /usr/bin/cc - skipped
[0.712s] -- Detecting C compile features
[0.712s] -- Detecting C compile features - done
[0.721s] -- Detecting CXX compiler ABI info
[0.828s] -- Detecting CXX compiler ABI info - done
[0.836s] -- Check for working CXX compiler: /usr/bin/c++ - skipped
[0.837s] -- Detecting CXX compile features
[0.837s] -- Detecting CXX compile features - done
[0.843s] -- Found ament_cmake: 2.5.6 (/opt/ros/jazzy/share/ament_cmake/cmake)
[0.988s] -- Found Python3: /usr/bin/python3 (found version "3.12.3") found components: Interpreter 
[1.144s] -- Found ros_gz_sim: 1.0.22 (/opt/ros/jazzy/share/ros_gz_sim/cmake)
[1.241s] -- Found rosidl_generator_c: 4.6.9 (/opt/ros/jazzy/share/rosidl_generator_c/cmake)
[1.262s] -- Found rosidl_generator_cpp: 4.6.9 (/opt/ros/jazzy/share/rosidl_generator_cpp/cmake)
[1.294s] -- Using all available rosidl_typesupport_c: rosidl_typesupport_fastrtps_c;rosidl_typesupport_introspection_c
[1.327s] -- Using all available rosidl_typesupport_cpp: rosidl_typesupport_fastrtps_cpp;rosidl_typesupport_introspection_cpp
[1.440s] -- Found rmw_implementation_cmake: 7.3.3 (/opt/ros/jazzy/share/rmw_implementation_cmake/cmake)
[1.445s] -- Found rmw_fastrtps_cpp: 8.4.4 (/opt/ros/jazzy/share/rmw_fastrtps_cpp/cmake)
[1.544s] -- Found OpenSSL: /usr/lib/x86_64-linux-gnu/libcrypto.so (found version "3.0.13")  
[1.561s] -- Found FastRTPS: /opt/ros/jazzy/include (Required is at least version "2.13") 
[1.578s] -- Using RMW implementation 'rmw_fastrtps_cpp' as default
[1.906s] -- Found ament_lint_auto: 0.17.5 (/opt/ros/jazzy/share/ament_lint_auto/cmake)
[1.991s] -- Added test 'flake8' to check Python code syntax and style conventions
[1.991s] -- Configured 'flake8' exclude dirs and/or files: 
[1.991s] -- Added test 'lint_cmake' to check CMake code style
[1.992s] -- Added test 'pep257' to check Python code against some of the docstring style conventions in PEP 257
[1.993s] -- Added test 'xmllint' to check XML markup files
[1.995s] -- Configuring done (1.5s)
[2.000s] -- Generating done (0.0s)
[2.000s] -- Build files have been written to: /home/hiep0247/hiep_ros2/build/mec_mobile_gazebo
