[0.011s] Invoking command in '/home/hiep0247/hiep_ros2/build/mec_mobile_navigation': CMAKE_PREFIX_PATH=${CMAKE_PREFIX_PATH}:/home/hiep0247/hiep_ros2/install/hiep_robot2:/home/hiep0247/hiep_ros2/install/agv_hmi:/opt/ros/jazzy DEBUGINFOD_URLS=https://debuginfod.ubuntu.com /usr/bin/cmake /home/hiep0247/hiep_ros2/src/mec_mobile_navigation -DAMENT_CMAKE_SYMLINK_INSTALL=1 -DCMAKE_INSTALL_PREFIX=/home/hiep0247/hiep_ros2/install/mec_mobile_navigation
[0.039s] -- Found ament_cmake: 2.5.4 (/opt/ros/jazzy/share/ament_cmake/cmake)
[0.254s] -- Override CMake install command with custom implementation using symlinks instead of copying resources
[0.278s] -- Found rclpy: 7.1.4 (/opt/ros/jazzy/share/rclpy/cmake)
[0.365s] -- Found ament_lint_auto: 0.17.2 (/opt/ros/jazzy/share/ament_lint_auto/cmake)
[0.478s] -- Added test 'flake8' to check Python code syntax and style conventions
[0.479s] -- Configured 'flake8' exclude dirs and/or files: 
[0.480s] -- Added test 'lint_cmake' to check CMake code style
[0.480s] -- Added test 'pep257' to check Python code against some of the docstring style conventions in PEP 257
[0.482s] -- Added test 'xmllint' to check XML markup files
[0.485s] -- Configuring done (0.5s)
[0.500s] -- Generating done (0.0s)
[0.503s] -- Build files have been written to: /home/hiep0247/hiep_ros2/build/mec_mobile_navigation
[0.506s] Invoked command in '/home/hiep0247/hiep_ros2/build/mec_mobile_navigation' returned '0': CMAKE_PREFIX_PATH=${CMAKE_PREFIX_PATH}:/home/hiep0247/hiep_ros2/install/hiep_robot2:/home/hiep0247/hiep_ros2/install/agv_hmi:/opt/ros/jazzy DEBUGINFOD_URLS=https://debuginfod.ubuntu.com /usr/bin/cmake /home/hiep0247/hiep_ros2/src/mec_mobile_navigation -DAMENT_CMAKE_SYMLINK_INSTALL=1 -DCMAKE_INSTALL_PREFIX=/home/hiep0247/hiep_ros2/install/mec_mobile_navigation
[0.508s] Invoking command in '/home/hiep0247/hiep_ros2/build/mec_mobile_navigation': CMAKE_PREFIX_PATH=${CMAKE_PREFIX_PATH}:/home/hiep0247/hiep_ros2/install/hiep_robot2:/home/hiep0247/hiep_ros2/install/agv_hmi:/opt/ros/jazzy DEBUGINFOD_URLS=https://debuginfod.ubuntu.com /usr/bin/cmake --build /home/hiep0247/hiep_ros2/build/mec_mobile_navigation -- -j12 -l12
[0.560s] Built target ament_cmake_python_symlink_mec_mobile_navigation
[0.761s] running egg_info
[0.781s] writing mec_mobile_navigation.egg-info/PKG-INFO
[0.781s] writing dependency_links to mec_mobile_navigation.egg-info/dependency_links.txt
[0.781s] writing top-level names to mec_mobile_navigation.egg-info/top_level.txt
[0.838s] reading manifest file 'mec_mobile_navigation.egg-info/SOURCES.txt'
[0.838s] writing manifest file 'mec_mobile_navigation.egg-info/SOURCES.txt'
[0.868s] Built target ament_cmake_python_build_mec_mobile_navigation_egg
[0.879s] Invoked command in '/home/hiep0247/hiep_ros2/build/mec_mobile_navigation' returned '0': CMAKE_PREFIX_PATH=${CMAKE_PREFIX_PATH}:/home/hiep0247/hiep_ros2/install/hiep_robot2:/home/hiep0247/hiep_ros2/install/agv_hmi:/opt/ros/jazzy DEBUGINFOD_URLS=https://debuginfod.ubuntu.com /usr/bin/cmake --build /home/hiep0247/hiep_ros2/build/mec_mobile_navigation -- -j12 -l12
[0.888s] Invoking command in '/home/hiep0247/hiep_ros2/build/mec_mobile_navigation': CMAKE_PREFIX_PATH=${CMAKE_PREFIX_PATH}:/home/hiep0247/hiep_ros2/install/hiep_robot2:/home/hiep0247/hiep_ros2/install/agv_hmi:/opt/ros/jazzy DEBUGINFOD_URLS=https://debuginfod.ubuntu.com /usr/bin/cmake --install /home/hiep0247/hiep_ros2/build/mec_mobile_navigation
[0.895s] -- Install configuration: ""
[0.895s] -- Execute custom install script
[0.895s] -- Up-to-date symlink: /home/hiep0247/hiep_ros2/install/mec_mobile_navigation/share/mec_mobile_navigation/environment/pythonpath.sh
[0.896s] -- Up-to-date symlink: /home/hiep0247/hiep_ros2/install/mec_mobile_navigation/share/mec_mobile_navigation/environment/pythonpath.dsv
[0.896s] -- Up-to-date symlink: /home/hiep0247/hiep_ros2/install/mec_mobile_navigation/lib/python3.12/site-packages/mec_mobile_navigation-0.0.0-py3.12.egg-info/PKG-INFO
[0.896s] -- Up-to-date symlink: /home/hiep0247/hiep_ros2/install/mec_mobile_navigation/lib/python3.12/site-packages/mec_mobile_navigation-0.0.0-py3.12.egg-info/SOURCES.txt
[0.896s] -- Up-to-date symlink: /home/hiep0247/hiep_ros2/install/mec_mobile_navigation/lib/python3.12/site-packages/mec_mobile_navigation-0.0.0-py3.12.egg-info/dependency_links.txt
[0.896s] -- Up-to-date symlink: /home/hiep0247/hiep_ros2/install/mec_mobile_navigation/lib/python3.12/site-packages/mec_mobile_navigation-0.0.0-py3.12.egg-info/top_level.txt
[0.896s] -- Up-to-date symlink: /home/hiep0247/hiep_ros2/install/mec_mobile_navigation/lib/python3.12/site-packages/mec_mobile_navigation/__init__.py
[0.896s] -- Up-to-date symlink: /home/hiep0247/hiep_ros2/install/mec_mobile_navigation/lib/python3.12/site-packages/mec_mobile_navigation/laser_merger_node.py
[0.897s] -- Up-to-date symlink: /home/hiep0247/hiep_ros2/install/mec_mobile_navigation/lib/mec_mobile_navigation/laser_merger_node.py
[0.897s] -- Up-to-date symlink: /home/hiep0247/hiep_ros2/install/mec_mobile_navigation/share/mec_mobile_navigation/launch/localization.launch.py
[0.897s] -- Up-to-date symlink: /home/hiep0247/hiep_ros2/install/mec_mobile_navigation/share/mec_mobile_navigation/launch/mapping.launch.py
[0.897s] -- Up-to-date symlink: /home/hiep0247/hiep_ros2/install/mec_mobile_navigation/share/mec_mobile_navigation/launch/mapping_bckup.launch.py
[0.897s] -- Up-to-date symlink: /home/hiep0247/hiep_ros2/install/mec_mobile_navigation/share/mec_mobile_navigation/launch/navigation.launch.py
[0.897s] -- Up-to-date symlink: /home/hiep0247/hiep_ros2/install/mec_mobile_navigation/share/mec_mobile_navigation/launch/navigation_amcl.launch.py
[0.897s] -- Up-to-date symlink: /home/hiep0247/hiep_ros2/install/mec_mobile_navigation/share/mec_mobile_navigation/launch/spawn_robot_navigation.launch.py
[0.898s] -- Up-to-date symlink: /home/hiep0247/hiep_ros2/install/mec_mobile_navigation/share/mec_mobile_navigation/config/amcl_localization.yaml
[0.898s] -- Up-to-date symlink: /home/hiep0247/hiep_ros2/install/mec_mobile_navigation/share/mec_mobile_navigation/config/amcl_localization_ekf.yaml
[0.898s] -- Up-to-date symlink: /home/hiep0247/hiep_ros2/install/mec_mobile_navigation/share/mec_mobile_navigation/config/ekf.yaml
[0.898s] -- Up-to-date symlink: /home/hiep0247/hiep_ros2/install/mec_mobile_navigation/share/mec_mobile_navigation/config/gz_bridge.yaml
[0.898s] -- Up-to-date symlink: /home/hiep0247/hiep_ros2/install/mec_mobile_navigation/share/mec_mobile_navigation/config/navigation.yaml
[0.898s] -- Up-to-date symlink: /home/hiep0247/hiep_ros2/install/mec_mobile_navigation/share/mec_mobile_navigation/config/navigation_ekf.yaml
[0.898s] -- Up-to-date symlink: /home/hiep0247/hiep_ros2/install/mec_mobile_navigation/share/mec_mobile_navigation/config/slam_toolbox_localization.yaml
[0.898s] -- Up-to-date symlink: /home/hiep0247/hiep_ros2/install/mec_mobile_navigation/share/mec_mobile_navigation/config/slam_toolbox_mapping.yaml
[0.898s] -- Up-to-date symlink: /home/hiep0247/hiep_ros2/install/mec_mobile_navigation/share/mec_mobile_navigation/config/slam_toolbox_mapping_bckup260527.yaml
[0.899s] -- Up-to-date symlink: /home/hiep0247/hiep_ros2/install/mec_mobile_navigation/share/mec_mobile_navigation/rviz/localization.rviz
[0.899s] -- Up-to-date symlink: /home/hiep0247/hiep_ros2/install/mec_mobile_navigation/share/mec_mobile_navigation/rviz/mapping.rviz
[0.899s] -- Up-to-date symlink: /home/hiep0247/hiep_ros2/install/mec_mobile_navigation/share/mec_mobile_navigation/rviz/navigation.rviz
[0.899s] -- Up-to-date symlink: /home/hiep0247/hiep_ros2/install/mec_mobile_navigation/share/mec_mobile_navigation/rviz/navigation_amcl.rviz
[0.899s] -- Up-to-date symlink: /home/hiep0247/hiep_ros2/install/mec_mobile_navigation/share/mec_mobile_navigation/maps/my_map.pgm
[0.899s] -- Up-to-date symlink: /home/hiep0247/hiep_ros2/install/mec_mobile_navigation/share/mec_mobile_navigation/maps/my_map.yaml
[0.899s] -- Up-to-date symlink: /home/hiep0247/hiep_ros2/install/mec_mobile_navigation/share/ament_index/resource_index/package_run_dependencies/mec_mobile_navigation
[0.899s] -- Up-to-date symlink: /home/hiep0247/hiep_ros2/install/mec_mobile_navigation/share/ament_index/resource_index/parent_prefix_path/mec_mobile_navigation
[0.899s] -- Up-to-date symlink: /home/hiep0247/hiep_ros2/install/mec_mobile_navigation/share/mec_mobile_navigation/environment/ament_prefix_path.sh
[0.899s] -- Up-to-date symlink: /home/hiep0247/hiep_ros2/install/mec_mobile_navigation/share/mec_mobile_navigation/environment/ament_prefix_path.dsv
[0.899s] -- Up-to-date symlink: /home/hiep0247/hiep_ros2/install/mec_mobile_navigation/share/mec_mobile_navigation/environment/path.sh
[0.900s] -- Up-to-date symlink: /home/hiep0247/hiep_ros2/install/mec_mobile_navigation/share/mec_mobile_navigation/environment/path.dsv
[0.900s] -- Up-to-date symlink: /home/hiep0247/hiep_ros2/install/mec_mobile_navigation/share/mec_mobile_navigation/local_setup.bash
[0.900s] -- Up-to-date symlink: /home/hiep0247/hiep_ros2/install/mec_mobile_navigation/share/mec_mobile_navigation/local_setup.sh
[0.900s] -- Up-to-date symlink: /home/hiep0247/hiep_ros2/install/mec_mobile_navigation/share/mec_mobile_navigation/local_setup.zsh
[0.900s] -- Up-to-date symlink: /home/hiep0247/hiep_ros2/install/mec_mobile_navigation/share/mec_mobile_navigation/local_setup.dsv
[0.900s] -- Symlinking: /home/hiep0247/hiep_ros2/install/mec_mobile_navigation/share/mec_mobile_navigation/package.dsv
[0.909s] -- Up-to-date symlink: /home/hiep0247/hiep_ros2/install/mec_mobile_navigation/share/ament_index/resource_index/packages/mec_mobile_navigation
[0.909s] -- Up-to-date symlink: /home/hiep0247/hiep_ros2/install/mec_mobile_navigation/share/mec_mobile_navigation/cmake/mec_mobile_navigationConfig.cmake
[0.909s] -- Up-to-date symlink: /home/hiep0247/hiep_ros2/install/mec_mobile_navigation/share/mec_mobile_navigation/cmake/mec_mobile_navigationConfig-version.cmake
[0.909s] -- Up-to-date symlink: /home/hiep0247/hiep_ros2/install/mec_mobile_navigation/share/mec_mobile_navigation/package.xml
[0.943s] Listing '/home/hiep0247/hiep_ros2/install/mec_mobile_navigation/lib/python3.12/site-packages/mec_mobile_navigation'...
[0.950s] Invoked command in '/home/hiep0247/hiep_ros2/build/mec_mobile_navigation' returned '0': CMAKE_PREFIX_PATH=${CMAKE_PREFIX_PATH}:/home/hiep0247/hiep_ros2/install/hiep_robot2:/home/hiep0247/hiep_ros2/install/agv_hmi:/opt/ros/jazzy DEBUGINFOD_URLS=https://debuginfod.ubuntu.com /usr/bin/cmake --install /home/hiep0247/hiep_ros2/build/mec_mobile_navigation
