[0.328s] Invoking command in '/home/hiep0247/hiep_ros2/build/mec_mobile_description1': CMAKE_PREFIX_PATH=${CMAKE_PREFIX_PATH}:/opt/ros/jazzy DEBUGINFOD_URLS=https://debuginfod.ubuntu.com /usr/bin/cmake --build /home/hiep0247/hiep_ros2/build/mec_mobile_description1 -- -j7 -l7
[0.353s] -- Found ament_cmake: 2.5.6 (/opt/ros/jazzy/share/ament_cmake/cmake)
[0.682s] -- Configuring done (0.3s)
[0.687s] -- Generating done (0.0s)
[0.692s] -- Build files have been written to: /home/hiep0247/hiep_ros2/build/mec_mobile_description1
[0.713s] Invoked command in '/home/hiep0247/hiep_ros2/build/mec_mobile_description1' returned '0': CMAKE_PREFIX_PATH=${CMAKE_PREFIX_PATH}:/opt/ros/jazzy DEBUGINFOD_URLS=https://debuginfod.ubuntu.com /usr/bin/cmake --build /home/hiep0247/hiep_ros2/build/mec_mobile_description1 -- -j7 -l7
[0.713s] Invoking command in '/home/hiep0247/hiep_ros2/build/mec_mobile_description1': CMAKE_PREFIX_PATH=${CMAKE_PREFIX_PATH}:/opt/ros/jazzy DEBUGINFOD_URLS=https://debuginfod.ubuntu.com /usr/bin/cmake --install /home/hiep0247/hiep_ros2/build/mec_mobile_description1
[0.719s] -- Install configuration: ""
[0.719s] -- Up-to-date: /home/hiep0247/hiep_ros2/install/mec_mobile_description1/share/mec_mobile_description1/urdf
[0.719s] -- Up-to-date: /home/hiep0247/hiep_ros2/install/mec_mobile_description1/share/mec_mobile_description1/urdf/wheel.urdf.xacro
[0.720s] -- Up-to-date: /home/hiep0247/hiep_ros2/install/mec_mobile_description1/share/mec_mobile_description1/urdf/base.urdf.xacro
[0.720s] -- Up-to-date: /home/hiep0247/hiep_ros2/install/mec_mobile_description1/share/mec_mobile_description1/urdf/imu.urdf.xacro
[0.720s] -- Up-to-date: /home/hiep0247/hiep_ros2/install/mec_mobile_description1/share/mec_mobile_description1/urdf/robot.urdf.xacro
[0.720s] -- Up-to-date: /home/hiep0247/hiep_ros2/install/mec_mobile_description1/share/mec_mobile_description1/urdf/lidar.urdf.xacro
[0.720s] -- Up-to-date: /home/hiep0247/hiep_ros2/install/mec_mobile_description1/share/mec_mobile_description1/meshes
[0.720s] -- Up-to-date: /home/hiep0247/hiep_ros2/install/mec_mobile_description1/share/mec_mobile_description1/meshes/wheel_right.stl
[0.720s] -- Up-to-date: /home/hiep0247/hiep_ros2/install/mec_mobile_description1/share/mec_mobile_description1/meshes/camera.stl
[0.721s] -- Up-to-date: /home/hiep0247/hiep_ros2/install/mec_mobile_description1/share/mec_mobile_description1/meshes/base_bckup.stl
[0.721s] -- Up-to-date: /home/hiep0247/hiep_ros2/install/mec_mobile_description1/share/mec_mobile_description1/meshes/lidar.stl
[0.721s] -- Up-to-date: /home/hiep0247/hiep_ros2/install/mec_mobile_description1/share/mec_mobile_description1/meshes/base.stl
[0.721s] -- Up-to-date: /home/hiep0247/hiep_ros2/install/mec_mobile_description1/share/mec_mobile_description1/meshes/wheel.stl
[0.722s] -- Up-to-date: /home/hiep0247/hiep_ros2/install/mec_mobile_description1/share/mec_mobile_description1/meshes/imu.stl
[0.722s] -- Up-to-date: /home/hiep0247/hiep_ros2/install/mec_mobile_description1/share/mec_mobile_description1/meshes/wheel_bckup.stl
[0.722s] -- Up-to-date: /home/hiep0247/hiep_ros2/install/mec_mobile_description1/share/mec_mobile_description1/meshes/wheel_left.stl
[0.722s] -- Up-to-date: /home/hiep0247/hiep_ros2/install/mec_mobile_description1/share/mec_mobile_description1/launch
[0.722s] -- Up-to-date: /home/hiep0247/hiep_ros2/install/mec_mobile_description1/share/mec_mobile_description1/launch/display.launch.py
[0.722s] -- Installing: /home/hiep0247/hiep_ros2/install/mec_mobile_description1/share/ament_index/resource_index/package_run_dependencies/mec_mobile_description1
[0.722s] -- Installing: /home/hiep0247/hiep_ros2/install/mec_mobile_description1/share/ament_index/resource_index/parent_prefix_path/mec_mobile_description1
[0.722s] -- Installing: /home/hiep0247/hiep_ros2/install/mec_mobile_description1/share/mec_mobile_description1/environment/ament_prefix_path.sh
[0.722s] -- Installing: /home/hiep0247/hiep_ros2/install/mec_mobile_description1/share/mec_mobile_description1/environment/ament_prefix_path.dsv
[0.722s] -- Installing: /home/hiep0247/hiep_ros2/install/mec_mobile_description1/share/mec_mobile_description1/environment/path.sh
[0.723s] -- Installing: /home/hiep0247/hiep_ros2/install/mec_mobile_description1/share/mec_mobile_description1/environment/path.dsv
[0.723s] -- Installing: /home/hiep0247/hiep_ros2/install/mec_mobile_description1/share/mec_mobile_description1/local_setup.bash
[0.723s] -- Installing: /home/hiep0247/hiep_ros2/install/mec_mobile_description1/share/mec_mobile_description1/local_setup.sh
[0.723s] -- Installing: /home/hiep0247/hiep_ros2/install/mec_mobile_description1/share/mec_mobile_description1/local_setup.zsh
[0.723s] -- Installing: /home/hiep0247/hiep_ros2/install/mec_mobile_description1/share/mec_mobile_description1/local_setup.dsv
[0.723s] -- Installing: /home/hiep0247/hiep_ros2/install/mec_mobile_description1/share/mec_mobile_description1/package.dsv
[0.723s] -- Installing: /home/hiep0247/hiep_ros2/install/mec_mobile_description1/share/ament_index/resource_index/packages/mec_mobile_description1
[0.724s] -- Installing: /home/hiep0247/hiep_ros2/install/mec_mobile_description1/share/mec_mobile_description1/cmake/mec_mobile_description1Config.cmake
[0.728s] -- Installing: /home/hiep0247/hiep_ros2/install/mec_mobile_description1/share/mec_mobile_description1/cmake/mec_mobile_description1Config-version.cmake
[0.728s] -- Installing: /home/hiep0247/hiep_ros2/install/mec_mobile_description1/share/mec_mobile_description1/package.xml
[0.729s] Invoked command in '/home/hiep0247/hiep_ros2/build/mec_mobile_description1' returned '0': CMAKE_PREFIX_PATH=${CMAKE_PREFIX_PATH}:/opt/ros/jazzy DEBUGINFOD_URLS=https://debuginfod.ubuntu.com /usr/bin/cmake --install /home/hiep0247/hiep_ros2/build/mec_mobile_description1
