[0.039s] Invoking command in '/home/hiep0247/hiep_ros2/build/mec_mobile_description': CMAKE_PREFIX_PATH=${CMAKE_PREFIX_PATH}:/opt/ros/jazzy DEBUGINFOD_URLS=https://debuginfod.ubuntu.com /usr/bin/cmake /home/hiep0247/hiep_ros2/src/mec_mobile_description -DCMAKE_INSTALL_PREFIX=/home/hiep0247/hiep_ros2/install/mec_mobile_description
[0.375s] -- Found ament_cmake: 2.5.6 (/opt/ros/jazzy/share/ament_cmake/cmake)
[0.375s] -- Found ament_lint_auto: 0.17.5 (/opt/ros/jazzy/share/ament_lint_auto/cmake)
[0.386s] -- Added test 'flake8' to check Python code syntax and style conventions
[0.387s] -- Configured 'flake8' exclude dirs and/or files: 
[0.387s] -- Added test 'lint_cmake' to check CMake code style
[0.388s] -- Added test 'pep257' to check Python code against some of the docstring style conventions in PEP 257
[0.392s] -- Added test 'xmllint' to check XML markup files
[0.395s] -- Configuring done (0.3s)
[0.399s] -- Generating done (0.0s)
[0.399s] -- Build files have been written to: /home/hiep0247/hiep_ros2/build/mec_mobile_description
[0.408s] Invoked command in '/home/hiep0247/hiep_ros2/build/mec_mobile_description' returned '0': CMAKE_PREFIX_PATH=${CMAKE_PREFIX_PATH}:/opt/ros/jazzy DEBUGINFOD_URLS=https://debuginfod.ubuntu.com /usr/bin/cmake /home/hiep0247/hiep_ros2/src/mec_mobile_description -DCMAKE_INSTALL_PREFIX=/home/hiep0247/hiep_ros2/install/mec_mobile_description
[0.408s] Invoking command in '/home/hiep0247/hiep_ros2/build/mec_mobile_description': CMAKE_PREFIX_PATH=${CMAKE_PREFIX_PATH}:/opt/ros/jazzy DEBUGINFOD_URLS=https://debuginfod.ubuntu.com /usr/bin/cmake --build /home/hiep0247/hiep_ros2/build/mec_mobile_description -- -j7 -l7
[0.513s] Invoked command in '/home/hiep0247/hiep_ros2/build/mec_mobile_description' returned '0': CMAKE_PREFIX_PATH=${CMAKE_PREFIX_PATH}:/opt/ros/jazzy DEBUGINFOD_URLS=https://debuginfod.ubuntu.com /usr/bin/cmake --build /home/hiep0247/hiep_ros2/build/mec_mobile_description -- -j7 -l7
[0.521s] Invoking command in '/home/hiep0247/hiep_ros2/build/mec_mobile_description': CMAKE_PREFIX_PATH=${CMAKE_PREFIX_PATH}:/opt/ros/jazzy DEBUGINFOD_URLS=https://debuginfod.ubuntu.com /usr/bin/cmake --install /home/hiep0247/hiep_ros2/build/mec_mobile_description
[0.533s] -- Install configuration: ""
[0.533s] -- Installing: /home/hiep0247/hiep_ros2/install/mec_mobile_description/share/mec_mobile_description/meshes
[0.534s] -- Installing: /home/hiep0247/hiep_ros2/install/mec_mobile_description/share/mec_mobile_description/meshes/camera.stl
[0.537s] -- Installing: /home/hiep0247/hiep_ros2/install/mec_mobile_description/share/mec_mobile_description/meshes/intel_realsense
[0.537s] -- Installing: /home/hiep0247/hiep_ros2/install/mec_mobile_description/share/mec_mobile_description/meshes/intel_realsense/visual
[0.537s] -- Installing: /home/hiep0247/hiep_ros2/install/mec_mobile_description/share/mec_mobile_description/meshes/intel_realsense/visual/d435.stl
[0.549s] -- Installing: /home/hiep0247/hiep_ros2/install/mec_mobile_description/share/mec_mobile_description/meshes/lidar.stl
[0.552s] -- Installing: /home/hiep0247/hiep_ros2/install/mec_mobile_description/share/mec_mobile_description/meshes/rplidar
[0.552s] -- Installing: /home/hiep0247/hiep_ros2/install/mec_mobile_description/share/mec_mobile_description/meshes/rplidar/Lidar_tim.stl
[0.554s] -- Installing: /home/hiep0247/hiep_ros2/install/mec_mobile_description/share/mec_mobile_description/meshes/rplidar/rplidar_s2.stl
[0.555s] -- Installing: /home/hiep0247/hiep_ros2/install/mec_mobile_description/share/mec_mobile_description/meshes/base.stl
[0.589s] -- Installing: /home/hiep0247/hiep_ros2/install/mec_mobile_description/share/mec_mobile_description/meshes/wheel.stl
[0.589s] -- Installing: /home/hiep0247/hiep_ros2/install/mec_mobile_description/share/mec_mobile_description/meshes/imu.stl
[0.589s] -- Installing: /home/hiep0247/hiep_ros2/install/mec_mobile_description/share/mec_mobile_description/meshes/robot_3d_v1
[0.589s] -- Installing: /home/hiep0247/hiep_ros2/install/mec_mobile_description/share/mec_mobile_description/meshes/robot_3d_v1/Bản vẽ
[0.589s] -- Installing: /home/hiep0247/hiep_ros2/install/mec_mobile_description/share/mec_mobile_description/meshes/robot_3d_v1/Bản vẽ/Wheel_AGV.stl
[0.590s] -- Installing: /home/hiep0247/hiep_ros2/install/mec_mobile_description/share/mec_mobile_description/meshes/robot_3d_v1/Bản vẽ/Imu.stl
[0.590s] -- Installing: /home/hiep0247/hiep_ros2/install/mec_mobile_description/share/mec_mobile_description/meshes/robot_3d_v1/Bản vẽ/Lidar.stl
[0.591s] -- Installing: /home/hiep0247/hiep_ros2/install/mec_mobile_description/share/mec_mobile_description/meshes/robot_3d_v1/Bản vẽ/Base.stl
[0.635s] -- Installing: /home/hiep0247/hiep_ros2/install/mec_mobile_description/share/mec_mobile_description/meshes/robot_3d_v1/Bản vẽ/Camera.stl
[0.636s] -- Installing: /home/hiep0247/hiep_ros2/install/mec_mobile_description/share/mec_mobile_description/meshes/robot_3d_v1/Wheel_left.stl
[0.636s] -- Installing: /home/hiep0247/hiep_ros2/install/mec_mobile_description/share/mec_mobile_description/meshes/robot_3d_v1/Imu.stl
[0.637s] -- Installing: /home/hiep0247/hiep_ros2/install/mec_mobile_description/share/mec_mobile_description/meshes/robot_3d_v1/Bản vẽ.zip
[0.686s] -- Installing: /home/hiep0247/hiep_ros2/install/mec_mobile_description/share/mec_mobile_description/meshes/robot_3d_v1/Lidar_tim.stl
[0.687s] -- Installing: /home/hiep0247/hiep_ros2/install/mec_mobile_description/share/mec_mobile_description/meshes/robot_3d_v1/Base.stl
[0.806s] -- Installing: /home/hiep0247/hiep_ros2/install/mec_mobile_description/share/mec_mobile_description/meshes/robot_3d_v1/Wheel_right.stl
[0.808s] -- Installing: /home/hiep0247/hiep_ros2/install/mec_mobile_description/share/mec_mobile_description/meshes/robot_3d_v1/Camera.stl
[0.808s] -- Installing: /home/hiep0247/hiep_ros2/install/mec_mobile_description/share/mec_mobile_description/meshes/robot_3d
[0.809s] -- Installing: /home/hiep0247/hiep_ros2/install/mec_mobile_description/share/mec_mobile_description/meshes/robot_3d/visual
[0.809s] -- Installing: /home/hiep0247/hiep_ros2/install/mec_mobile_description/share/mec_mobile_description/meshes/robot_3d/visual/laser_link.STL
[0.827s] -- Installing: /home/hiep0247/hiep_ros2/install/mec_mobile_description/share/mec_mobile_description/meshes/robot_3d/visual/base_link_X3.STL
[0.829s] -- Installing: /home/hiep0247/hiep_ros2/install/mec_mobile_description/share/mec_mobile_description/meshes/robot_3d/visual/front_right_wheel_X3.STL
[0.836s] -- Installing: /home/hiep0247/hiep_ros2/install/mec_mobile_description/share/mec_mobile_description/meshes/robot_3d/visual/front_left_wheel_X3.STL
[0.846s] -- Installing: /home/hiep0247/hiep_ros2/install/mec_mobile_description/share/mec_mobile_description/meshes/robot_3d/visual/camera_link.STL
[0.847s] -- Installing: /home/hiep0247/hiep_ros2/install/mec_mobile_description/share/mec_mobile_description/meshes/robot_3d/visual/back_right_wheel_X3.STL
[0.849s] -- Installing: /home/hiep0247/hiep_ros2/install/mec_mobile_description/share/mec_mobile_description/meshes/robot_3d/visual/back_left_wheel_X3.STL
[0.852s] -- Installing: /home/hiep0247/hiep_ros2/install/mec_mobile_description/share/mec_mobile_description/urdf
[0.852s] -- Installing: /home/hiep0247/hiep_ros2/install/mec_mobile_description/share/mec_mobile_description/urdf/robots
[0.852s] -- Installing: /home/hiep0247/hiep_ros2/install/mec_mobile_description/share/mec_mobile_description/urdf/robots/robot_3d_agv.urdf.xacro
[0.852s] -- Installing: /home/hiep0247/hiep_ros2/install/mec_mobile_description/share/mec_mobile_description/urdf/robots/robot_3d.urdf.xacro
[0.852s] -- Installing: /home/hiep0247/hiep_ros2/install/mec_mobile_description/share/mec_mobile_description/urdf/control
[0.853s] -- Installing: /home/hiep0247/hiep_ros2/install/mec_mobile_description/share/mec_mobile_description/urdf/control/mec_mobile_v1.gazebo
[0.853s] -- Installing: /home/hiep0247/hiep_ros2/install/mec_mobile_description/share/mec_mobile_description/urdf/control/mec_mobile.gazebo
[0.853s] -- Installing: /home/hiep0247/hiep_ros2/install/mec_mobile_description/share/mec_mobile_description/urdf/wheel.urdf.xacro
[0.854s] -- Installing: /home/hiep0247/hiep_ros2/install/mec_mobile_description/share/mec_mobile_description/urdf/mech
[0.854s] -- Installing: /home/hiep0247/hiep_ros2/install/mec_mobile_description/share/mec_mobile_description/urdf/mech/mecanum_wheel.urdf.xacro
[0.854s] -- Installing: /home/hiep0247/hiep_ros2/install/mec_mobile_description/share/mec_mobile_description/urdf/mech/robot_3d_base.urdf.xacro
[0.854s] -- Installing: /home/hiep0247/hiep_ros2/install/mec_mobile_description/share/mec_mobile_description/urdf/sensors
[0.854s] -- Installing: /home/hiep0247/hiep_ros2/install/mec_mobile_description/share/mec_mobile_description/urdf/sensors/imu.urdf.xacro
[0.854s] -- Installing: /home/hiep0247/hiep_ros2/install/mec_mobile_description/share/mec_mobile_description/urdf/sensors/rgbd_camera.urdf.xacro
[0.855s] -- Installing: /home/hiep0247/hiep_ros2/install/mec_mobile_description/share/mec_mobile_description/urdf/sensors/lidar.urdf.xacro
[0.855s] -- Installing: /home/hiep0247/hiep_ros2/install/mec_mobile_description/share/mec_mobile_description/urdf/base.urdf.xacro
[0.855s] -- Installing: /home/hiep0247/hiep_ros2/install/mec_mobile_description/share/mec_mobile_description/urdf/imu.urdf.xacro
[0.856s] -- Installing: /home/hiep0247/hiep_ros2/install/mec_mobile_description/share/mec_mobile_description/urdf/materials.xacro
[0.856s] -- Installing: /home/hiep0247/hiep_ros2/install/mec_mobile_description/share/mec_mobile_description/urdf/robot.urdf.xacro
[0.856s] -- Installing: /home/hiep0247/hiep_ros2/install/mec_mobile_description/share/mec_mobile_description/urdf/lidar.urdf.xacro
[0.857s] -- Installing: /home/hiep0247/hiep_ros2/install/mec_mobile_description/share/mec_mobile_description/launch
[0.857s] -- Installing: /home/hiep0247/hiep_ros2/install/mec_mobile_description/share/mec_mobile_description/launch/check_urdf.launch.py
[0.857s] -- Installing: /home/hiep0247/hiep_ros2/install/mec_mobile_description/share/mec_mobile_description/launch/robot_state_publisher.launch.py
[0.857s] -- Installing: /home/hiep0247/hiep_ros2/install/mec_mobile_description/share/mec_mobile_description/launch/display_urdf_v1.launch.py
[0.858s] -- Installing: /home/hiep0247/hiep_ros2/install/mec_mobile_description/share/mec_mobile_description/rviz
[0.858s] -- Installing: /home/hiep0247/hiep_ros2/install/mec_mobile_description/share/mec_mobile_description/rviz/rviz.rviz
[0.858s] -- Installing: /home/hiep0247/hiep_ros2/install/mec_mobile_description/share/mec_mobile_description/rviz/mec_mobile_description.rviz
[0.858s] -- Installing: /home/hiep0247/hiep_ros2/install/mec_mobile_description/share/mec_mobile_description/rviz/mec_mobile_description_agv.rviz
[0.859s] -- Installing: /home/hiep0247/hiep_ros2/install/mec_mobile_description/share/ament_index/resource_index/package_run_dependencies/mec_mobile_description
[0.859s] -- Installing: /home/hiep0247/hiep_ros2/install/mec_mobile_description/share/ament_index/resource_index/parent_prefix_path/mec_mobile_description
[0.859s] -- Installing: /home/hiep0247/hiep_ros2/install/mec_mobile_description/share/mec_mobile_description/environment/ament_prefix_path.sh
[0.859s] -- Installing: /home/hiep0247/hiep_ros2/install/mec_mobile_description/share/mec_mobile_description/environment/ament_prefix_path.dsv
[0.859s] -- Installing: /home/hiep0247/hiep_ros2/install/mec_mobile_description/share/mec_mobile_description/environment/path.sh
[0.860s] -- Installing: /home/hiep0247/hiep_ros2/install/mec_mobile_description/share/mec_mobile_description/environment/path.dsv
[0.860s] -- Installing: /home/hiep0247/hiep_ros2/install/mec_mobile_description/share/mec_mobile_description/local_setup.bash
[0.860s] -- Installing: /home/hiep0247/hiep_ros2/install/mec_mobile_description/share/mec_mobile_description/local_setup.sh
[0.860s] -- Installing: /home/hiep0247/hiep_ros2/install/mec_mobile_description/share/mec_mobile_description/local_setup.zsh
[0.860s] -- Installing: /home/hiep0247/hiep_ros2/install/mec_mobile_description/share/mec_mobile_description/local_setup.dsv
[0.860s] -- Installing: /home/hiep0247/hiep_ros2/install/mec_mobile_description/share/mec_mobile_description/package.dsv
[0.860s] -- Installing: /home/hiep0247/hiep_ros2/install/mec_mobile_description/share/ament_index/resource_index/packages/mec_mobile_description
[0.860s] -- Installing: /home/hiep0247/hiep_ros2/install/mec_mobile_description/share/mec_mobile_description/cmake/mec_mobile_descriptionConfig.cmake
[0.861s] -- Installing: /home/hiep0247/hiep_ros2/install/mec_mobile_description/share/mec_mobile_description/cmake/mec_mobile_descriptionConfig-version.cmake
[0.861s] -- Installing: /home/hiep0247/hiep_ros2/install/mec_mobile_description/share/mec_mobile_description/package.xml
