running develop
Removing /home/hiep0247/hiep_ros2/install/hiep_robot2/lib/python3.12/site-packages/hiep-robot2.egg-link (link to .)
running egg_info
writing ../../build/hiep_robot2/hiep_robot2.egg-info/PKG-INFO
writing dependency_links to ../../build/hiep_robot2/hiep_robot2.egg-info/dependency_links.txt
writing entry points to ../../build/hiep_robot2/hiep_robot2.egg-info/entry_points.txt
writing requirements to ../../build/hiep_robot2/hiep_robot2.egg-info/requires.txt
writing top-level names to ../../build/hiep_robot2/hiep_robot2.egg-info/top_level.txt
reading manifest file '../../build/hiep_robot2/hiep_robot2.egg-info/SOURCES.txt'
writing manifest file '../../build/hiep_robot2/hiep_robot2.egg-info/SOURCES.txt'
running build
running build_py
copying hiep_robot2/plc_io_protocol.py -> /home/hiep0247/hiep_ros2/build/hiep_robot2/build/lib/hiep_robot2
copying hiep_robot2/mega2560_plc_bridge_node.py -> /home/hiep0247/hiep_ros2/build/hiep_robot2/build/lib/hiep_robot2
running install
running install_lib
creating /home/hiep0247/hiep_ros2/install/hiep_robot2/lib/python3.12/site-packages/hiep_robot2
copying /home/hiep0247/hiep_ros2/build/hiep_robot2/build/lib/hiep_robot2/protocol.py -> /home/hiep0247/hiep_ros2/install/hiep_robot2/lib/python3.12/site-packages/hiep_robot2
copying /home/hiep0247/hiep_ros2/build/hiep_robot2/build/lib/hiep_robot2/plc_io_protocol.py -> /home/hiep0247/hiep_ros2/install/hiep_robot2/lib/python3.12/site-packages/hiep_robot2
copying /home/hiep0247/hiep_ros2/build/hiep_robot2/build/lib/hiep_robot2/keya_driver_bridge_node.py -> /home/hiep0247/hiep_ros2/install/hiep_robot2/lib/python3.12/site-packages/hiep_robot2
copying /home/hiep0247/hiep_ros2/build/hiep_robot2/build/lib/hiep_robot2/esp32_bridge_node.py -> /home/hiep0247/hiep_ros2/install/hiep_robot2/lib/python3.12/site-packages/hiep_robot2
copying /home/hiep0247/hiep_ros2/build/hiep_robot2/build/lib/hiep_robot2/mega2560_plc_bridge_node.py -> /home/hiep0247/hiep_ros2/install/hiep_robot2/lib/python3.12/site-packages/hiep_robot2
copying /home/hiep0247/hiep_ros2/build/hiep_robot2/build/lib/hiep_robot2/keya_protocol.py -> /home/hiep0247/hiep_ros2/install/hiep_robot2/lib/python3.12/site-packages/hiep_robot2
copying /home/hiep0247/hiep_ros2/build/hiep_robot2/build/lib/hiep_robot2/__init__.py -> /home/hiep0247/hiep_ros2/install/hiep_robot2/lib/python3.12/site-packages/hiep_robot2
byte-compiling /home/hiep0247/hiep_ros2/install/hiep_robot2/lib/python3.12/site-packages/hiep_robot2/protocol.py to protocol.cpython-312.pyc
byte-compiling /home/hiep0247/hiep_ros2/install/hiep_robot2/lib/python3.12/site-packages/hiep_robot2/plc_io_protocol.py to plc_io_protocol.cpython-312.pyc
byte-compiling /home/hiep0247/hiep_ros2/install/hiep_robot2/lib/python3.12/site-packages/hiep_robot2/keya_driver_bridge_node.py to keya_driver_bridge_node.cpython-312.pyc
byte-compiling /home/hiep0247/hiep_ros2/install/hiep_robot2/lib/python3.12/site-packages/hiep_robot2/esp32_bridge_node.py to esp32_bridge_node.cpython-312.pyc
byte-compiling /home/hiep0247/hiep_ros2/install/hiep_robot2/lib/python3.12/site-packages/hiep_robot2/mega2560_plc_bridge_node.py to mega2560_plc_bridge_node.cpython-312.pyc
byte-compiling /home/hiep0247/hiep_ros2/install/hiep_robot2/lib/python3.12/site-packages/hiep_robot2/keya_protocol.py to keya_protocol.cpython-312.pyc
byte-compiling /home/hiep0247/hiep_ros2/install/hiep_robot2/lib/python3.12/site-packages/hiep_robot2/__init__.py to __init__.cpython-312.pyc
running install_data
copying resource/hiep_robot2 -> /home/hiep0247/hiep_ros2/install/hiep_robot2/share/ament_index/resource_index/packages
copying package.xml -> /home/hiep0247/hiep_ros2/install/hiep_robot2/share/hiep_robot2
copying launch/hardware_selector.launch.py -> /home/hiep0247/hiep_ros2/install/hiep_robot2/share/hiep_robot2/launch
copying launch/keya_with_mega2560_plc.launch.py -> /home/hiep0247/hiep_ros2/install/hiep_robot2/share/hiep_robot2/launch
copying launch/esp32_hardware.launch.py -> /home/hiep0247/hiep_ros2/install/hiep_robot2/share/hiep_robot2/launch
copying launch/mega2560_plc.launch.py -> /home/hiep0247/hiep_ros2/install/hiep_robot2/share/hiep_robot2/launch
copying launch/esp32_with_mega2560_plc.launch.py -> /home/hiep0247/hiep_ros2/install/hiep_robot2/share/hiep_robot2/launch
copying launch/keya_hardware.launch.py -> /home/hiep0247/hiep_ros2/install/hiep_robot2/share/hiep_robot2/launch
copying config/keya_hardware.yaml -> /home/hiep0247/hiep_ros2/install/hiep_robot2/share/hiep_robot2/config
copying config/esp32_hardware.yaml -> /home/hiep0247/hiep_ros2/install/hiep_robot2/share/hiep_robot2/config
copying config/mega2560_plc.yaml -> /home/hiep0247/hiep_ros2/install/hiep_robot2/share/hiep_robot2/config
copying firmware/agv_esp32/agv_esp32.ino -> /home/hiep0247/hiep_ros2/install/hiep_robot2/share/hiep_robot2/firmware/agv_esp32
creating /home/hiep0247/hiep_ros2/install/hiep_robot2/share/hiep_robot2/firmware/mega2560_plc
copying firmware/mega2560_plc/mega2560_plc.ino -> /home/hiep0247/hiep_ros2/install/hiep_robot2/share/hiep_robot2/firmware/mega2560_plc
running install_egg_info
Copying ../../build/hiep_robot2/hiep_robot2.egg-info to /home/hiep0247/hiep_ros2/install/hiep_robot2/lib/python3.12/site-packages/hiep_robot2-0.3.0-py3.12.egg-info
running install_scripts
Installing esp32_bridge_node script to /home/hiep0247/hiep_ros2/install/hiep_robot2/lib/hiep_robot2
Installing keya_driver_bridge_node script to /home/hiep0247/hiep_ros2/install/hiep_robot2/lib/hiep_robot2
Installing mega2560_plc_bridge_node script to /home/hiep0247/hiep_ros2/install/hiep_robot2/lib/hiep_robot2
writing list of installed files to '/home/hiep0247/hiep_ros2/build/hiep_robot2/install.log'
