[0.886s] Invoking command in '/home/hiep0247/hiep_ros2/build/hiep_robot2': DEBUGINFOD_URLS=https://debuginfod.ubuntu.com PYTHONPATH=/home/hiep0247/hiep_ros2/build/hiep_robot2/prefix_override:/usr/lib/python3/dist-packages/colcon_core/task/python/colcon_distutils_commands:/home/hiep0247/hiep_ros2/install/hiep_robot2/lib/python3.12/site-packages:${PYTHONPATH} /usr/bin/python3 -W ignore:setup.py install is deprecated -W ignore:easy_install command is deprecated setup.py develop --uninstall --editable --build-directory /home/hiep0247/hiep_ros2/build/hiep_robot2/build
[1.079s] running develop
[1.199s] Removing /home/hiep0247/hiep_ros2/install/hiep_robot2/lib/python3.12/site-packages/hiep-robot2.egg-link (link to .)
[1.252s] Invoked command in '/home/hiep0247/hiep_ros2/build/hiep_robot2' returned '0': DEBUGINFOD_URLS=https://debuginfod.ubuntu.com PYTHONPATH=/home/hiep0247/hiep_ros2/build/hiep_robot2/prefix_override:/usr/lib/python3/dist-packages/colcon_core/task/python/colcon_distutils_commands:/home/hiep0247/hiep_ros2/install/hiep_robot2/lib/python3.12/site-packages:${PYTHONPATH} /usr/bin/python3 -W ignore:setup.py install is deprecated -W ignore:easy_install command is deprecated setup.py develop --uninstall --editable --build-directory /home/hiep0247/hiep_ros2/build/hiep_robot2/build
[1.253s] Invoking command in '/home/hiep0247/hiep_ros2/src/hiep_robot2': DEBUGINFOD_URLS=https://debuginfod.ubuntu.com PYTHONPATH=/home/hiep0247/hiep_ros2/build/hiep_robot2/prefix_override:/usr/lib/python3/dist-packages/colcon_core/task/python/colcon_distutils_commands:/home/hiep0247/hiep_ros2/install/hiep_robot2/lib/python3.12/site-packages:${PYTHONPATH} /usr/bin/python3 -W ignore:setup.py install is deprecated -W ignore:easy_install command is deprecated setup.py egg_info --egg-base ../../build/hiep_robot2 build --build-base /home/hiep0247/hiep_ros2/build/hiep_robot2/build install --record /home/hiep0247/hiep_ros2/build/hiep_robot2/install.log --install-scripts $base/lib/hiep_robot2 --single-version-externally-managed install_data --force
[1.427s] running egg_info
[1.439s] writing ../../build/hiep_robot2/hiep_robot2.egg-info/PKG-INFO
[1.439s] writing dependency_links to ../../build/hiep_robot2/hiep_robot2.egg-info/dependency_links.txt
[1.439s] writing entry points to ../../build/hiep_robot2/hiep_robot2.egg-info/entry_points.txt
[1.439s] writing requirements to ../../build/hiep_robot2/hiep_robot2.egg-info/requires.txt
[1.439s] writing top-level names to ../../build/hiep_robot2/hiep_robot2.egg-info/top_level.txt
[1.463s] reading manifest file '../../build/hiep_robot2/hiep_robot2.egg-info/SOURCES.txt'
[1.464s] writing manifest file '../../build/hiep_robot2/hiep_robot2.egg-info/SOURCES.txt'
[1.464s] running build
[1.464s] running build_py
[1.464s] copying hiep_robot2/plc_io_protocol.py -> /home/hiep0247/hiep_ros2/build/hiep_robot2/build/lib/hiep_robot2
[1.464s] copying hiep_robot2/mega2560_plc_bridge_node.py -> /home/hiep0247/hiep_ros2/build/hiep_robot2/build/lib/hiep_robot2
[1.464s] running install
[1.469s] running install_lib
[1.481s] creating /home/hiep0247/hiep_ros2/install/hiep_robot2/lib/python3.12/site-packages/hiep_robot2
[1.481s] copying /home/hiep0247/hiep_ros2/build/hiep_robot2/build/lib/hiep_robot2/protocol.py -> /home/hiep0247/hiep_ros2/install/hiep_robot2/lib/python3.12/site-packages/hiep_robot2
[1.481s] copying /home/hiep0247/hiep_ros2/build/hiep_robot2/build/lib/hiep_robot2/plc_io_protocol.py -> /home/hiep0247/hiep_ros2/install/hiep_robot2/lib/python3.12/site-packages/hiep_robot2
[1.481s] copying /home/hiep0247/hiep_ros2/build/hiep_robot2/build/lib/hiep_robot2/keya_driver_bridge_node.py -> /home/hiep0247/hiep_ros2/install/hiep_robot2/lib/python3.12/site-packages/hiep_robot2
[1.481s] copying /home/hiep0247/hiep_ros2/build/hiep_robot2/build/lib/hiep_robot2/esp32_bridge_node.py -> /home/hiep0247/hiep_ros2/install/hiep_robot2/lib/python3.12/site-packages/hiep_robot2
[1.481s] copying /home/hiep0247/hiep_ros2/build/hiep_robot2/build/lib/hiep_robot2/mega2560_plc_bridge_node.py -> /home/hiep0247/hiep_ros2/install/hiep_robot2/lib/python3.12/site-packages/hiep_robot2
[1.481s] copying /home/hiep0247/hiep_ros2/build/hiep_robot2/build/lib/hiep_robot2/keya_protocol.py -> /home/hiep0247/hiep_ros2/install/hiep_robot2/lib/python3.12/site-packages/hiep_robot2
[1.481s] copying /home/hiep0247/hiep_ros2/build/hiep_robot2/build/lib/hiep_robot2/__init__.py -> /home/hiep0247/hiep_ros2/install/hiep_robot2/lib/python3.12/site-packages/hiep_robot2
[1.482s] byte-compiling /home/hiep0247/hiep_ros2/install/hiep_robot2/lib/python3.12/site-packages/hiep_robot2/protocol.py to protocol.cpython-312.pyc
[1.482s] byte-compiling /home/hiep0247/hiep_ros2/install/hiep_robot2/lib/python3.12/site-packages/hiep_robot2/plc_io_protocol.py to plc_io_protocol.cpython-312.pyc
[1.483s] byte-compiling /home/hiep0247/hiep_ros2/install/hiep_robot2/lib/python3.12/site-packages/hiep_robot2/keya_driver_bridge_node.py to keya_driver_bridge_node.cpython-312.pyc
[1.486s] byte-compiling /home/hiep0247/hiep_ros2/install/hiep_robot2/lib/python3.12/site-packages/hiep_robot2/esp32_bridge_node.py to esp32_bridge_node.cpython-312.pyc
[1.489s] byte-compiling /home/hiep0247/hiep_ros2/install/hiep_robot2/lib/python3.12/site-packages/hiep_robot2/mega2560_plc_bridge_node.py to mega2560_plc_bridge_node.cpython-312.pyc
[1.491s] byte-compiling /home/hiep0247/hiep_ros2/install/hiep_robot2/lib/python3.12/site-packages/hiep_robot2/keya_protocol.py to keya_protocol.cpython-312.pyc
[1.492s] byte-compiling /home/hiep0247/hiep_ros2/install/hiep_robot2/lib/python3.12/site-packages/hiep_robot2/__init__.py to __init__.cpython-312.pyc
[1.492s] running install_data
[1.492s] copying resource/hiep_robot2 -> /home/hiep0247/hiep_ros2/install/hiep_robot2/share/ament_index/resource_index/packages
[1.492s] copying package.xml -> /home/hiep0247/hiep_ros2/install/hiep_robot2/share/hiep_robot2
[1.492s] copying launch/hardware_selector.launch.py -> /home/hiep0247/hiep_ros2/install/hiep_robot2/share/hiep_robot2/launch
[1.492s] copying launch/keya_with_mega2560_plc.launch.py -> /home/hiep0247/hiep_ros2/install/hiep_robot2/share/hiep_robot2/launch
[1.492s] copying launch/esp32_hardware.launch.py -> /home/hiep0247/hiep_ros2/install/hiep_robot2/share/hiep_robot2/launch
[1.492s] copying launch/mega2560_plc.launch.py -> /home/hiep0247/hiep_ros2/install/hiep_robot2/share/hiep_robot2/launch
[1.492s] copying launch/esp32_with_mega2560_plc.launch.py -> /home/hiep0247/hiep_ros2/install/hiep_robot2/share/hiep_robot2/launch
[1.493s] copying launch/keya_hardware.launch.py -> /home/hiep0247/hiep_ros2/install/hiep_robot2/share/hiep_robot2/launch
[1.493s] copying config/keya_hardware.yaml -> /home/hiep0247/hiep_ros2/install/hiep_robot2/share/hiep_robot2/config
[1.493s] copying config/esp32_hardware.yaml -> /home/hiep0247/hiep_ros2/install/hiep_robot2/share/hiep_robot2/config
[1.493s] copying config/mega2560_plc.yaml -> /home/hiep0247/hiep_ros2/install/hiep_robot2/share/hiep_robot2/config
[1.494s] copying firmware/agv_esp32/agv_esp32.ino -> /home/hiep0247/hiep_ros2/install/hiep_robot2/share/hiep_robot2/firmware/agv_esp32
[1.494s] creating /home/hiep0247/hiep_ros2/install/hiep_robot2/share/hiep_robot2/firmware/mega2560_plc
[1.494s] copying firmware/mega2560_plc/mega2560_plc.ino -> /home/hiep0247/hiep_ros2/install/hiep_robot2/share/hiep_robot2/firmware/mega2560_plc
[1.494s] running install_egg_info
[1.510s] Copying ../../build/hiep_robot2/hiep_robot2.egg-info to /home/hiep0247/hiep_ros2/install/hiep_robot2/lib/python3.12/site-packages/hiep_robot2-0.3.0-py3.12.egg-info
[1.511s] running install_scripts
[1.591s] Installing esp32_bridge_node script to /home/hiep0247/hiep_ros2/install/hiep_robot2/lib/hiep_robot2
[1.591s] Installing keya_driver_bridge_node script to /home/hiep0247/hiep_ros2/install/hiep_robot2/lib/hiep_robot2
[1.591s] Installing mega2560_plc_bridge_node script to /home/hiep0247/hiep_ros2/install/hiep_robot2/lib/hiep_robot2
[1.592s] writing list of installed files to '/home/hiep0247/hiep_ros2/build/hiep_robot2/install.log'
[1.612s] Invoked command in '/home/hiep0247/hiep_ros2/src/hiep_robot2' returned '0': DEBUGINFOD_URLS=https://debuginfod.ubuntu.com PYTHONPATH=/home/hiep0247/hiep_ros2/build/hiep_robot2/prefix_override:/usr/lib/python3/dist-packages/colcon_core/task/python/colcon_distutils_commands:/home/hiep0247/hiep_ros2/install/hiep_robot2/lib/python3.12/site-packages:${PYTHONPATH} /usr/bin/python3 -W ignore:setup.py install is deprecated -W ignore:easy_install command is deprecated setup.py egg_info --egg-base ../../build/hiep_robot2 build --build-base /home/hiep0247/hiep_ros2/build/hiep_robot2/build install --record /home/hiep0247/hiep_ros2/build/hiep_robot2/install.log --install-scripts $base/lib/hiep_robot2 --single-version-externally-managed install_data --force
