-- Found ament_cmake: 2.5.6 (/opt/ros/jazzy/share/ament_cmake/cmake)
-- Override CMake install command with custom implementation using symlinks instead of copying resources
-- Configuring done (0.3s)
-- Generating done (0.0s)
-- Build files have been written to: /home/hiep0247/hiep_ros2/build/mec_mobile_description1
-- Install configuration: ""
-- Execute custom install script
-- Symlinking: /home/hiep0247/hiep_ros2/install/mec_mobile_description1/share/mec_mobile_description1/urdf/base.urdf.xacro
-- Symlinking: /home/hiep0247/hiep_ros2/install/mec_mobile_description1/share/mec_mobile_description1/urdf/imu.urdf.xacro
-- Symlinking: /home/hiep0247/hiep_ros2/install/mec_mobile_description1/share/mec_mobile_description1/urdf/lidar.urdf.xacro
-- Symlinking: /home/hiep0247/hiep_ros2/install/mec_mobile_description1/share/mec_mobile_description1/urdf/robot.urdf.xacro
-- Symlinking: /home/hiep0247/hiep_ros2/install/mec_mobile_description1/share/mec_mobile_description1/urdf/wheel.urdf.xacro
-- Symlinking: /home/hiep0247/hiep_ros2/install/mec_mobile_description1/share/mec_mobile_description1/meshes/base.stl
-- Symlinking: /home/hiep0247/hiep_ros2/install/mec_mobile_description1/share/mec_mobile_description1/meshes/base_bckup.stl
-- Symlinking: /home/hiep0247/hiep_ros2/install/mec_mobile_description1/share/mec_mobile_description1/meshes/camera.stl
-- Symlinking: /home/hiep0247/hiep_ros2/install/mec_mobile_description1/share/mec_mobile_description1/meshes/imu.stl
-- Symlinking: /home/hiep0247/hiep_ros2/install/mec_mobile_description1/share/mec_mobile_description1/meshes/lidar.stl
-- Symlinking: /home/hiep0247/hiep_ros2/install/mec_mobile_description1/share/mec_mobile_description1/meshes/wheel.stl
-- Symlinking: /home/hiep0247/hiep_ros2/install/mec_mobile_description1/share/mec_mobile_description1/meshes/wheel_bckup.stl
-- Symlinking: /home/hiep0247/hiep_ros2/install/mec_mobile_description1/share/mec_mobile_description1/meshes/wheel_left.stl
-- Symlinking: /home/hiep0247/hiep_ros2/install/mec_mobile_description1/share/mec_mobile_description1/meshes/wheel_right.stl
-- Symlinking: /home/hiep0247/hiep_ros2/install/mec_mobile_description1/share/mec_mobile_description1/launch/display.launch.py
-- Symlinking: /home/hiep0247/hiep_ros2/install/mec_mobile_description1/share/ament_index/resource_index/package_run_dependencies/mec_mobile_description1
-- Symlinking: /home/hiep0247/hiep_ros2/install/mec_mobile_description1/share/ament_index/resource_index/parent_prefix_path/mec_mobile_description1
-- Symlinking: /home/hiep0247/hiep_ros2/install/mec_mobile_description1/share/mec_mobile_description1/environment/ament_prefix_path.sh
-- Symlinking: /home/hiep0247/hiep_ros2/install/mec_mobile_description1/share/mec_mobile_description1/environment/ament_prefix_path.dsv
-- Symlinking: /home/hiep0247/hiep_ros2/install/mec_mobile_description1/share/mec_mobile_description1/environment/path.sh
-- Symlinking: /home/hiep0247/hiep_ros2/install/mec_mobile_description1/share/mec_mobile_description1/environment/path.dsv
-- Symlinking: /home/hiep0247/hiep_ros2/install/mec_mobile_description1/share/mec_mobile_description1/local_setup.bash
-- Symlinking: /home/hiep0247/hiep_ros2/install/mec_mobile_description1/share/mec_mobile_description1/local_setup.sh
-- Symlinking: /home/hiep0247/hiep_ros2/install/mec_mobile_description1/share/mec_mobile_description1/local_setup.zsh
-- Symlinking: /home/hiep0247/hiep_ros2/install/mec_mobile_description1/share/mec_mobile_description1/local_setup.dsv
-- Symlinking: /home/hiep0247/hiep_ros2/install/mec_mobile_description1/share/mec_mobile_description1/package.dsv
-- Symlinking: /home/hiep0247/hiep_ros2/install/mec_mobile_description1/share/ament_index/resource_index/packages/mec_mobile_description1
-- Symlinking: /home/hiep0247/hiep_ros2/install/mec_mobile_description1/share/mec_mobile_description1/cmake/mec_mobile_description1Config.cmake
-- Symlinking: /home/hiep0247/hiep_ros2/install/mec_mobile_description1/share/mec_mobile_description1/cmake/mec_mobile_description1Config-version.cmake
-- Symlinking: /home/hiep0247/hiep_ros2/install/mec_mobile_description1/share/mec_mobile_description1/package.xml
