[1.045s] Invoking command in '/home/hiep0247/hiep_ros2/src/agv_hmi': DEBUGINFOD_URLS=https://debuginfod.ubuntu.com PYTHONPATH=/home/hiep0247/hiep_ros2/build/agv_hmi/prefix_override:/usr/lib/python3/dist-packages/colcon_core/task/python/colcon_distutils_commands:/home/hiep0247/hiep_ros2/install/agv_hmi/lib/python3.12/site-packages:${PYTHONPATH} /usr/bin/python3 -W ignore:setup.py install is deprecated -W ignore:easy_install command is deprecated setup.py egg_info --egg-base ../../build/agv_hmi build --build-base /home/hiep0247/hiep_ros2/build/agv_hmi/build install --record /home/hiep0247/hiep_ros2/build/agv_hmi/install.log --install-scripts $base/lib/agv_hmi --single-version-externally-managed install_data
[1.222s] running egg_info
[1.233s] writing ../../build/agv_hmi/agv_hmi.egg-info/PKG-INFO
[1.233s] writing dependency_links to ../../build/agv_hmi/agv_hmi.egg-info/dependency_links.txt
[1.233s] writing entry points to ../../build/agv_hmi/agv_hmi.egg-info/entry_points.txt
[1.233s] writing requirements to ../../build/agv_hmi/agv_hmi.egg-info/requires.txt
[1.233s] writing top-level names to ../../build/agv_hmi/agv_hmi.egg-info/top_level.txt
[1.257s] reading manifest file '../../build/agv_hmi/agv_hmi.egg-info/SOURCES.txt'
[1.258s] writing manifest file '../../build/agv_hmi/agv_hmi.egg-info/SOURCES.txt'
[1.258s] running build
[1.258s] running build_py
[1.259s] copying agv_hmi/main.py -> /home/hiep0247/hiep_ros2/build/agv_hmi/build/lib/agv_hmi
[1.259s] copying agv_hmi/fleet/__init__.py -> /home/hiep0247/hiep_ros2/build/agv_hmi/build/lib/agv_hmi/fleet
[1.260s] running install
[1.264s] running install_lib
[1.275s] copying /home/hiep0247/hiep_ros2/build/agv_hmi/build/lib/agv_hmi/main.py -> /home/hiep0247/hiep_ros2/install/agv_hmi/lib/python3.12/site-packages/agv_hmi
[1.275s] copying /home/hiep0247/hiep_ros2/build/agv_hmi/build/lib/agv_hmi/fleet/__init__.py -> /home/hiep0247/hiep_ros2/install/agv_hmi/lib/python3.12/site-packages/agv_hmi/fleet
[1.276s] byte-compiling /home/hiep0247/hiep_ros2/install/agv_hmi/lib/python3.12/site-packages/agv_hmi/main.py to main.cpython-312.pyc
[1.277s] byte-compiling /home/hiep0247/hiep_ros2/install/agv_hmi/lib/python3.12/site-packages/agv_hmi/fleet/__init__.py to __init__.cpython-312.pyc
[1.278s] running install_data
[1.278s] running install_egg_info
[1.290s] removing '/home/hiep0247/hiep_ros2/install/agv_hmi/lib/python3.12/site-packages/agv_hmi-4.2.0-py3.12.egg-info' (and everything under it)
[1.290s] Copying ../../build/agv_hmi/agv_hmi.egg-info to /home/hiep0247/hiep_ros2/install/agv_hmi/lib/python3.12/site-packages/agv_hmi-4.2.0-py3.12.egg-info
[1.291s] running install_scripts
[1.368s] Installing hmi script to /home/hiep0247/hiep_ros2/install/agv_hmi/lib/agv_hmi
[1.369s] writing list of installed files to '/home/hiep0247/hiep_ros2/build/agv_hmi/install.log'
[1.394s] Invoked command in '/home/hiep0247/hiep_ros2/src/agv_hmi' returned '0': DEBUGINFOD_URLS=https://debuginfod.ubuntu.com PYTHONPATH=/home/hiep0247/hiep_ros2/build/agv_hmi/prefix_override:/usr/lib/python3/dist-packages/colcon_core/task/python/colcon_distutils_commands:/home/hiep0247/hiep_ros2/install/agv_hmi/lib/python3.12/site-packages:${PYTHONPATH} /usr/bin/python3 -W ignore:setup.py install is deprecated -W ignore:easy_install command is deprecated setup.py egg_info --egg-base ../../build/agv_hmi build --build-base /home/hiep0247/hiep_ros2/build/agv_hmi/build install --record /home/hiep0247/hiep_ros2/build/agv_hmi/install.log --install-scripts $base/lib/agv_hmi --single-version-externally-managed install_data
