[0.597s] Invoking command in '/home/hiep0247/hiep_ros2/src/agv_hmi': DEBUGINFOD_URLS=https://debuginfod.ubuntu.com PYTHONPATH=/home/hiep0247/hiep_ros2/build/agv_hmi/prefix_override:/usr/lib/python3/dist-packages/colcon_core/task/python/colcon_distutils_commands:/home/hiep0247/hiep_ros2/install/agv_hmi/lib/python3.12/site-packages:${PYTHONPATH} /usr/bin/python3 -W ignore:setup.py install is deprecated -W ignore:easy_install command is deprecated setup.py egg_info --egg-base ../../build/agv_hmi build --build-base /home/hiep0247/hiep_ros2/build/agv_hmi/build install --record /home/hiep0247/hiep_ros2/build/agv_hmi/install.log --single-version-externally-managed install_data
[0.785s] running egg_info
[0.798s] writing ../../build/agv_hmi/agv_hmi.egg-info/PKG-INFO
[0.798s] writing dependency_links to ../../build/agv_hmi/agv_hmi.egg-info/dependency_links.txt
[0.799s] writing entry points to ../../build/agv_hmi/agv_hmi.egg-info/entry_points.txt
[0.799s] writing requirements to ../../build/agv_hmi/agv_hmi.egg-info/requires.txt
[0.799s] writing top-level names to ../../build/agv_hmi/agv_hmi.egg-info/top_level.txt
[0.829s] reading manifest file '../../build/agv_hmi/agv_hmi.egg-info/SOURCES.txt'
[0.829s] writing manifest file '../../build/agv_hmi/agv_hmi.egg-info/SOURCES.txt'
[0.829s] running build
[0.829s] running build_py
[0.830s] copying agv_hmi/ui/main_window.py -> /home/hiep0247/hiep_ros2/build/agv_hmi/build/lib/agv_hmi/ui
[0.830s] copying agv_hmi/ui/routes_page.py -> /home/hiep0247/hiep_ros2/build/agv_hmi/build/lib/agv_hmi/ui
[0.831s] running install
[0.835s] running install_lib
[0.850s] copying /home/hiep0247/hiep_ros2/build/agv_hmi/build/lib/agv_hmi/ui/main_window.py -> /home/hiep0247/hiep_ros2/install/agv_hmi/lib/python3.12/site-packages/agv_hmi/ui
[0.850s] copying /home/hiep0247/hiep_ros2/build/agv_hmi/build/lib/agv_hmi/ui/routes_page.py -> /home/hiep0247/hiep_ros2/install/agv_hmi/lib/python3.12/site-packages/agv_hmi/ui
[0.851s] byte-compiling /home/hiep0247/hiep_ros2/install/agv_hmi/lib/python3.12/site-packages/agv_hmi/ui/main_window.py to main_window.cpython-312.pyc
[0.855s] running install_data
[0.855s] running install_egg_info
[0.870s] removing '/home/hiep0247/hiep_ros2/install/agv_hmi/lib/python3.12/site-packages/agv_hmi-4.0.0-py3.12.egg-info' (and everything under it)
[0.870s] Copying ../../build/agv_hmi/agv_hmi.egg-info to /home/hiep0247/hiep_ros2/install/agv_hmi/lib/python3.12/site-packages/agv_hmi-4.0.0-py3.12.egg-info
[0.871s] running install_scripts
[0.963s] Installing hmi script to /home/hiep0247/hiep_ros2/install/agv_hmi/lib/agv_hmi
[0.963s] writing list of installed files to '/home/hiep0247/hiep_ros2/build/agv_hmi/install.log'
[0.984s] Invoked command in '/home/hiep0247/hiep_ros2/src/agv_hmi' returned '0': DEBUGINFOD_URLS=https://debuginfod.ubuntu.com PYTHONPATH=/home/hiep0247/hiep_ros2/build/agv_hmi/prefix_override:/usr/lib/python3/dist-packages/colcon_core/task/python/colcon_distutils_commands:/home/hiep0247/hiep_ros2/install/agv_hmi/lib/python3.12/site-packages:${PYTHONPATH} /usr/bin/python3 -W ignore:setup.py install is deprecated -W ignore:easy_install command is deprecated setup.py egg_info --egg-base ../../build/agv_hmi build --build-base /home/hiep0247/hiep_ros2/build/agv_hmi/build install --record /home/hiep0247/hiep_ros2/build/agv_hmi/install.log --single-version-externally-managed install_data
