-- Install configuration: ""
-- Up-to-date: /home/hiep0247/hiep_ros2/install/mec_mobile_description1/share/mec_mobile_description1/urdf
-- Up-to-date: /home/hiep0247/hiep_ros2/install/mec_mobile_description1/share/mec_mobile_description1/urdf/wheel.urdf.xacro
-- Up-to-date: /home/hiep0247/hiep_ros2/install/mec_mobile_description1/share/mec_mobile_description1/urdf/base.urdf.xacro
-- Up-to-date: /home/hiep0247/hiep_ros2/install/mec_mobile_description1/share/mec_mobile_description1/urdf/imu.urdf.xacro
-- Up-to-date: /home/hiep0247/hiep_ros2/install/mec_mobile_description1/share/mec_mobile_description1/urdf/robot.urdf.xacro
-- Up-to-date: /home/hiep0247/hiep_ros2/install/mec_mobile_description1/share/mec_mobile_description1/urdf/lidar.urdf.xacro
-- Up-to-date: /home/hiep0247/hiep_ros2/install/mec_mobile_description1/share/mec_mobile_description1/meshes
-- Up-to-date: /home/hiep0247/hiep_ros2/install/mec_mobile_description1/share/mec_mobile_description1/meshes/wheel_right.stl
-- Up-to-date: /home/hiep0247/hiep_ros2/install/mec_mobile_description1/share/mec_mobile_description1/meshes/camera.stl
-- Up-to-date: /home/hiep0247/hiep_ros2/install/mec_mobile_description1/share/mec_mobile_description1/meshes/base_bckup.stl
-- Up-to-date: /home/hiep0247/hiep_ros2/install/mec_mobile_description1/share/mec_mobile_description1/meshes/lidar.stl
-- Up-to-date: /home/hiep0247/hiep_ros2/install/mec_mobile_description1/share/mec_mobile_description1/meshes/base.stl
-- Up-to-date: /home/hiep0247/hiep_ros2/install/mec_mobile_description1/share/mec_mobile_description1/meshes/wheel.stl
-- Up-to-date: /home/hiep0247/hiep_ros2/install/mec_mobile_description1/share/mec_mobile_description1/meshes/imu.stl
-- Up-to-date: /home/hiep0247/hiep_ros2/install/mec_mobile_description1/share/mec_mobile_description1/meshes/wheel_bckup.stl
-- Up-to-date: /home/hiep0247/hiep_ros2/install/mec_mobile_description1/share/mec_mobile_description1/meshes/wheel_left.stl
-- Up-to-date: /home/hiep0247/hiep_ros2/install/mec_mobile_description1/share/mec_mobile_description1/launch
-- Up-to-date: /home/hiep0247/hiep_ros2/install/mec_mobile_description1/share/mec_mobile_description1/launch/display.launch.py
-- Up-to-date: /home/hiep0247/hiep_ros2/install/mec_mobile_description1/share/ament_index/resource_index/package_run_dependencies/mec_mobile_description1
-- Up-to-date: /home/hiep0247/hiep_ros2/install/mec_mobile_description1/share/ament_index/resource_index/parent_prefix_path/mec_mobile_description1
-- Up-to-date: /home/hiep0247/hiep_ros2/install/mec_mobile_description1/share/mec_mobile_description1/environment/ament_prefix_path.sh
-- Up-to-date: /home/hiep0247/hiep_ros2/install/mec_mobile_description1/share/mec_mobile_description1/environment/ament_prefix_path.dsv
-- Up-to-date: /home/hiep0247/hiep_ros2/install/mec_mobile_description1/share/mec_mobile_description1/environment/path.sh
-- Up-to-date: /home/hiep0247/hiep_ros2/install/mec_mobile_description1/share/mec_mobile_description1/environment/path.dsv
-- Up-to-date: /home/hiep0247/hiep_ros2/install/mec_mobile_description1/share/mec_mobile_description1/local_setup.bash
-- Up-to-date: /home/hiep0247/hiep_ros2/install/mec_mobile_description1/share/mec_mobile_description1/local_setup.sh
-- Up-to-date: /home/hiep0247/hiep_ros2/install/mec_mobile_description1/share/mec_mobile_description1/local_setup.zsh
-- Up-to-date: /home/hiep0247/hiep_ros2/install/mec_mobile_description1/share/mec_mobile_description1/local_setup.dsv
-- Installing: /home/hiep0247/hiep_ros2/install/mec_mobile_description1/share/mec_mobile_description1/package.dsv
-- Up-to-date: /home/hiep0247/hiep_ros2/install/mec_mobile_description1/share/ament_index/resource_index/packages/mec_mobile_description1
-- Up-to-date: /home/hiep0247/hiep_ros2/install/mec_mobile_description1/share/mec_mobile_description1/cmake/mec_mobile_description1Config.cmake
-- Up-to-date: /home/hiep0247/hiep_ros2/install/mec_mobile_description1/share/mec_mobile_description1/cmake/mec_mobile_description1Config-version.cmake
-- Up-to-date: /home/hiep0247/hiep_ros2/install/mec_mobile_description1/share/mec_mobile_description1/package.xml
