[0.999s] Invoking command in '/home/hiep0247/hiep_ros2/src/agv_hmi': DEBUGINFOD_URLS=https://debuginfod.ubuntu.com PYTHONPATH=/home/hiep0247/hiep_ros2/build/agv_hmi/prefix_override:/usr/lib/python3/dist-packages/colcon_core/task/python/colcon_distutils_commands:/home/hiep0247/hiep_ros2/install/agv_hmi/lib/python3.12/site-packages:${PYTHONPATH} /usr/bin/python3 -W ignore:setup.py install is deprecated -W ignore:easy_install command is deprecated setup.py egg_info --egg-base ../../build/agv_hmi build --build-base /home/hiep0247/hiep_ros2/build/agv_hmi/build install --record /home/hiep0247/hiep_ros2/build/agv_hmi/install.log --install-scripts $base/lib/agv_hmi --single-version-externally-managed install_data
[1.166s] running egg_info
[1.177s] writing ../../build/agv_hmi/agv_hmi.egg-info/PKG-INFO
[1.177s] writing dependency_links to ../../build/agv_hmi/agv_hmi.egg-info/dependency_links.txt
[1.177s] writing entry points to ../../build/agv_hmi/agv_hmi.egg-info/entry_points.txt
[1.183s] writing requirements to ../../build/agv_hmi/agv_hmi.egg-info/requires.txt
[1.184s] writing top-level names to ../../build/agv_hmi/agv_hmi.egg-info/top_level.txt
[1.208s] reading manifest file '../../build/agv_hmi/agv_hmi.egg-info/SOURCES.txt'
[1.208s] writing manifest file '../../build/agv_hmi/agv_hmi.egg-info/SOURCES.txt'
[1.208s] running build
[1.208s] running build_py
[1.209s] running install
[1.214s] running install_lib
[1.227s] running install_data
[1.227s] running install_egg_info
[1.240s] removing '/home/hiep0247/hiep_ros2/install/agv_hmi/lib/python3.12/site-packages/agv_hmi-4.2.0-py3.12.egg-info' (and everything under it)
[1.240s] Copying ../../build/agv_hmi/agv_hmi.egg-info to /home/hiep0247/hiep_ros2/install/agv_hmi/lib/python3.12/site-packages/agv_hmi-4.2.0-py3.12.egg-info
[1.241s] running install_scripts
[1.321s] Installing hmi script to /home/hiep0247/hiep_ros2/install/agv_hmi/lib/agv_hmi
[1.321s] writing list of installed files to '/home/hiep0247/hiep_ros2/build/agv_hmi/install.log'
[1.342s] Invoked command in '/home/hiep0247/hiep_ros2/src/agv_hmi' returned '0': DEBUGINFOD_URLS=https://debuginfod.ubuntu.com PYTHONPATH=/home/hiep0247/hiep_ros2/build/agv_hmi/prefix_override:/usr/lib/python3/dist-packages/colcon_core/task/python/colcon_distutils_commands:/home/hiep0247/hiep_ros2/install/agv_hmi/lib/python3.12/site-packages:${PYTHONPATH} /usr/bin/python3 -W ignore:setup.py install is deprecated -W ignore:easy_install command is deprecated setup.py egg_info --egg-base ../../build/agv_hmi build --build-base /home/hiep0247/hiep_ros2/build/agv_hmi/build install --record /home/hiep0247/hiep_ros2/build/agv_hmi/install.log --install-scripts $base/lib/agv_hmi --single-version-externally-managed install_data
