/home/hiep0247/hiep_ros2/install/mec_mobile_description1/share/ament_index/resource_index/packages/mec_mobile_description1
/home/hiep0247/hiep_ros2/install/mec_mobile_description1/share/mec_mobile_description1/package.xml
/home/hiep0247/hiep_ros2/install/mec_mobile_description1/share/mec_mobile_description1/urdf/wheel.urdf.xacro
/home/hiep0247/hiep_ros2/install/mec_mobile_description1/share/mec_mobile_description1/urdf/imu.urdf.xacro
/home/hiep0247/hiep_ros2/install/mec_mobile_description1/share/mec_mobile_description1/urdf/base.urdf.xacro
/home/hiep0247/hiep_ros2/install/mec_mobile_description1/share/mec_mobile_description1/urdf/lidar.urdf.xacro
/home/hiep0247/hiep_ros2/install/mec_mobile_description1/share/mec_mobile_description1/urdf/robot.urdf.xacro
/home/hiep0247/hiep_ros2/install/mec_mobile_description1/share/mec_mobile_description1/meshes/wheel_right.stl
/home/hiep0247/hiep_ros2/install/mec_mobile_description1/share/mec_mobile_description1/meshes/imu.stl
/home/hiep0247/hiep_ros2/install/mec_mobile_description1/share/mec_mobile_description1/meshes/wheel_left.stl
/home/hiep0247/hiep_ros2/install/mec_mobile_description1/share/mec_mobile_description1/meshes/lidar.stl
/home/hiep0247/hiep_ros2/install/mec_mobile_description1/share/mec_mobile_description1/meshes/base.stl
/home/hiep0247/hiep_ros2/install/mec_mobile_description1/share/mec_mobile_description1/meshes/camera.stl
/home/hiep0247/hiep_ros2/install/mec_mobile_description1/share/mec_mobile_description1/launch
/home/hiep0247/hiep_ros2/install/mec_mobile_description1/share/mec_mobile_description1/rviz
/home/hiep0247/hiep_ros2/install/mec_mobile_description1/lib/python3.12/site-packages/mec_mobile_description1-0.0.0-py3.12.egg-info/requires.txt
/home/hiep0247/hiep_ros2/install/mec_mobile_description1/lib/python3.12/site-packages/mec_mobile_description1-0.0.0-py3.12.egg-info/SOURCES.txt
/home/hiep0247/hiep_ros2/install/mec_mobile_description1/lib/python3.12/site-packages/mec_mobile_description1-0.0.0-py3.12.egg-info/top_level.txt
/home/hiep0247/hiep_ros2/install/mec_mobile_description1/lib/python3.12/site-packages/mec_mobile_description1-0.0.0-py3.12.egg-info/PKG-INFO
/home/hiep0247/hiep_ros2/install/mec_mobile_description1/lib/python3.12/site-packages/mec_mobile_description1-0.0.0-py3.12.egg-info/dependency_links.txt
/home/hiep0247/hiep_ros2/install/mec_mobile_description1/lib/python3.12/site-packages/mec_mobile_description1-0.0.0-py3.12.egg-info/zip-safe
