Built target ament_cmake_python_copy_mec_mobile_navigation
running egg_info
writing mec_mobile_navigation.egg-info/PKG-INFO
writing dependency_links to mec_mobile_navigation.egg-info/dependency_links.txt
writing top-level names to mec_mobile_navigation.egg-info/top_level.txt
reading manifest file 'mec_mobile_navigation.egg-info/SOURCES.txt'
writing manifest file 'mec_mobile_navigation.egg-info/SOURCES.txt'
Built target ament_cmake_python_build_mec_mobile_navigation_egg
-- Install configuration: ""
-- Installing: /home/hiep0247/hiep_ros2/install/mec_mobile_navigation/share/mec_mobile_navigation/environment/pythonpath.sh
-- Installing: /home/hiep0247/hiep_ros2/install/mec_mobile_navigation/share/mec_mobile_navigation/environment/pythonpath.dsv
-- Installing: /home/hiep0247/hiep_ros2/install/mec_mobile_navigation/lib/python3.12/site-packages/mec_mobile_navigation-0.0.0-py3.12.egg-info
-- Installing: /home/hiep0247/hiep_ros2/install/mec_mobile_navigation/lib/python3.12/site-packages/mec_mobile_navigation-0.0.0-py3.12.egg-info/top_level.txt
-- Installing: /home/hiep0247/hiep_ros2/install/mec_mobile_navigation/lib/python3.12/site-packages/mec_mobile_navigation-0.0.0-py3.12.egg-info/dependency_links.txt
-- Installing: /home/hiep0247/hiep_ros2/install/mec_mobile_navigation/lib/python3.12/site-packages/mec_mobile_navigation-0.0.0-py3.12.egg-info/PKG-INFO
-- Installing: /home/hiep0247/hiep_ros2/install/mec_mobile_navigation/lib/python3.12/site-packages/mec_mobile_navigation-0.0.0-py3.12.egg-info/SOURCES.txt
-- Installing: /home/hiep0247/hiep_ros2/install/mec_mobile_navigation/lib/python3.12/site-packages/mec_mobile_navigation
-- Installing: /home/hiep0247/hiep_ros2/install/mec_mobile_navigation/lib/python3.12/site-packages/mec_mobile_navigation/laser_merger_node.py
-- Installing: /home/hiep0247/hiep_ros2/install/mec_mobile_navigation/lib/python3.12/site-packages/mec_mobile_navigation/__init__.py
Listing '/home/hiep0247/hiep_ros2/install/mec_mobile_navigation/lib/python3.12/site-packages/mec_mobile_navigation'...
Compiling '/home/hiep0247/hiep_ros2/install/mec_mobile_navigation/lib/python3.12/site-packages/mec_mobile_navigation/__init__.py'...
Compiling '/home/hiep0247/hiep_ros2/install/mec_mobile_navigation/lib/python3.12/site-packages/mec_mobile_navigation/laser_merger_node.py'...
-- Installing: /home/hiep0247/hiep_ros2/install/mec_mobile_navigation/lib/mec_mobile_navigation/laser_merger_node.py
-- Installing: /home/hiep0247/hiep_ros2/install/mec_mobile_navigation/share/mec_mobile_navigation/launch
-- Installing: /home/hiep0247/hiep_ros2/install/mec_mobile_navigation/share/mec_mobile_navigation/launch/mapping_bckup.launch.py
-- Installing: /home/hiep0247/hiep_ros2/install/mec_mobile_navigation/share/mec_mobile_navigation/launch/navigation_amcl.launch.py
-- Installing: /home/hiep0247/hiep_ros2/install/mec_mobile_navigation/share/mec_mobile_navigation/launch/mapping.launch.py
-- Installing: /home/hiep0247/hiep_ros2/install/mec_mobile_navigation/share/mec_mobile_navigation/launch/spawn_robot_navigation.launch.py
-- Installing: /home/hiep0247/hiep_ros2/install/mec_mobile_navigation/share/mec_mobile_navigation/launch/navigation.launch.py
-- Installing: /home/hiep0247/hiep_ros2/install/mec_mobile_navigation/share/mec_mobile_navigation/launch/localization.launch.py
-- Installing: /home/hiep0247/hiep_ros2/install/mec_mobile_navigation/share/mec_mobile_navigation/launch/navigation_bckup_260630.launch.py
-- Installing: /home/hiep0247/hiep_ros2/install/mec_mobile_navigation/share/mec_mobile_navigation/config
-- Installing: /home/hiep0247/hiep_ros2/install/mec_mobile_navigation/share/mec_mobile_navigation/config/slam_toolbox_localization.yaml
-- Installing: /home/hiep0247/hiep_ros2/install/mec_mobile_navigation/share/mec_mobile_navigation/config/gz_bridge.yaml
-- Installing: /home/hiep0247/hiep_ros2/install/mec_mobile_navigation/share/mec_mobile_navigation/config/slam_toolbox_mapping.yaml
-- Installing: /home/hiep0247/hiep_ros2/install/mec_mobile_navigation/share/mec_mobile_navigation/config/ekf.yaml
-- Installing: /home/hiep0247/hiep_ros2/install/mec_mobile_navigation/share/mec_mobile_navigation/config/amcl_localization_ekf.yaml
-- Installing: /home/hiep0247/hiep_ros2/install/mec_mobile_navigation/share/mec_mobile_navigation/config/navigation_ekf.yaml
-- Installing: /home/hiep0247/hiep_ros2/install/mec_mobile_navigation/share/mec_mobile_navigation/config/slam_toolbox_mapping_bckup260527.yaml
-- Installing: /home/hiep0247/hiep_ros2/install/mec_mobile_navigation/share/mec_mobile_navigation/config/navigation.yaml
-- Installing: /home/hiep0247/hiep_ros2/install/mec_mobile_navigation/share/mec_mobile_navigation/config/amcl_localization.yaml
-- Installing: /home/hiep0247/hiep_ros2/install/mec_mobile_navigation/share/mec_mobile_navigation/rviz
-- Installing: /home/hiep0247/hiep_ros2/install/mec_mobile_navigation/share/mec_mobile_navigation/rviz/localization.rviz
-- Installing: /home/hiep0247/hiep_ros2/install/mec_mobile_navigation/share/mec_mobile_navigation/rviz/mapping.rviz
-- Installing: /home/hiep0247/hiep_ros2/install/mec_mobile_navigation/share/mec_mobile_navigation/rviz/navigation_amcl.rviz
-- Installing: /home/hiep0247/hiep_ros2/install/mec_mobile_navigation/share/mec_mobile_navigation/rviz/navigation.rviz
-- Installing: /home/hiep0247/hiep_ros2/install/mec_mobile_navigation/share/mec_mobile_navigation/maps
-- Installing: /home/hiep0247/hiep_ros2/install/mec_mobile_navigation/share/mec_mobile_navigation/maps/my_map.pgm
-- Installing: /home/hiep0247/hiep_ros2/install/mec_mobile_navigation/share/mec_mobile_navigation/maps/my_map.yaml
-- Installing: /home/hiep0247/hiep_ros2/install/mec_mobile_navigation/share/ament_index/resource_index/package_run_dependencies/mec_mobile_navigation
-- Installing: /home/hiep0247/hiep_ros2/install/mec_mobile_navigation/share/ament_index/resource_index/parent_prefix_path/mec_mobile_navigation
-- Installing: /home/hiep0247/hiep_ros2/install/mec_mobile_navigation/share/mec_mobile_navigation/environment/ament_prefix_path.sh
-- Installing: /home/hiep0247/hiep_ros2/install/mec_mobile_navigation/share/mec_mobile_navigation/environment/ament_prefix_path.dsv
-- Installing: /home/hiep0247/hiep_ros2/install/mec_mobile_navigation/share/mec_mobile_navigation/environment/path.sh
-- Installing: /home/hiep0247/hiep_ros2/install/mec_mobile_navigation/share/mec_mobile_navigation/environment/path.dsv
-- Installing: /home/hiep0247/hiep_ros2/install/mec_mobile_navigation/share/mec_mobile_navigation/local_setup.bash
-- Installing: /home/hiep0247/hiep_ros2/install/mec_mobile_navigation/share/mec_mobile_navigation/local_setup.sh
-- Installing: /home/hiep0247/hiep_ros2/install/mec_mobile_navigation/share/mec_mobile_navigation/local_setup.zsh
-- Installing: /home/hiep0247/hiep_ros2/install/mec_mobile_navigation/share/mec_mobile_navigation/local_setup.dsv
-- Installing: /home/hiep0247/hiep_ros2/install/mec_mobile_navigation/share/mec_mobile_navigation/package.dsv
-- Installing: /home/hiep0247/hiep_ros2/install/mec_mobile_navigation/share/ament_index/resource_index/packages/mec_mobile_navigation
-- Installing: /home/hiep0247/hiep_ros2/install/mec_mobile_navigation/share/mec_mobile_navigation/cmake/mec_mobile_navigationConfig.cmake
-- Installing: /home/hiep0247/hiep_ros2/install/mec_mobile_navigation/share/mec_mobile_navigation/cmake/mec_mobile_navigationConfig-version.cmake
-- Installing: /home/hiep0247/hiep_ros2/install/mec_mobile_navigation/share/mec_mobile_navigation/package.xml
