[0.459s] Invoking command in '/home/hiep0247/hiep_ros2/src/hiep_robot2': DEBUGINFOD_URLS=https://debuginfod.ubuntu.com PYTHONPATH=/home/hiep0247/hiep_ros2/build/hiep_robot2/prefix_override:/usr/lib/python3/dist-packages/colcon_core/task/python/colcon_distutils_commands:/home/hiep0247/hiep_ros2/install/hiep_robot2/lib/python3.12/site-packages:${PYTHONPATH} /usr/bin/python3 -W ignore:setup.py install is deprecated -W ignore:easy_install command is deprecated setup.py egg_info --egg-base ../../build/hiep_robot2 build --build-base /home/hiep0247/hiep_ros2/build/hiep_robot2/build install --record /home/hiep0247/hiep_ros2/build/hiep_robot2/install.log --install-scripts $base/lib/hiep_robot2 --single-version-externally-managed install_data
[0.616s] running egg_info
[0.616s] creating ../../build/hiep_robot2/hiep_robot2.egg-info
[0.627s] writing ../../build/hiep_robot2/hiep_robot2.egg-info/PKG-INFO
[0.627s] writing dependency_links to ../../build/hiep_robot2/hiep_robot2.egg-info/dependency_links.txt
[0.627s] writing entry points to ../../build/hiep_robot2/hiep_robot2.egg-info/entry_points.txt
[0.627s] writing requirements to ../../build/hiep_robot2/hiep_robot2.egg-info/requires.txt
[0.627s] writing top-level names to ../../build/hiep_robot2/hiep_robot2.egg-info/top_level.txt
[0.627s] writing manifest file '../../build/hiep_robot2/hiep_robot2.egg-info/SOURCES.txt'
[0.649s] reading manifest file '../../build/hiep_robot2/hiep_robot2.egg-info/SOURCES.txt'
[0.649s] writing manifest file '../../build/hiep_robot2/hiep_robot2.egg-info/SOURCES.txt'
[0.649s] running build
[0.650s] running build_py
[0.650s] creating /home/hiep0247/hiep_ros2/build/hiep_robot2/build
[0.650s] creating /home/hiep0247/hiep_ros2/build/hiep_robot2/build/lib
[0.650s] creating /home/hiep0247/hiep_ros2/build/hiep_robot2/build/lib/hiep_robot2
[0.650s] copying hiep_robot2/protocol.py -> /home/hiep0247/hiep_ros2/build/hiep_robot2/build/lib/hiep_robot2
[0.650s] copying hiep_robot2/keya_driver_bridge_node.py -> /home/hiep0247/hiep_ros2/build/hiep_robot2/build/lib/hiep_robot2
[0.650s] copying hiep_robot2/esp32_bridge_node.py -> /home/hiep0247/hiep_ros2/build/hiep_robot2/build/lib/hiep_robot2
[0.650s] copying hiep_robot2/keya_protocol.py -> /home/hiep0247/hiep_ros2/build/hiep_robot2/build/lib/hiep_robot2
[0.650s] copying hiep_robot2/__init__.py -> /home/hiep0247/hiep_ros2/build/hiep_robot2/build/lib/hiep_robot2
[0.650s] running install
[0.654s] running install_lib
[0.665s] creating /home/hiep0247/hiep_ros2/install/hiep_robot2/lib/python3.12/site-packages/hiep_robot2
[0.665s] copying /home/hiep0247/hiep_ros2/build/hiep_robot2/build/lib/hiep_robot2/protocol.py -> /home/hiep0247/hiep_ros2/install/hiep_robot2/lib/python3.12/site-packages/hiep_robot2
[0.665s] copying /home/hiep0247/hiep_ros2/build/hiep_robot2/build/lib/hiep_robot2/keya_driver_bridge_node.py -> /home/hiep0247/hiep_ros2/install/hiep_robot2/lib/python3.12/site-packages/hiep_robot2
[0.665s] copying /home/hiep0247/hiep_ros2/build/hiep_robot2/build/lib/hiep_robot2/esp32_bridge_node.py -> /home/hiep0247/hiep_ros2/install/hiep_robot2/lib/python3.12/site-packages/hiep_robot2
[0.665s] copying /home/hiep0247/hiep_ros2/build/hiep_robot2/build/lib/hiep_robot2/keya_protocol.py -> /home/hiep0247/hiep_ros2/install/hiep_robot2/lib/python3.12/site-packages/hiep_robot2
[0.666s] copying /home/hiep0247/hiep_ros2/build/hiep_robot2/build/lib/hiep_robot2/__init__.py -> /home/hiep0247/hiep_ros2/install/hiep_robot2/lib/python3.12/site-packages/hiep_robot2
[0.666s] byte-compiling /home/hiep0247/hiep_ros2/install/hiep_robot2/lib/python3.12/site-packages/hiep_robot2/protocol.py to protocol.cpython-312.pyc
[0.666s] byte-compiling /home/hiep0247/hiep_ros2/install/hiep_robot2/lib/python3.12/site-packages/hiep_robot2/keya_driver_bridge_node.py to keya_driver_bridge_node.cpython-312.pyc
[0.669s] byte-compiling /home/hiep0247/hiep_ros2/install/hiep_robot2/lib/python3.12/site-packages/hiep_robot2/esp32_bridge_node.py to esp32_bridge_node.cpython-312.pyc
[0.671s] byte-compiling /home/hiep0247/hiep_ros2/install/hiep_robot2/lib/python3.12/site-packages/hiep_robot2/keya_protocol.py to keya_protocol.cpython-312.pyc
[0.672s] byte-compiling /home/hiep0247/hiep_ros2/install/hiep_robot2/lib/python3.12/site-packages/hiep_robot2/__init__.py to __init__.cpython-312.pyc
[0.672s] running install_data
[0.672s] creating /home/hiep0247/hiep_ros2/install/hiep_robot2/share/ament_index
[0.672s] creating /home/hiep0247/hiep_ros2/install/hiep_robot2/share/ament_index/resource_index
[0.672s] creating /home/hiep0247/hiep_ros2/install/hiep_robot2/share/ament_index/resource_index/packages
[0.672s] copying resource/hiep_robot2 -> /home/hiep0247/hiep_ros2/install/hiep_robot2/share/ament_index/resource_index/packages
[0.672s] copying package.xml -> /home/hiep0247/hiep_ros2/install/hiep_robot2/share/hiep_robot2
[0.672s] creating /home/hiep0247/hiep_ros2/install/hiep_robot2/share/hiep_robot2/launch
[0.673s] copying launch/hardware_selector.launch.py -> /home/hiep0247/hiep_ros2/install/hiep_robot2/share/hiep_robot2/launch
[0.673s] copying launch/esp32_hardware.launch.py -> /home/hiep0247/hiep_ros2/install/hiep_robot2/share/hiep_robot2/launch
[0.673s] copying launch/keya_hardware.launch.py -> /home/hiep0247/hiep_ros2/install/hiep_robot2/share/hiep_robot2/launch
[0.673s] creating /home/hiep0247/hiep_ros2/install/hiep_robot2/share/hiep_robot2/config
[0.673s] copying config/keya_hardware.yaml -> /home/hiep0247/hiep_ros2/install/hiep_robot2/share/hiep_robot2/config
[0.673s] copying config/esp32_hardware.yaml -> /home/hiep0247/hiep_ros2/install/hiep_robot2/share/hiep_robot2/config
[0.673s] creating /home/hiep0247/hiep_ros2/install/hiep_robot2/share/hiep_robot2/firmware
[0.673s] creating /home/hiep0247/hiep_ros2/install/hiep_robot2/share/hiep_robot2/firmware/agv_esp32
[0.673s] copying firmware/agv_esp32/agv_esp32.ino -> /home/hiep0247/hiep_ros2/install/hiep_robot2/share/hiep_robot2/firmware/agv_esp32
[0.673s] running install_egg_info
[0.685s] Copying ../../build/hiep_robot2/hiep_robot2.egg-info to /home/hiep0247/hiep_ros2/install/hiep_robot2/lib/python3.12/site-packages/hiep_robot2-0.2.1-py3.12.egg-info
[0.686s] running install_scripts
[0.758s] Installing esp32_bridge_node script to /home/hiep0247/hiep_ros2/install/hiep_robot2/lib/hiep_robot2
[0.758s] Installing keya_driver_bridge_node script to /home/hiep0247/hiep_ros2/install/hiep_robot2/lib/hiep_robot2
[0.759s] writing list of installed files to '/home/hiep0247/hiep_ros2/build/hiep_robot2/install.log'
[0.775s] Invoked command in '/home/hiep0247/hiep_ros2/src/hiep_robot2' returned '0': DEBUGINFOD_URLS=https://debuginfod.ubuntu.com PYTHONPATH=/home/hiep0247/hiep_ros2/build/hiep_robot2/prefix_override:/usr/lib/python3/dist-packages/colcon_core/task/python/colcon_distutils_commands:/home/hiep0247/hiep_ros2/install/hiep_robot2/lib/python3.12/site-packages:${PYTHONPATH} /usr/bin/python3 -W ignore:setup.py install is deprecated -W ignore:easy_install command is deprecated setup.py egg_info --egg-base ../../build/hiep_robot2 build --build-base /home/hiep0247/hiep_ros2/build/hiep_robot2/build install --record /home/hiep0247/hiep_ros2/build/hiep_robot2/install.log --install-scripts $base/lib/hiep_robot2 --single-version-externally-managed install_data
