/home/hiep0247/hiep_ros2/install/agv_fleet_domains/lib/python3.12/site-packages/agv_fleet_domains/launch_helpers.py
/home/hiep0247/hiep_ros2/install/agv_fleet_domains/lib/python3.12/site-packages/agv_fleet_domains/__init__.py
/home/hiep0247/hiep_ros2/install/agv_fleet_domains/lib/python3.12/site-packages/agv_fleet_domains/__pycache__/launch_helpers.cpython-312.pyc
/home/hiep0247/hiep_ros2/install/agv_fleet_domains/lib/python3.12/site-packages/agv_fleet_domains/__pycache__/__init__.cpython-312.pyc
/home/hiep0247/hiep_ros2/install/agv_fleet_domains/share/ament_index/resource_index/packages/agv_fleet_domains
/home/hiep0247/hiep_ros2/install/agv_fleet_domains/share/agv_fleet_domains/package.xml
/home/hiep0247/hiep_ros2/install/agv_fleet_domains/share/agv_fleet_domains/launch/agv002_fleet_side.launch.py
/home/hiep0247/hiep_ros2/install/agv_fleet_domains/share/agv_fleet_domains/launch/agv001_bridge_only.launch.py
/home/hiep0247/hiep_ros2/install/agv_fleet_domains/share/agv_fleet_domains/launch/fleet_server_domain20.launch.py
/home/hiep0247/hiep_ros2/install/agv_fleet_domains/share/agv_fleet_domains/launch/agv001_fleet_side.launch.py
/home/hiep0247/hiep_ros2/install/agv_fleet_domains/share/agv_fleet_domains/launch/agv002_bridge_only.launch.py
/home/hiep0247/hiep_ros2/install/agv_fleet_domains/share/agv_fleet_domains/config/agv001_fleet_bridge.yaml
/home/hiep0247/hiep_ros2/install/agv_fleet_domains/share/agv_fleet_domains/config/agv002_fleet_bridge.yaml
/home/hiep0247/hiep_ros2/install/agv_fleet_domains/share/agv_fleet_domains/env/agv001_domain21.fish
/home/hiep0247/hiep_ros2/install/agv_fleet_domains/share/agv_fleet_domains/env/agv002_domain22.fish
/home/hiep0247/hiep_ros2/install/agv_fleet_domains/share/agv_fleet_domains/env/agv002_domain22.bash
/home/hiep0247/hiep_ros2/install/agv_fleet_domains/share/agv_fleet_domains/env/fleet_domain20.fish
/home/hiep0247/hiep_ros2/install/agv_fleet_domains/share/agv_fleet_domains/env/agv001_domain21.bash
/home/hiep0247/hiep_ros2/install/agv_fleet_domains/share/agv_fleet_domains/env/fleet_domain20.bash
/home/hiep0247/hiep_ros2/install/agv_fleet_domains/lib/python3.12/site-packages/agv_fleet_domains-1.0.0-py3.12.egg-info/requires.txt
/home/hiep0247/hiep_ros2/install/agv_fleet_domains/lib/python3.12/site-packages/agv_fleet_domains-1.0.0-py3.12.egg-info/dependency_links.txt
/home/hiep0247/hiep_ros2/install/agv_fleet_domains/lib/python3.12/site-packages/agv_fleet_domains-1.0.0-py3.12.egg-info/PKG-INFO
/home/hiep0247/hiep_ros2/install/agv_fleet_domains/lib/python3.12/site-packages/agv_fleet_domains-1.0.0-py3.12.egg-info/zip-safe
/home/hiep0247/hiep_ros2/install/agv_fleet_domains/lib/python3.12/site-packages/agv_fleet_domains-1.0.0-py3.12.egg-info/SOURCES.txt
/home/hiep0247/hiep_ros2/install/agv_fleet_domains/lib/python3.12/site-packages/agv_fleet_domains-1.0.0-py3.12.egg-info/top_level.txt
