[0.728s] Invoking command in '/home/hiep0247/hiep_ros2/build/hiep_robot2': DEBUGINFOD_URLS=https://debuginfod.ubuntu.com PYTHONPATH=/home/hiep0247/hiep_ros2/build/hiep_robot2/prefix_override:/usr/lib/python3/dist-packages/colcon_core/task/python/colcon_distutils_commands:/home/hiep0247/hiep_ros2/install/hiep_robot2/lib/python3.12/site-packages:${PYTHONPATH} /usr/bin/python3 -W ignore:setup.py install is deprecated -W ignore:easy_install command is deprecated setup.py develop --editable --build-directory /home/hiep0247/hiep_ros2/build/hiep_robot2/build --no-deps symlink_data
[0.928s] running develop
[1.032s] running egg_info
[1.032s] creating hiep_robot2.egg-info
[1.044s] writing hiep_robot2.egg-info/PKG-INFO
[1.044s] writing dependency_links to hiep_robot2.egg-info/dependency_links.txt
[1.044s] writing entry points to hiep_robot2.egg-info/entry_points.txt
[1.044s] writing requirements to hiep_robot2.egg-info/requires.txt
[1.044s] writing top-level names to hiep_robot2.egg-info/top_level.txt
[1.044s] writing manifest file 'hiep_robot2.egg-info/SOURCES.txt'
[1.067s] reading manifest file 'hiep_robot2.egg-info/SOURCES.txt'
[1.068s] writing manifest file 'hiep_robot2.egg-info/SOURCES.txt'
[1.079s] running build_ext
[1.079s] Creating /home/hiep0247/hiep_ros2/install/hiep_robot2/lib/python3.12/site-packages/hiep-robot2.egg-link (link to .)
[1.079s] Installing esp32_bridge_node script to /home/hiep0247/hiep_ros2/install/hiep_robot2/lib/hiep_robot2
[1.079s] Installing keya_driver_bridge_node script to /home/hiep0247/hiep_ros2/install/hiep_robot2/lib/hiep_robot2
[1.080s] 
[1.080s] Installed /home/hiep0247/hiep_ros2/build/hiep_robot2
[1.080s] running symlink_data
[1.080s] creating /home/hiep0247/hiep_ros2/install/hiep_robot2/share/ament_index
[1.080s] creating /home/hiep0247/hiep_ros2/install/hiep_robot2/share/ament_index/resource_index
[1.080s] creating /home/hiep0247/hiep_ros2/install/hiep_robot2/share/ament_index/resource_index/packages
[1.080s] symbolically linking /home/hiep0247/hiep_ros2/build/hiep_robot2/resource/hiep_robot2 -> /home/hiep0247/hiep_ros2/install/hiep_robot2/share/ament_index/resource_index/packages
[1.080s] symbolically linking /home/hiep0247/hiep_ros2/build/hiep_robot2/package.xml -> /home/hiep0247/hiep_ros2/install/hiep_robot2/share/hiep_robot2
[1.080s] creating /home/hiep0247/hiep_ros2/install/hiep_robot2/share/hiep_robot2/launch
[1.080s] symbolically linking /home/hiep0247/hiep_ros2/build/hiep_robot2/launch/hardware_selector.launch.py -> /home/hiep0247/hiep_ros2/install/hiep_robot2/share/hiep_robot2/launch
[1.080s] symbolically linking /home/hiep0247/hiep_ros2/build/hiep_robot2/launch/esp32_hardware.launch.py -> /home/hiep0247/hiep_ros2/install/hiep_robot2/share/hiep_robot2/launch
[1.080s] symbolically linking /home/hiep0247/hiep_ros2/build/hiep_robot2/launch/keya_hardware.launch.py -> /home/hiep0247/hiep_ros2/install/hiep_robot2/share/hiep_robot2/launch
[1.080s] creating /home/hiep0247/hiep_ros2/install/hiep_robot2/share/hiep_robot2/config
[1.080s] symbolically linking /home/hiep0247/hiep_ros2/build/hiep_robot2/config/keya_hardware.yaml -> /home/hiep0247/hiep_ros2/install/hiep_robot2/share/hiep_robot2/config
[1.080s] symbolically linking /home/hiep0247/hiep_ros2/build/hiep_robot2/config/esp32_hardware.yaml -> /home/hiep0247/hiep_ros2/install/hiep_robot2/share/hiep_robot2/config
[1.080s] creating /home/hiep0247/hiep_ros2/install/hiep_robot2/share/hiep_robot2/firmware
[1.080s] creating /home/hiep0247/hiep_ros2/install/hiep_robot2/share/hiep_robot2/firmware/agv_esp32
[1.080s] symbolically linking /home/hiep0247/hiep_ros2/build/hiep_robot2/firmware/agv_esp32/agv_esp32.ino -> /home/hiep0247/hiep_ros2/install/hiep_robot2/share/hiep_robot2/firmware/agv_esp32
[1.101s] Invoked command in '/home/hiep0247/hiep_ros2/build/hiep_robot2' returned '0': DEBUGINFOD_URLS=https://debuginfod.ubuntu.com PYTHONPATH=/home/hiep0247/hiep_ros2/build/hiep_robot2/prefix_override:/usr/lib/python3/dist-packages/colcon_core/task/python/colcon_distutils_commands:/home/hiep0247/hiep_ros2/install/hiep_robot2/lib/python3.12/site-packages:${PYTHONPATH} /usr/bin/python3 -W ignore:setup.py install is deprecated -W ignore:easy_install command is deprecated setup.py develop --editable --build-directory /home/hiep0247/hiep_ros2/build/hiep_robot2/build --no-deps symlink_data
