[2.395s] Invoking command in '/home/hiep0247/hiep_ros2/src/agv_hmi': DEBUGINFOD_URLS=https://debuginfod.ubuntu.com PYTHONPATH=/home/hiep0247/hiep_ros2/build/agv_hmi/prefix_override:/usr/lib/python3/dist-packages/colcon_core/task/python/colcon_distutils_commands:/home/hiep0247/hiep_ros2/install/agv_hmi/lib/python3.12/site-packages:${PYTHONPATH} /usr/bin/python3 -W ignore:setup.py install is deprecated -W ignore:easy_install command is deprecated setup.py egg_info --egg-base ../../build/agv_hmi build --build-base /home/hiep0247/hiep_ros2/build/agv_hmi/build install --record /home/hiep0247/hiep_ros2/build/agv_hmi/install.log --install-scripts $base/lib/agv_hmi --single-version-externally-managed install_data
[2.734s] running egg_info
[2.764s] writing ../../build/agv_hmi/agv_hmi.egg-info/PKG-INFO
[2.764s] writing dependency_links to ../../build/agv_hmi/agv_hmi.egg-info/dependency_links.txt
[2.764s] writing entry points to ../../build/agv_hmi/agv_hmi.egg-info/entry_points.txt
[2.764s] writing requirements to ../../build/agv_hmi/agv_hmi.egg-info/requires.txt
[2.764s] writing top-level names to ../../build/agv_hmi/agv_hmi.egg-info/top_level.txt
[2.807s] reading manifest file '../../build/agv_hmi/agv_hmi.egg-info/SOURCES.txt'
[2.807s] writing manifest file '../../build/agv_hmi/agv_hmi.egg-info/SOURCES.txt'
[2.807s] running build
[2.807s] running build_py
[2.808s] copying agv_hmi/ui/fleet_map_widget.py -> /home/hiep0247/hiep_ros2/build/agv_hmi/build/lib/agv_hmi/ui
[2.808s] running install
[2.813s] running install_lib
[2.826s] copying /home/hiep0247/hiep_ros2/build/agv_hmi/build/lib/agv_hmi/ros/ros_node.py -> /home/hiep0247/hiep_ros2/install/agv_hmi/lib/python3.12/site-packages/agv_hmi/ros
[2.827s] copying /home/hiep0247/hiep_ros2/build/agv_hmi/build/lib/agv_hmi/ui/fleet_map_widget.py -> /home/hiep0247/hiep_ros2/install/agv_hmi/lib/python3.12/site-packages/agv_hmi/ui
[2.828s] byte-compiling /home/hiep0247/hiep_ros2/install/agv_hmi/lib/python3.12/site-packages/agv_hmi/ros/ros_node.py to ros_node.cpython-312.pyc
[2.831s] byte-compiling /home/hiep0247/hiep_ros2/install/agv_hmi/lib/python3.12/site-packages/agv_hmi/ui/fleet_map_widget.py to fleet_map_widget.cpython-312.pyc
[2.835s] running install_data
[2.835s] running install_egg_info
[2.854s] removing '/home/hiep0247/hiep_ros2/install/agv_hmi/lib/python3.12/site-packages/agv_hmi-4.2.0-py3.12.egg-info' (and everything under it)
[2.854s] Copying ../../build/agv_hmi/agv_hmi.egg-info to /home/hiep0247/hiep_ros2/install/agv_hmi/lib/python3.12/site-packages/agv_hmi-4.2.0-py3.12.egg-info
[2.865s] running install_scripts
[3.042s] Installing hmi script to /home/hiep0247/hiep_ros2/install/agv_hmi/lib/agv_hmi
[3.042s] writing list of installed files to '/home/hiep0247/hiep_ros2/build/agv_hmi/install.log'
[3.095s] Invoked command in '/home/hiep0247/hiep_ros2/src/agv_hmi' returned '0': DEBUGINFOD_URLS=https://debuginfod.ubuntu.com PYTHONPATH=/home/hiep0247/hiep_ros2/build/agv_hmi/prefix_override:/usr/lib/python3/dist-packages/colcon_core/task/python/colcon_distutils_commands:/home/hiep0247/hiep_ros2/install/agv_hmi/lib/python3.12/site-packages:${PYTHONPATH} /usr/bin/python3 -W ignore:setup.py install is deprecated -W ignore:easy_install command is deprecated setup.py egg_info --egg-base ../../build/agv_hmi build --build-base /home/hiep0247/hiep_ros2/build/agv_hmi/build install --record /home/hiep0247/hiep_ros2/build/agv_hmi/install.log --install-scripts $base/lib/agv_hmi --single-version-externally-managed install_data
