[0.402s] Invoking command in '/home/hiep0247/hiep_ros2/build/mec_mobile_navigation': CMAKE_PREFIX_PATH=${CMAKE_PREFIX_PATH}:/home/hiep0247/hiep_ros2/install/hiep_robot2:/home/hiep0247/hiep_ros2/install/agv_hmi:/home/hiep0247/hiep_ros2/install/agv_fleet_domains:/home/hiep0247/hiep_ros2/install/agv_fleet:/opt/ros/jazzy DEBUGINFOD_URLS=https://debuginfod.ubuntu.com /usr/bin/cmake /home/hiep0247/hiep_ros2/src/mec_mobile_navigation -DCMAKE_INSTALL_PREFIX=/home/hiep0247/hiep_ros2/install/mec_mobile_navigation
[0.508s] -- The C compiler identification is GNU 13.3.0
[0.610s] -- The CXX compiler identification is GNU 13.3.0
[0.625s] -- Detecting C compiler ABI info
[0.714s] -- Detecting C compiler ABI info - done
[0.721s] -- Check for working C compiler: /usr/bin/cc - skipped
[0.722s] -- Detecting C compile features
[0.722s] -- Detecting C compile features - done
[0.730s] -- Detecting CXX compiler ABI info
[0.830s] -- Detecting CXX compiler ABI info - done
[0.841s] -- Check for working CXX compiler: /usr/bin/c++ - skipped
[0.841s] -- Detecting CXX compile features
[0.842s] -- Detecting CXX compile features - done
[0.853s] -- Found ament_cmake: 2.5.6 (/opt/ros/jazzy/share/ament_cmake/cmake)
[0.981s] -- Found Python3: /usr/bin/python3 (found version "3.12.3") found components: Interpreter 
[1.075s] -- Found rclpy: 7.1.11 (/opt/ros/jazzy/share/rclpy/cmake)
[1.157s] -- Found ament_lint_auto: 0.17.5 (/opt/ros/jazzy/share/ament_lint_auto/cmake)
[1.265s] -- Added test 'flake8' to check Python code syntax and style conventions
[1.265s] -- Configured 'flake8' exclude dirs and/or files: 
[1.265s] -- Added test 'lint_cmake' to check CMake code style
[1.266s] -- Added test 'pep257' to check Python code against some of the docstring style conventions in PEP 257
[1.267s] -- Added test 'xmllint' to check XML markup files
[1.269s] -- Configuring done (0.9s)
[1.271s] -- Generating done (0.0s)
[1.272s] -- Build files have been written to: /home/hiep0247/hiep_ros2/build/mec_mobile_navigation
[1.405s] Invoked command in '/home/hiep0247/hiep_ros2/build/mec_mobile_navigation' returned '0': CMAKE_PREFIX_PATH=${CMAKE_PREFIX_PATH}:/home/hiep0247/hiep_ros2/install/hiep_robot2:/home/hiep0247/hiep_ros2/install/agv_hmi:/home/hiep0247/hiep_ros2/install/agv_fleet_domains:/home/hiep0247/hiep_ros2/install/agv_fleet:/opt/ros/jazzy DEBUGINFOD_URLS=https://debuginfod.ubuntu.com /usr/bin/cmake /home/hiep0247/hiep_ros2/src/mec_mobile_navigation -DCMAKE_INSTALL_PREFIX=/home/hiep0247/hiep_ros2/install/mec_mobile_navigation
[1.405s] Invoking command in '/home/hiep0247/hiep_ros2/build/mec_mobile_navigation': CMAKE_PREFIX_PATH=${CMAKE_PREFIX_PATH}:/home/hiep0247/hiep_ros2/install/hiep_robot2:/home/hiep0247/hiep_ros2/install/agv_hmi:/home/hiep0247/hiep_ros2/install/agv_fleet_domains:/home/hiep0247/hiep_ros2/install/agv_fleet:/opt/ros/jazzy DEBUGINFOD_URLS=https://debuginfod.ubuntu.com /usr/bin/cmake --build /home/hiep0247/hiep_ros2/build/mec_mobile_navigation -- -j16 -l16
[1.450s] Built target ament_cmake_python_copy_mec_mobile_navigation
[1.602s] running egg_info
[1.602s] creating mec_mobile_navigation.egg-info
[1.614s] writing mec_mobile_navigation.egg-info/PKG-INFO
[1.614s] writing dependency_links to mec_mobile_navigation.egg-info/dependency_links.txt
[1.614s] writing top-level names to mec_mobile_navigation.egg-info/top_level.txt
[1.614s] writing manifest file 'mec_mobile_navigation.egg-info/SOURCES.txt'
[1.650s] reading manifest file 'mec_mobile_navigation.egg-info/SOURCES.txt'
[1.650s] writing manifest file 'mec_mobile_navigation.egg-info/SOURCES.txt'
[1.671s] Built target ament_cmake_python_build_mec_mobile_navigation_egg
[1.679s] Invoked command in '/home/hiep0247/hiep_ros2/build/mec_mobile_navigation' returned '0': CMAKE_PREFIX_PATH=${CMAKE_PREFIX_PATH}:/home/hiep0247/hiep_ros2/install/hiep_robot2:/home/hiep0247/hiep_ros2/install/agv_hmi:/home/hiep0247/hiep_ros2/install/agv_fleet_domains:/home/hiep0247/hiep_ros2/install/agv_fleet:/opt/ros/jazzy DEBUGINFOD_URLS=https://debuginfod.ubuntu.com /usr/bin/cmake --build /home/hiep0247/hiep_ros2/build/mec_mobile_navigation -- -j16 -l16
[1.680s] Invoking command in '/home/hiep0247/hiep_ros2/build/mec_mobile_navigation': CMAKE_PREFIX_PATH=${CMAKE_PREFIX_PATH}:/home/hiep0247/hiep_ros2/install/hiep_robot2:/home/hiep0247/hiep_ros2/install/agv_hmi:/home/hiep0247/hiep_ros2/install/agv_fleet_domains:/home/hiep0247/hiep_ros2/install/agv_fleet:/opt/ros/jazzy DEBUGINFOD_URLS=https://debuginfod.ubuntu.com /usr/bin/cmake --install /home/hiep0247/hiep_ros2/build/mec_mobile_navigation
[1.690s] -- Install configuration: ""
[1.690s] -- Installing: /home/hiep0247/hiep_ros2/install/mec_mobile_navigation/share/mec_mobile_navigation/environment/pythonpath.sh
[1.691s] -- Installing: /home/hiep0247/hiep_ros2/install/mec_mobile_navigation/share/mec_mobile_navigation/environment/pythonpath.dsv
[1.691s] -- Installing: /home/hiep0247/hiep_ros2/install/mec_mobile_navigation/lib/python3.12/site-packages/mec_mobile_navigation-0.0.0-py3.12.egg-info
[1.691s] -- Installing: /home/hiep0247/hiep_ros2/install/mec_mobile_navigation/lib/python3.12/site-packages/mec_mobile_navigation-0.0.0-py3.12.egg-info/dependency_links.txt
[1.691s] -- Installing: /home/hiep0247/hiep_ros2/install/mec_mobile_navigation/lib/python3.12/site-packages/mec_mobile_navigation-0.0.0-py3.12.egg-info/PKG-INFO
[1.691s] -- Installing: /home/hiep0247/hiep_ros2/install/mec_mobile_navigation/lib/python3.12/site-packages/mec_mobile_navigation-0.0.0-py3.12.egg-info/SOURCES.txt
[1.691s] -- Installing: /home/hiep0247/hiep_ros2/install/mec_mobile_navigation/lib/python3.12/site-packages/mec_mobile_navigation-0.0.0-py3.12.egg-info/top_level.txt
[1.691s] -- Installing: /home/hiep0247/hiep_ros2/install/mec_mobile_navigation/lib/python3.12/site-packages/mec_mobile_navigation
[1.691s] -- Installing: /home/hiep0247/hiep_ros2/install/mec_mobile_navigation/lib/python3.12/site-packages/mec_mobile_navigation/laser_merger_node.py
[1.691s] -- Installing: /home/hiep0247/hiep_ros2/install/mec_mobile_navigation/lib/python3.12/site-packages/mec_mobile_navigation/__init__.py
[1.730s] Listing '/home/hiep0247/hiep_ros2/install/mec_mobile_navigation/lib/python3.12/site-packages/mec_mobile_navigation'...
[1.731s] Compiling '/home/hiep0247/hiep_ros2/install/mec_mobile_navigation/lib/python3.12/site-packages/mec_mobile_navigation/__init__.py'...
[1.731s] Compiling '/home/hiep0247/hiep_ros2/install/mec_mobile_navigation/lib/python3.12/site-packages/mec_mobile_navigation/laser_merger_node.py'...
[1.735s] -- Installing: /home/hiep0247/hiep_ros2/install/mec_mobile_navigation/lib/mec_mobile_navigation/laser_merger_node.py
[1.736s] -- Installing: /home/hiep0247/hiep_ros2/install/mec_mobile_navigation/share/mec_mobile_navigation/launch
[1.736s] -- Installing: /home/hiep0247/hiep_ros2/install/mec_mobile_navigation/share/mec_mobile_navigation/launch/navigation_amcl.launch.py
[1.736s] -- Installing: /home/hiep0247/hiep_ros2/install/mec_mobile_navigation/share/mec_mobile_navigation/launch/mapping.launch.py
[1.736s] -- Installing: /home/hiep0247/hiep_ros2/install/mec_mobile_navigation/share/mec_mobile_navigation/launch/navigation.launch.py
[1.736s] -- Installing: /home/hiep0247/hiep_ros2/install/mec_mobile_navigation/share/mec_mobile_navigation/launch/mapping_bckup.launch.py
[1.736s] -- Installing: /home/hiep0247/hiep_ros2/install/mec_mobile_navigation/share/mec_mobile_navigation/launch/spawn_robot_navigation.launch.py
[1.736s] -- Installing: /home/hiep0247/hiep_ros2/install/mec_mobile_navigation/share/mec_mobile_navigation/launch/navigation_bckup_260630.launch.py
[1.736s] -- Installing: /home/hiep0247/hiep_ros2/install/mec_mobile_navigation/share/mec_mobile_navigation/launch/localization.launch.py
[1.736s] -- Installing: /home/hiep0247/hiep_ros2/install/mec_mobile_navigation/share/mec_mobile_navigation/config
[1.736s] -- Installing: /home/hiep0247/hiep_ros2/install/mec_mobile_navigation/share/mec_mobile_navigation/config/gz_bridge.yaml
[1.736s] -- Installing: /home/hiep0247/hiep_ros2/install/mec_mobile_navigation/share/mec_mobile_navigation/config/ekf.yaml
[1.736s] -- Installing: /home/hiep0247/hiep_ros2/install/mec_mobile_navigation/share/mec_mobile_navigation/config/amcl_localization.yaml
[1.737s] -- Installing: /home/hiep0247/hiep_ros2/install/mec_mobile_navigation/share/mec_mobile_navigation/config/slam_toolbox_mapping.yaml
[1.737s] -- Installing: /home/hiep0247/hiep_ros2/install/mec_mobile_navigation/share/mec_mobile_navigation/config/slam_toolbox_mapping_bckup260527.yaml
[1.737s] -- Installing: /home/hiep0247/hiep_ros2/install/mec_mobile_navigation/share/mec_mobile_navigation/config/navigation.yaml
[1.737s] -- Installing: /home/hiep0247/hiep_ros2/install/mec_mobile_navigation/share/mec_mobile_navigation/config/amcl_localization_ekf.yaml
[1.737s] -- Installing: /home/hiep0247/hiep_ros2/install/mec_mobile_navigation/share/mec_mobile_navigation/config/slam_toolbox_localization.yaml
[1.738s] -- Installing: /home/hiep0247/hiep_ros2/install/mec_mobile_navigation/share/mec_mobile_navigation/config/navigation_ekf.yaml
[1.738s] -- Installing: /home/hiep0247/hiep_ros2/install/mec_mobile_navigation/share/mec_mobile_navigation/rviz
[1.738s] -- Installing: /home/hiep0247/hiep_ros2/install/mec_mobile_navigation/share/mec_mobile_navigation/rviz/localization.rviz
[1.738s] -- Installing: /home/hiep0247/hiep_ros2/install/mec_mobile_navigation/share/mec_mobile_navigation/rviz/navigation.rviz
[1.739s] -- Installing: /home/hiep0247/hiep_ros2/install/mec_mobile_navigation/share/mec_mobile_navigation/rviz/mapping.rviz
[1.739s] -- Installing: /home/hiep0247/hiep_ros2/install/mec_mobile_navigation/share/mec_mobile_navigation/rviz/navigation_amcl.rviz
[1.739s] -- Installing: /home/hiep0247/hiep_ros2/install/mec_mobile_navigation/share/mec_mobile_navigation/maps
[1.739s] -- Installing: /home/hiep0247/hiep_ros2/install/mec_mobile_navigation/share/mec_mobile_navigation/maps/my_map.yaml
[1.739s] -- Installing: /home/hiep0247/hiep_ros2/install/mec_mobile_navigation/share/mec_mobile_navigation/maps/my_map.pgm
[1.740s] -- Installing: /home/hiep0247/hiep_ros2/install/mec_mobile_navigation/share/ament_index/resource_index/package_run_dependencies/mec_mobile_navigation
[1.741s] -- Installing: /home/hiep0247/hiep_ros2/install/mec_mobile_navigation/share/ament_index/resource_index/parent_prefix_path/mec_mobile_navigation
[1.741s] -- Installing: /home/hiep0247/hiep_ros2/install/mec_mobile_navigation/share/mec_mobile_navigation/environment/ament_prefix_path.sh
[1.741s] -- Installing: /home/hiep0247/hiep_ros2/install/mec_mobile_navigation/share/mec_mobile_navigation/environment/ament_prefix_path.dsv
[1.741s] -- Installing: /home/hiep0247/hiep_ros2/install/mec_mobile_navigation/share/mec_mobile_navigation/environment/path.sh
[1.741s] -- Installing: /home/hiep0247/hiep_ros2/install/mec_mobile_navigation/share/mec_mobile_navigation/environment/path.dsv
[1.741s] -- Installing: /home/hiep0247/hiep_ros2/install/mec_mobile_navigation/share/mec_mobile_navigation/local_setup.bash
[1.741s] -- Installing: /home/hiep0247/hiep_ros2/install/mec_mobile_navigation/share/mec_mobile_navigation/local_setup.sh
[1.741s] -- Installing: /home/hiep0247/hiep_ros2/install/mec_mobile_navigation/share/mec_mobile_navigation/local_setup.zsh
[1.741s] -- Installing: /home/hiep0247/hiep_ros2/install/mec_mobile_navigation/share/mec_mobile_navigation/local_setup.dsv
[1.741s] -- Installing: /home/hiep0247/hiep_ros2/install/mec_mobile_navigation/share/mec_mobile_navigation/package.dsv
[1.742s] -- Installing: /home/hiep0247/hiep_ros2/install/mec_mobile_navigation/share/ament_index/resource_index/packages/mec_mobile_navigation
[1.742s] -- Installing: /home/hiep0247/hiep_ros2/install/mec_mobile_navigation/share/mec_mobile_navigation/cmake/mec_mobile_navigationConfig.cmake
[1.742s] -- Installing: /home/hiep0247/hiep_ros2/install/mec_mobile_navigation/share/mec_mobile_navigation/cmake/mec_mobile_navigationConfig-version.cmake
[1.742s] -- Installing: /home/hiep0247/hiep_ros2/install/mec_mobile_navigation/share/mec_mobile_navigation/package.xml
[1.743s] Invoked command in '/home/hiep0247/hiep_ros2/build/mec_mobile_navigation' returned '0': CMAKE_PREFIX_PATH=${CMAKE_PREFIX_PATH}:/home/hiep0247/hiep_ros2/install/hiep_robot2:/home/hiep0247/hiep_ros2/install/agv_hmi:/home/hiep0247/hiep_ros2/install/agv_fleet_domains:/home/hiep0247/hiep_ros2/install/agv_fleet:/opt/ros/jazzy DEBUGINFOD_URLS=https://debuginfod.ubuntu.com /usr/bin/cmake --install /home/hiep0247/hiep_ros2/build/mec_mobile_navigation
