[0.595s] Invoking command in '/home/hiep0247/hiep_ros2/src/agv_hmi': DEBUGINFOD_URLS=https://debuginfod.ubuntu.com PYTHONPATH=/home/hiep0247/hiep_ros2/build/agv_hmi/prefix_override:/usr/lib/python3/dist-packages/colcon_core/task/python/colcon_distutils_commands:/home/hiep0247/hiep_ros2/install/agv_hmi/lib/python3.12/site-packages:${PYTHONPATH} /usr/bin/python3 -W ignore:setup.py install is deprecated -W ignore:easy_install command is deprecated setup.py egg_info --egg-base ../../build/agv_hmi build --build-base /home/hiep0247/hiep_ros2/build/agv_hmi/build install --record /home/hiep0247/hiep_ros2/build/agv_hmi/install.log --single-version-externally-managed install_data
[0.786s] running egg_info
[0.799s] writing ../../build/agv_hmi/agv_hmi.egg-info/PKG-INFO
[0.799s] writing dependency_links to ../../build/agv_hmi/agv_hmi.egg-info/dependency_links.txt
[0.799s] writing entry points to ../../build/agv_hmi/agv_hmi.egg-info/entry_points.txt
[0.799s] writing requirements to ../../build/agv_hmi/agv_hmi.egg-info/requires.txt
[0.799s] writing top-level names to ../../build/agv_hmi/agv_hmi.egg-info/top_level.txt
[0.828s] reading manifest file '../../build/agv_hmi/agv_hmi.egg-info/SOURCES.txt'
[0.829s] writing manifest file '../../build/agv_hmi/agv_hmi.egg-info/SOURCES.txt'
[0.829s] running build
[0.829s] running build_py
[0.830s] running install
[0.835s] running install_lib
[0.851s] running install_data
[0.851s] running install_egg_info
[0.866s] removing '/home/hiep0247/hiep_ros2/install/agv_hmi/lib/python3.12/site-packages/agv_hmi-4.0.0-py3.12.egg-info' (and everything under it)
[0.866s] Copying ../../build/agv_hmi/agv_hmi.egg-info to /home/hiep0247/hiep_ros2/install/agv_hmi/lib/python3.12/site-packages/agv_hmi-4.0.0-py3.12.egg-info
[0.866s] running install_scripts
[0.961s] Installing hmi script to /home/hiep0247/hiep_ros2/install/agv_hmi/lib/agv_hmi
[0.962s] writing list of installed files to '/home/hiep0247/hiep_ros2/build/agv_hmi/install.log'
[0.983s] Invoked command in '/home/hiep0247/hiep_ros2/src/agv_hmi' returned '0': DEBUGINFOD_URLS=https://debuginfod.ubuntu.com PYTHONPATH=/home/hiep0247/hiep_ros2/build/agv_hmi/prefix_override:/usr/lib/python3/dist-packages/colcon_core/task/python/colcon_distutils_commands:/home/hiep0247/hiep_ros2/install/agv_hmi/lib/python3.12/site-packages:${PYTHONPATH} /usr/bin/python3 -W ignore:setup.py install is deprecated -W ignore:easy_install command is deprecated setup.py egg_info --egg-base ../../build/agv_hmi build --build-base /home/hiep0247/hiep_ros2/build/agv_hmi/build install --record /home/hiep0247/hiep_ros2/build/agv_hmi/install.log --single-version-externally-managed install_data
