[0.580s] Invoking command in '/home/hiep0247/hiep_ros2/src/agv_hmi': DEBUGINFOD_URLS=https://debuginfod.ubuntu.com PYTHONPATH=/home/hiep0247/hiep_ros2/build/agv_hmi/prefix_override:/usr/lib/python3/dist-packages/colcon_core/task/python/colcon_distutils_commands:/home/hiep0247/hiep_ros2/install/agv_hmi/lib/python3.12/site-packages:${PYTHONPATH} /usr/bin/python3 -W ignore:setup.py install is deprecated -W ignore:easy_install command is deprecated setup.py egg_info --egg-base ../../build/agv_hmi build --build-base /home/hiep0247/hiep_ros2/build/agv_hmi/build install --record /home/hiep0247/hiep_ros2/build/agv_hmi/install.log --single-version-externally-managed install_data
[0.768s] running egg_info
[0.782s] writing ../../build/agv_hmi/agv_hmi.egg-info/PKG-INFO
[0.782s] writing dependency_links to ../../build/agv_hmi/agv_hmi.egg-info/dependency_links.txt
[0.782s] writing entry points to ../../build/agv_hmi/agv_hmi.egg-info/entry_points.txt
[0.782s] writing requirements to ../../build/agv_hmi/agv_hmi.egg-info/requires.txt
[0.782s] writing top-level names to ../../build/agv_hmi/agv_hmi.egg-info/top_level.txt
[0.812s] reading manifest file '../../build/agv_hmi/agv_hmi.egg-info/SOURCES.txt'
[0.812s] writing manifest file '../../build/agv_hmi/agv_hmi.egg-info/SOURCES.txt'
[0.813s] running build
[0.813s] running build_py
[0.813s] copying agv_hmi/ui/routes_page.py -> /home/hiep0247/hiep_ros2/build/agv_hmi/build/lib/agv_hmi/ui
[0.814s] running install
[0.819s] running install_lib
[0.834s] copying /home/hiep0247/hiep_ros2/build/agv_hmi/build/lib/agv_hmi/ui/routes_page.py -> /home/hiep0247/hiep_ros2/install/agv_hmi/lib/python3.12/site-packages/agv_hmi/ui
[0.835s] byte-compiling /home/hiep0247/hiep_ros2/install/agv_hmi/lib/python3.12/site-packages/agv_hmi/ui/routes_page.py to routes_page.cpython-312.pyc
[0.841s] running install_data
[0.841s] running install_egg_info
[0.856s] removing '/home/hiep0247/hiep_ros2/install/agv_hmi/lib/python3.12/site-packages/agv_hmi-4.0.0-py3.12.egg-info' (and everything under it)
[0.856s] Copying ../../build/agv_hmi/agv_hmi.egg-info to /home/hiep0247/hiep_ros2/install/agv_hmi/lib/python3.12/site-packages/agv_hmi-4.0.0-py3.12.egg-info
[0.857s] running install_scripts
[0.952s] Installing hmi script to /home/hiep0247/hiep_ros2/install/agv_hmi/lib/agv_hmi
[0.952s] writing list of installed files to '/home/hiep0247/hiep_ros2/build/agv_hmi/install.log'
[0.972s] Invoked command in '/home/hiep0247/hiep_ros2/src/agv_hmi' returned '0': DEBUGINFOD_URLS=https://debuginfod.ubuntu.com PYTHONPATH=/home/hiep0247/hiep_ros2/build/agv_hmi/prefix_override:/usr/lib/python3/dist-packages/colcon_core/task/python/colcon_distutils_commands:/home/hiep0247/hiep_ros2/install/agv_hmi/lib/python3.12/site-packages:${PYTHONPATH} /usr/bin/python3 -W ignore:setup.py install is deprecated -W ignore:easy_install command is deprecated setup.py egg_info --egg-base ../../build/agv_hmi build --build-base /home/hiep0247/hiep_ros2/build/agv_hmi/build install --record /home/hiep0247/hiep_ros2/build/agv_hmi/install.log --single-version-externally-managed install_data
