running develop
running egg_info
creating agv_hmi.egg-info
writing agv_hmi.egg-info/PKG-INFO
writing dependency_links to agv_hmi.egg-info/dependency_links.txt
writing entry points to agv_hmi.egg-info/entry_points.txt
writing requirements to agv_hmi.egg-info/requires.txt
writing top-level names to agv_hmi.egg-info/top_level.txt
writing manifest file 'agv_hmi.egg-info/SOURCES.txt'
reading manifest file 'agv_hmi.egg-info/SOURCES.txt'
writing manifest file 'agv_hmi.egg-info/SOURCES.txt'
running build_ext
Creating /home/hiep0247/hiep_ros2/src/agv_hmi/install/agv_hmi/lib/python3.12/site-packages/agv-hmi.egg-link (link to .)
Installing hmi script to /home/hiep0247/hiep_ros2/src/agv_hmi/install/agv_hmi/lib/agv_hmi

Installed /home/hiep0247/hiep_ros2/src/agv_hmi/build/agv_hmi
running symlink_data
creating /home/hiep0247/hiep_ros2/src/agv_hmi/install/agv_hmi/share/ament_index
creating /home/hiep0247/hiep_ros2/src/agv_hmi/install/agv_hmi/share/ament_index/resource_index
creating /home/hiep0247/hiep_ros2/src/agv_hmi/install/agv_hmi/share/ament_index/resource_index/packages
symbolically linking /home/hiep0247/hiep_ros2/src/agv_hmi/build/agv_hmi/resource/agv_hmi -> /home/hiep0247/hiep_ros2/src/agv_hmi/install/agv_hmi/share/ament_index/resource_index/packages
symbolically linking /home/hiep0247/hiep_ros2/src/agv_hmi/build/agv_hmi/package.xml -> /home/hiep0247/hiep_ros2/src/agv_hmi/install/agv_hmi/share/agv_hmi
